123.101.253.83 - huiyouzhuanyong@163.com [24/Dec/2014:12:28:51 +0800] "GET /shops/listgroupsale?version=3&salefilter[lat]=34.76064&salefilter[lng]=113.664 HTTP/1.1" 200 30 "-" "yiqichang/2.3.4 (iPhone; iOS 6.1.2; Scale/2.00)" "-""0.106"
123.101.253.83 - huiyouzhuanyong@163.com [24/Dec/2014:12:28:51 +0800] "GET /shops/delay?version=2&shopfilter[appver]=2.3.4&shopfilter[distance]=50000&shopfilter[keyword]=&shopfilter[lat]=34.76064&shopfilter[lng]=113.664&shopfilter[ordertype]=&shopfilter[uid]=146940 HTTP/1.1" 200 29539 "-" "yiqichang/2.3.4 (iPhone; iOS 6.1.2; Scale/2.00)" "-""0.288"
223.104.6.29 - 274057594@qq.com [24/Dec/2014:12:28:52 +0800] "GET /users/messages?version=2 HTTP/1.1" 200 118 "-" "yiqichang/2.2.1 (iPhone; iOS 6.0.1; Scale/2.00)" "-""0.013"
223.104.6.29 - 274057594@qq.com [24/Dec/2014:12:28:52 +0800] "GET /users/messages?version=2 HTTP/1.1" 200 118 "-" "yiqichang/2.2.1 (iPhone; iOS 6.0.1; Scale/2.00)" "-""0.012"
116.25.144.79 - - [24/Dec/2014:12:29:36 +0800] "GET /gameinfo?nonce=guangtou&signature=c3684bbc333b067b7dd9d18d639d0b2bf14641bb&timestamp=1419395255 HTTP/1.1" 200 43389 "-" "WhoisSpy/1.1.0 (iPhone; iOS 5.0.1; Scale/2.00)" "-""0.018"
192.168.122.1 - - [24/Dec/2014:12:30:01 +0800] "GET / HTTP/1.1" 200 39 "-" "check_http/v2.0.3 (nagios-plugins 2.0.3)" "-""0.010"
223.104.20.161 - - [24/Dec/2014:12:31:31 +0800] "POST /login/qq HTTP/1.1" 200 27 "-" "yiqichang/2.3.4 (iPhone; iOS 5.1.1; Scale/2.00)" "-""0.034"
211.97.129.137 - 598528523@qq.com [24/Dec/2014:12:32:45 +0800] "GET /users/messages?version=2 HTTP/1.1" 200 705 "-" "yiqichang/2.2.0 (iPad; iOS 6.1.2; Scale/1.00)" "-""0.079"
211.97.129.137 - 598528523@qq.com [24/Dec/2014:12:32:47 +0800] "GET /users/messages?version=2 HTTP/1.1" 200 705 "-" "yiqichang/2.2.0 (iPad; iOS 6.1.2; Scale/1.00)" "-""0.080"
211.97.129.137 - 598528523@qq.com [24/Dec/2014:12:32:49 +0800] "GET /users/messages?version=2 HTTP/1.1" 200 705 "-" "yiqichang/2.2.0 (iPad; iOS 6.1.2; Scale/1.00)" "-""0.085"
211.97.129.137 - 598528523@qq.com [24/Dec/2014:12:32:51 +0800] "GET /users/messages?version=2 HTTP/1.1" 200 705 "-" "yiqichang/2.2.0 (iPad; iOS 6.1.2; Scale/1.00)" "-""0.081"
192.168.122.1 - - [24/Dec/2014:12:33:01 +0800] "GET / HTTP/1.1" 200 39 "-" "check_http/v2.0.3 (nagios-plugins 2.0.3)" "-""0.009"
223.104.6.29 - 274057594@qq.com [24/Dec/2014:12:34:59 +0800] "GET /users/messages?version=2 HTTP/1.1" 200 118 "-" "yiqichang/2.2.1 (iPhone; iOS 6.0.1; Scale/2.00)" "-""0.014"
223.104.6.29 - 274057594@qq.com [24/Dec/2014:12:35:00 +0800] "GET /users/messages?version=2 HTTP/1.1" 200 118 "-" "yiqichang/2.2.1 (iPhone; iOS 6.0.1; Scale/2.00)" "-""0.012"
223.104.6.29 - 274057594@qq.com [24/Dec/2014:12:35:00 +0800] "GET /users/messages?version=2 HTTP/1.1" 200 118 "-" "yiqichang/2.2.1 (iPhone; iOS 6.0.1; Scale/2.00)" "-""0.013"
14.29.91.196 - weawdh@163.com [24/Dec/2014:12:35:46 +0800] "GET /shops/push HTTP/1.1" 200 22 "-" "yiqichang/2.3.4 (iPod touch; iOS 6.0.1; Scale/2.00)" "-""0.079"
14.29.91.196 - weawdh@163.com [24/Dec/2014:12:35:50 +0800] "PUT /users/devicesToken HTTP/1.1" 200 33 "-" "yiqichang/2.3.4 (iPod touch; iOS 6.0.1; Scale/2.00)" "-""0.098"
192.168.122.1 - - [24/Dec/2014:12:36:01 +0800] "GET / HTTP/1.1" 200 39 "-" "check_http/v2.0.3 (nagios-plugins 2.0.3)" "-""0.010"
112.224.17.167 - 951599248@qq.com [24/Dec/2014:12:36:01 +0800] "GET /users/messages?version=2 HTTP/1.1" 200 238 "-" "yiqichang/2.2.1 (iPhone; iOS 6.0.1; Scale/2.00)" "-""0.083"
123.166.122.54 - - [24/Dec/2014:12:36:37 +0800] "GET /systeminfo?nonce=guangtou&signature=093492eaa9d76d8c4af0518a38885c5b9973e472&timestamp=1419395761 HTTP/1.1" 200 25353 "-" "WirelessSong-order/1020.2 (iPhone; iOS 8.1.2; Scale/2.00)" "-""0.017"
123.166.122.54 - - [24/Dec/2014:12:36:37 +0800] "GET /systeminfo?nonce=guangtou&signature=e75a5c7c4d0c4e0b043e5aeb16c965aee75db66a&timestamp=1419395762 HTTP/1.1" 200 25353 "-" "WirelessSong-order/1020.2 (iPhone; iOS 8.1.2; Scale/2.00)" "-""0.020"
123.166.122.54 - - [24/Dec/2014:12:36:38 +0800] "GET /shops/list?shopfilter[appver]=3.0.4&shopfilter[city]=%E4%B8%8A%E6%B5%B7&shopfilter[distance]=50000&shopfilter[lat]=31.2103&shopfilter[lng]=121.4525&shopfilter[ordertype]=&shopfilter[page]=0&version=3 HTTP/1.1" 200 21457 "-" "WirelessSong-order/1020.2 (iPhone; iOS 8.1.2; Scale/2.00)" "-""0.095"
123.166.122.54 - - [24/Dec/2014:12:36:55 +0800] "GET /citys?order=1 HTTP/1.1" 200 2744 "-" "WirelessSong-order/1020.2 (iPhone; iOS 8.1.2; Scale/2.00)" "-""0.020"
123.166.122.54 - - [24/Dec/2014:12:36:57 +0800] "GET /shops/list?shopfilter[appver]=3.0.4&shopfilter[city]=%E9%BB%91%E9%BE%99%E6%B1%9F%E7%9C%81&shopfilter[distance]=50000&shopfilter[lat]=45.74962820942825&shopfilter[lng]=126.7080098902737&shopfilter[ordertype]=&shopfilter[page]=0&version=3 HTTP/1.1" 200 72 "-" "WirelessSong-order/1020.2 (iPhone; iOS 8.1.2; Scale/2.00)" "-""0.015"
123.166.122.54 - - [24/Dec/2014:12:37:01 +0800] "GET /citys?order=1 HTTP/1.1" 200 2744 "-" "WirelessSong-order/1020.2 (iPhone; iOS 8.1.2; Scale/2.00)" "-""0.021"
123.166.122.54 - - [24/Dec/2014:12:37:07 +0800] "GET /shops/list?shopfilter[appver]=3.0.4&shopfilter[city]=%E5%93%88%E5%B0%94%E6%BB%A8&shopfilter[distance]=50000&shopfilter[lat]=45.74955042130568&shopfilter[lng]=126.7080699276761&shopfilter[ordertype]=&shopfilter[page]=0&version=3 HTTP/1.1" 200 20207 "-" "WirelessSong-order/1020.2 (iPhone; iOS 8.1.2; Scale/2.00)" "-""0.105"
123.166.122.54 - - [24/Dec/2014:12:37:49 +0800] "GET /shops/list?shopfilter[appver]=3.0.4&shopfilter[city]=%E5%93%88%E5%B0%94%E6%BB%A8&shopfilter[distance]=50000&shopfilter[lat]=45.74955042130568&shopfilter[lng]=126.7080699276761&shopfilter[ordertype]=&shopfilter[page]=1&version=3 HTTP/1.1" 200 20073 "-" "WirelessSong-order/1020.2 (iPhone; iOS 8.1.2; Scale/2.00)" "-""0.107"
123.166.122.54 - - [24/Dec/2014:12:37:57 +0800] "GET /findactivity?page=0 HTTP/1.1" 200 7112 "-" "WirelessSong-order/1020.2 (iPhone; iOS 8.1.2; Scale/2.00)" "-""0.018"
123.166.122.54 - - [24/Dec/2014:12:38:29 +0800] "GET /findactivity?page=0 HTTP/1.1" 200 7112 "-" "WirelessSong-order/1020.2 (iPhone; iOS 8.1.2; Scale/2.00)" "-""0.020"
123.166.122.54 - - [24/Dec/2014:12:38:43 +0800] "GET /shops/list?shopfilter[appver]=3.0.4&shopfilter[city]=%E5%93%88%E5%B0%94%E6%BB%A8&shopfilter[distance]=50000&shopfilter[lat]=45.74955042130568&shopfilter[lng]=126.7080699276761&shopfilter[ordertype]=&shopfilter[page]=2&version=3 HTTP/1.1" 200 20451 "-" "WirelessSong-order/1020.2 (iPhone; iOS 8.1.2; Scale/2.00)" "-""0.102"
123.166.122.54 - - [24/Dec/2014:12:38:44 +0800] "GET /findactivity?page=0 HTTP/1.1" 200 7112 "-" "WirelessSong-order/1020.2 (iPhone; iOS 8.1.2; Scale/2.00)" "-""0.020"
192.168.122.1 - - [24/Dec/2014:12:39:01 +0800] "GET / HTTP/1.1" 200 39 "-" "check_http/v2.0.3 (nagios-plugins 2.0.3)" "-""0.010"
123.166.122.54 - - [24/Dec/2014:12:39:05 +0800] "GET /findactivity?page=1 HTTP/1.1" 200 7241 "-" "WirelessSong-order/1020.2 (iPhone; iOS 8.1.2; Scale/2.00)" "-""0.022"
219.133.80.137 - - [24/Dec/2014:12:41:15 +0800] "POST /login/qq HTTP/1.1" 200 27 "-" "yiqichang/2.3.4 (iPhone; iOS 5.1.1; Scale/2.00)" "-""0.013"
223.104.20.168 - 516244784@qq.com [24/Dec/2014:12:41:35 +0800] "PUT /users/devicesToken HTTP/1.1" 200 33 "-" "yiqichang/2.3.4 (iPhone; iOS 5.1.1; Scale/2.00)" "-""0.129"
223.104.20.168 - 516244784@qq.com [24/Dec/2014:12:41:35 +0800] "GET /users/153714?appver=2.3.4 HTTP/1.1" 200 751 "-" "yiqichang/2.3.4 (iPhone; iOS 5.1.1; Scale/2.00)" "-""0.156"
223.104.20.168 - 516244784@qq.com [24/Dec/2014:12:41:35 +0800] "GET /shops/push HTTP/1.1" 200 22 "-" "yiqichang/2.3.4 (iPhone; iOS 5.1.1; Scale/2.00)" "-""0.079"
223.104.20.168 - 516244784@qq.com [24/Dec/2014:12:41:35 +0800] "GET /shops/delay?version=2&shopfilter[appver]=2.3.4&shopfilter[distance]=50000&shopfilter[keyword]=&shopfilter[lat]=30.04821&shopfilter[lng]=112.1352&shopfilter[ordertype]=&shopfilter[uid]=153714 HTTP/1.1" 200 15999 "-" "yiqichang/2.3.4 (iPhone; iOS 5.1.1; Scale/2.00)" "-""0.084"
223.104.20.168 - 516244784@qq.com [24/Dec/2014:12:41:36 +0800] "GET /shops/listgroupsale?version=3&salefilter[lat]=30.04821&salefilter[lng]=112.1352 HTTP/1.1" 200 30 "-" "yiqichang/2.3.4 (iPhone; iOS 5.1.1; Scale/2.00)" "-""0.081"
192.168.122.1 - - [24/Dec/2014:12:42:01 +0800] "GET / HTTP/1.1" 200 39 "-" "check_http/v2.0.3 (nagios-plugins 2.0.3)" "-""0.009"
61.135.194.82 - 83091990@qq.com [24/Dec/2014:12:42:13 +0800] "GET /users/messages?version=2 HTTP/1.1" 200 68 "-" "yiqichang/2.2.0 (iPhone; iOS 5.1; Scale/2.00)" "-""0.083"
61.135.194.82 - 83091990@qq.com [24/Dec/2014:12:42:14 +0800] "GET /users/messages?version=2 HTTP/1.1" 200 68 "-" "yiqichang/2.2.0 (iPhone; iOS 5.1; Scale/2.00)" "-""0.078"
219.133.80.137 - - [24/Dec/2014:12:43:59 +0800] "POST /users/new HTTP/1.1" 200 1047 "-" "yiqichang/2.3.4 (iPhone; iOS 5.1.1; Scale/2.00)" "-""2.335"
219.133.80.137 - 909383557@qq.com [24/Dec/2014:12:43:59 +0800] "GET /users/153735?appver=2.3.4 HTTP/1.1" 200 761 "-" "yiqichang/2.3.4 (iPhone; iOS 5.1.1; Scale/2.00)" "-""0.051"
219.133.80.137 - 909383557@qq.com [24/Dec/2014:12:44:00 +0800] "POST /adv/limei HTTP/1.1" 200 33 "-" "yiqichang/2.3.4 (iPhone; iOS 5.1.1; Scale/2.00)" "-""0.080"
219.133.80.137 - 909383557@qq.com [24/Dec/2014:12:44:02 +0800] "GET /systeminfo?nonce=guangtou&signature=d9537f87022a7862d38501be07af4b282bbf5444&timestamp=1419396205 HTTP/1.1" 200 25353 "-" "yiqichang/2.3.4 (iPhone; iOS 5.1.1; Scale/2.00)" "-""0.017"
219.133.80.137 - 909383557@qq.com [24/Dec/2014:12:44:03 +0800] "GET /notify?version=2.3.4 HTTP/1.1" 200 24 "-" "yiqichang/2.3.4 (iPhone; iOS 5.1.1; Scale/2.00)" "-""0.090"
219.133.80.137 - 909383557@qq.com [24/Dec/2014:12:44:03 +0800] "GET /activitys?activityfilter[lat]=22.67351&activityfilter[lng]=113.8164&activityfilter[ordertype]=&activityfilter[timefilter]=all HTTP/1.1" 200 72 "-" "yiqichang/2.3.4 (iPhone; iOS 5.1.1; Scale/2.00)" "-""0.080"
219.133.80.137 - 909383557@qq.com [24/Dec/2014:12:44:03 +0800] "GET /users/friend HTTP/1.1" 200 25 "-" "yiqichang/2.3.4 (iPhone; iOS 5.1.1; Scale/2.00)" "-""0.095"
219.133.80.137 - 909383557@qq.com [24/Dec/2014:12:44:03 +0800] "GET /users/authInfo HTTP/1.1" 200 253 "-" "yiqichang/2.3.4 (iPhone; iOS 5.1.1; Scale/2.00)" "-""0.139"
219.133.80.137 - 909383557@qq.com [24/Dec/2014:12:44:03 +0800] "GET /shops/delay?version=2&shopfilter[appver]=2.3.4&shopfilter[distance]=50000&shopfilter[keyword]=&shopfilter[lat]=22.67351&shopfilter[lng]=113.8164&shopfilter[ordertype]=&shopfilter[uid]=153735 HTTP/1.1" 200 36268 "-" "yiqichang/2.3.4 (iPhone; iOS 5.1.1; Scale/2.00)" "-""0.561"
219.133.80.137 - 909383557@qq.com [24/Dec/2014:12:44:04 +0800] "GET /shops/listgroupsale?version=3&salefilter[lat]=22.67351&salefilter[lng]=113.8164 HTTP/1.1" 200 25051 "-" "yiqichang/2.3.4 (iPhone; iOS 5.1.1; Scale/2.00)" "-""0.224"
219.133.80.137 - 909383557@qq.com [24/Dec/2014:12:44:31 +0800] "GET /shops/delay?version=2&shopfilter[appver]=2.3.4&shopfilter[distance]=50000&shopfilter[hash]=ws0&shopfilter[keyword]=&shopfilter[lat]=22.67351&shopfilter[lng]=113.8164&shopfilter[offset]=30&shopfilter[ordertype]=&shopfilter[uid]=153735 HTTP/1.1" 200 40616 "-" "yiqichang/2.3.4 (iPhone; iOS 5.1.1; Scale/2.00)" "-""0.518"
112.224.17.167 - 951599248@qq.com [24/Dec/2014:12:44:49 +0800] "GET /users/messages?version=2 HTTP/1.1" 200 238 "-" "yiqichang/2.2.1 (iPhone; iOS 6.0.1; Scale/2.00)" "-""0.083"
112.224.17.167 - 951599248@qq.com [24/Dec/2014:12:44:49 +0800] "GET /users/messages?version=2 HTTP/1.1" 200 238 "-" "yiqichang/2.2.1 (iPhone; iOS 6.0.1; Scale/2.00)" "-""0.084"
192.168.122.1 - - [24/Dec/2014:12:45:01 +0800] "GET / HTTP/1.1" 200 39 "-" "check_http/v2.0.3 (nagios-plugins 2.0.3)" "-""0.011"
219.133.80.137 - 909383557@qq.com [24/Dec/2014:12:45:04 +0800] "GET /shops/delay?version=2&shopfilter[appver]=2.3.4&shopfilter[distance]=50000&shopfilter[hash]=ws0&shopfilter[keyword]=&shopfilter[lat]=22.67351&shopfilter[lng]=113.8164&shopfilter[offset]=60&shopfilter[ordertype]=&shopfilter[uid]=153735 HTTP/1.1" 200 29412 "-" "yiqichang/2.3.4 (iPhone; iOS 5.1.1; Scale/2.00)" "-""0.224"
223.104.6.29 - 274057594@qq.com [24/Dec/2014:12:45:29 +0800] "GET /users/messages?version=2 HTTP/1.1" 200 118 "-" "yiqichang/2.2.1 (iPhone; iOS 6.0.1; Scale/2.00)" "-""0.014"
219.133.80.137 - 909383557@qq.com [24/Dec/2014:12:45:33 +0800] "GET /shops/delay?version=2&shopfilter[appver]=2.3.4&shopfilter[distance]=50000&shopfilter[hash]=ws0&shopfilter[keyword]=&shopfilter[lat]=22.67351&shopfilter[lng]=113.8164&shopfilter[offset]=90&shopfilter[ordertype]=&shopfilter[uid]=153735 HTTP/1.1" 200 29210 "-" "yiqichang/2.3.4 (iPhone; iOS 5.1.1; Scale/2.00)" "-""0.229"
219.133.80.137 - 909383557@qq.com [24/Dec/2014:12:45:46 +0800] "GET /shops/delay?version=2&shopfilter[appver]=2.3.4&shopfilter[distance]=50000&shopfilter[hash]=ws0&shopfilter[keyword]=&shopfilter[lat]=22.67351&shopfilter[lng]=113.8164&shopfilter[offset]=120&shopfilter[ordertype]=&shopfilter[uid]=153735 HTTP/1.1" 200 29611 "-" "yiqichang/2.3.4 (iPhone; iOS 5.1.1; Scale/2.00)" "-""0.231"
219.133.80.137 - 909383557@qq.com [24/Dec/2014:12:45:51 +0800] "GET /shops/delay?version=2&shopfilter[appver]=2.3.4&shopfilter[distance]=50000&shopfilter[hash]=ws0&shopfilter[keyword]=&shopfilter[lat]=22.67351&shopfilter[lng]=113.8164&shopfilter[offset]=150&shopfilter[ordertype]=&shopfilter[uid]=153735 HTTP/1.1" 200 29688 "-" "yiqichang/2.3.4 (iPhone; iOS 5.1.1; Scale/2.00)" "-""0.241"
117.136.19.115 - - [24/Dec/2014:12:46:42 +0800] "GET /systeminfo?nonce=guangtou&signature=7cff7f67c43090166286c5cd77bce35ddda2d15f&timestamp=1419396363&versiontag=1415601767 HTTP/1.1" 200 79 "-" "WirelessSong-order/1020.2 (iPhone; iOS 8.1.2; Scale/2.00)" "-""0.014"
219.133.80.137 - 909383557@qq.com [24/Dec/2014:12:46:43 +0800] "GET /shops/products?version=2&productfilter[hours]=1&productfilter[sid]=3072&productfilter[start]=201412241300 HTTP/1.1" 200 46 "-" "yiqichang/2.3.4 (iPhone; iOS 5.1.1; Scale/2.00)" "-""0.015"
117.136.19.115 - - [24/Dec/2014:12:46:44 +0800] "GET /shops/list?shopfilter[appver]=3.0.4&shopfilter[city]=%E5%8D%97%E4%BA%AC&shopfilter[distance]=50000&shopfilter[lat]=32.05245808479588&shopfilter[lng]=118.8949747567952&shopfilter[ordertype]=&shopfilter[page]=0&version=3 HTTP/1.1" 200 38564 "-" "WirelessSong-order/1020.2 (iPhone; iOS 8.1.2; Scale/2.00)" "-""0.151"
117.136.19.115 - - [24/Dec/2014:12:46:52 +0800] "GET /shops/list?shopfilter[appver]=3.0.4&shopfilter[city]=%E6%B1%9F%E8%8B%8F%E7%9C%81&shopfilter[distance]=50000&shopfilter[lat]=32.08460978979234&shopfilter[lng]=118.8878027141931&shopfilter[ordertype]=&shopfilter[page]=0&version=3 HTTP/1.1" 200 72 "-" "WirelessSong-order/1020.2 (iPhone; iOS 8.1.2; Scale/2.00)" "-""0.017"
219.133.80.137 - 909383557@qq.com [24/Dec/2014:12:46:59 +0800] "GET /users/messages/noread HTTP/1.1" 200 42 "-" "yiqichang/2.3.4 (iPhone; iOS 5.1.1; Scale/2.00)" "-""0.078"
117.136.19.115 - - [24/Dec/2014:12:47:00 +0800] "GET /citys?order=1 HTTP/1.1" 200 2744 "-" "WirelessSong-order/1020.2 (iPhone; iOS 8.1.2; Scale/2.00)" "-""0.021"
117.136.19.115 - - [24/Dec/2014:12:47:02 +0800] "GET /shops/list?shopfilter[appver]=3.0.4&shopfilter[city]=%E5%8D%97%E4%BA%AC&shopfilter[distance]=50000&shopfilter[lat]=32.08459848236669&shopfilter[lng]=118.8872309381025&shopfilter[ordertype]=&shopfilter[page]=0&version=3 HTTP/1.1" 200 39593 "-" "WirelessSong-order/1020.2 (iPhone; iOS 8.1.2; Scale/2.00)" "-""0.109"
219.133.80.137 - 909383557@qq.com [24/Dec/2014:12:47:06 +0800] "GET /game/listGuessSong HTTP/1.1" 200 11795 "-" "yiqichang/2.3.4 (iPhone; iOS 5.1.1; Scale/2.00)" "-""0.088"
219.133.80.137 - 909383557@qq.com [24/Dec/2014:12:47:06 +0800] "GET /game/guessSongPlayerInfo HTTP/1.1" 200 101 "-" "yiqichang/2.3.4 (iPhone; iOS 5.1.1; Scale/2.00)" "-""0.080"
221.225.136.138 - 2440100089@qq.com [24/Dec/2014:12:47:17 +0800] "GET /shops/push HTTP/1.1" 200 22 "-" "yiqichang/2.3.4 (iPhone; iOS 6.1.2; Scale/2.00)" "-""0.125"
221.225.136.138 - 2440100089@qq.com [24/Dec/2014:12:47:17 +0800] "GET /shops/delay?version=2&shopfilter[appver]=2.3.4&shopfilter[distance]=50000&shopfilter[keyword]=&shopfilter[lat]=31.46119&shopfilter[lng]=120.9351&shopfilter[ordertype]=&shopfilter[uid]=150087 HTTP/1.1" 200 28495 "-" "yiqichang/2.3.4 (iPhone; iOS 6.1.2; Scale/2.00)" "-""0.318"
221.225.136.138 - 2440100089@qq.com [24/Dec/2014:12:47:18 +0800] "GET /shops/listgroupsale?version=3&salefilter[lat]=31.46119&salefilter[lng]=120.9351 HTTP/1.1" 200 30 "-" "yiqichang/2.3.4 (iPhone; iOS 6.1.2; Scale/2.00)" "-""0.082"
219.133.80.137 - 909383557@qq.com [24/Dec/2014:12:47:19 +0800] "GET /game/wisws HTTP/1.1" 200 3327 "-" "yiqichang/2.3.4 (iPhone; iOS 5.1.1; Scale/2.00)" "-""0.080"
192.168.122.1 - - [24/Dec/2014:12:48:01 +0800] "GET / HTTP/1.1" 200 39 "-" "check_http/v2.0.3 (nagios-plugins 2.0.3)" "-""0.011"
219.133.80.137 - 909383557@qq.com [24/Dec/2014:12:48:52 +0800] "GET /game/wisws?tag=2 HTTP/1.1" 200 30 "-" "yiqichang/2.3.4 (iPhone; iOS 5.1.1; Scale/2.00)" "-""0.084"
211.97.129.183 - 787256964@qq.com [24/Dec/2014:12:49:45 +0800] "PUT /users/devicesToken HTTP/1.1" 200 33 "-" "yiqichang/2.3.4 (iPhone; iOS 5.1.1; Scale/2.00)" "-""0.089"
211.97.129.183 - 787256964@qq.com [24/Dec/2014:12:49:45 +0800] "GET /shops/push HTTP/1.1" 200 22 "-" "yiqichang/2.3.4 (iPhone; iOS 5.1.1; Scale/2.00)" "-""0.080"
211.97.129.183 - 787256964@qq.com [24/Dec/2014:12:49:45 +0800] "GET /users/150294?appver=2.3.4 HTTP/1.1" 200 745 "-" "yiqichang/2.3.4 (iPhone; iOS 5.1.1; Scale/2.00)" "-""0.081"
211.97.129.183 - 787256964@qq.com [24/Dec/2014:12:49:46 +0800] "GET /shops/listgroupsale?version=3&salefilter[lat]=23.71505&salefilter[lng]=117.1578 HTTP/1.1" 200 30 "-" "yiqichang/2.3.4 (iPhone; iOS 5.1.1; Scale/2.00)" "-""0.093"
211.97.129.183 - 787256964@qq.com [24/Dec/2014:12:49:46 +0800] "GET /shops/delay?version=2&shopfilter[appver]=2.3.4&shopfilter[distance]=50000&shopfilter[keyword]=&shopfilter[lat]=23.71505&shopfilter[lng]=117.1578&shopfilter[ordertype]=&shopfilter[uid]=150294 HTTP/1.1" 200 29105 "-" "yiqichang/2.3.4 (iPhone; iOS 5.1.1; Scale/2.00)" "-""0.279"
192.168.122.1 - - [24/Dec/2014:12:51:01 +0800] "GET / HTTP/1.1" 200 39 "-" "check_http/v2.0.3 (nagios-plugins 2.0.3)" "-""0.013"
219.133.80.137 - 909383557@qq.com [24/Dec/2014:12:52:00 +0800] "GET /users/messages/noread HTTP/1.1" 200 42 "-" "yiqichang/2.3.4 (iPhone; iOS 5.1.1; Scale/2.00)" "-""0.085"
219.133.80.137 - 909383557@qq.com [24/Dec/2014:12:52:02 +0800] "GET /users/friend HTTP/1.1" 200 25 "-" "yiqichang/2.3.4 (iPhone; iOS 5.1.1; Scale/2.00)" "-""0.077"
219.133.80.137 - 909383557@qq.com [24/Dec/2014:12:52:03 +0800] "GET /users/153735/friend HTTP/1.1" 200 25 "-" "yiqichang/2.3.4 (iPhone; iOS 5.1.1; Scale/2.00)" "-""0.081"
219.133.80.137 - 909383557@qq.com [24/Dec/2014:12:52:05 +0800] "GET /users/messages/noread HTTP/1.1" 200 42 "-" "yiqichang/2.3.4 (iPhone; iOS 5.1.1; Scale/2.00)" "-""0.078"
219.133.80.137 - 909383557@qq.com [24/Dec/2014:12:52:24 +0800] "GET /shops?version=2&shopfilter[appver]=2.3.4&shopfilter[distance]=50000&shopfilter[lat]=22.67058&shopfilter[lng]=113.8214 HTTP/1.1" 200 490178 "-" "yiqichang/2.3.4 (iPhone; iOS 5.1.1; Scale/2.00)" "-""4.644"
117.136.24.17 - lili9362017@sina.com [24/Dec/2014:12:52:44 +0800] "GET /shops/push HTTP/1.1" 200 22 "-" "yiqichang/2.3.4 (iPhone; iOS 5.1.1; Scale/2.00)" "-""0.078"
219.133.80.137 - 909383557@qq.com [24/Dec/2014:12:52:59 +0800] "GET /shops/push HTTP/1.1" 200 22 "-" "yiqichang/2.3.4 (iPhone; iOS 5.1.1; Scale/2.00)" "-""0.080"
112.224.17.167 - 951599248@qq.com [24/Dec/2014:12:53:59 +0800] "GET /users/messages?version=2 HTTP/1.1" 200 238 "-" "yiqichang/2.2.1 (iPhone; iOS 6.0.1; Scale/2.00)" "-""0.084"
112.224.17.167 - 951599248@qq.com [24/Dec/2014:12:53:59 +0800] "GET /users/messages?version=2 HTTP/1.1" 200 238 "-" "yiqichang/2.2.1 (iPhone; iOS 6.0.1; Scale/2.00)" "-""0.081"
112.224.17.167 - 951599248@qq.com [24/Dec/2014:12:53:59 +0800] "GET /users/messages?version=2 HTTP/1.1" 200 238 "-" "yiqichang/2.2.1 (iPhone; iOS 6.0.1; Scale/2.00)" "-""0.078"
192.168.122.1 - - [24/Dec/2014:12:54:01 +0800] "GET / HTTP/1.1" 200 39 "-" "check_http/v2.0.3 (nagios-plugins 2.0.3)" "-""0.010"
112.224.17.167 - 951599248@qq.com [24/Dec/2014:12:54:04 +0800] "GET /users/messages?version=2 HTTP/1.1" 200 238 "-" "yiqichang/2.2.1 (iPhone; iOS 6.0.1; Scale/2.00)" "-""0.079"
116.231.74.198 - - [24/Dec/2014:12:54:28 +0800] "GET /time HTTP/1.1" 200 23 "-" "Mozilla/5.0 (Linux; U; Android 4.3; en-us; MILE-MX6DQ Build/1.1.0-rc4) AppleWebKit/533.1 (KHTML, like Gecko) Version/4.0 Mobile Safari/533.1" "-""0.016"
116.226.80.39 - - [24/Dec/2014:12:54:58 +0800] "GET /time HTTP/1.1" 200 23 "-" "Mozilla/5.0 (Linux; U; Android 4.3; en-us; MILE-MX6DQ Build/1.1.0-rc4) AppleWebKit/533.1 (KHTML, like Gecko) Version/4.0 Mobile Safari/533.1" "-""0.014"
166.176.57.197 - maximsmts@gmail.com [24/Dec/2014:12:55:06 +0800] "GET /users/35222?appver=2.3.4 HTTP/1.1" 403 93 "-" "yiqichang/2.3.4 (iPhone; iOS 7.1.2; Scale/2.00)" "-""0.013"
166.176.57.197 - maximsmts@gmail.com [24/Dec/2014:12:55:06 +0800] "PUT /users/devicesToken HTTP/1.1" 500 65247 "-" "yiqichang/2.3.4 (iPhone; iOS 7.1.2; Scale/2.00)" "-""0.144"
113.108.205.68 - 277737808@qq.com [24/Dec/2014:12:55:34 +0800] "GET /shops/push HTTP/1.1" 200 22 "-" "yiqichang/2.3.4 (iPhone; iOS 5.1.1; Scale/2.00)" "-""0.223"
113.108.205.68 - 277737808@qq.com [24/Dec/2014:12:55:34 +0800] "GET /shops/listgroupsale?version=3&salefilter[lat]=23.16888&salefilter[lng]=113.2502 HTTP/1.1" 200 30 "-" "yiqichang/2.3.4 (iPhone; iOS 5.1.1; Scale/2.00)" "-""0.223"
113.108.205.68 - 277737808@qq.com [24/Dec/2014:12:55:34 +0800] "GET /shops/delay?version=2&shopfilter[appver]=2.3.4&shopfilter[distance]=50000&shopfilter[keyword]=&shopfilter[lat]=23.16888&shopfilter[lng]=113.2502&shopfilter[ordertype]=&shopfilter[uid]=153339 HTTP/1.1" 200 36281 "-" "yiqichang/2.3.4 (iPhone; iOS 5.1.1; Scale/2.00)" "-""0.370"
192.168.122.1 - - [24/Dec/2014:12:57:01 +0800] "GET / HTTP/1.1" 200 39 "-" "check_http/v2.0.3 (nagios-plugins 2.0.3)" "-""0.010"
60.181.110.125 - - [24/Dec/2014:12:57:10 +0800] "GET /systeminfo?nonce=guangtou&signature=fcf6d5ef20a3af364bf654b600454e32247a141f&timestamp=1419396983 HTTP/1.1" 200 25353 "-" "WirelessSong-order/1020.2 (iPhone; iOS 7.1.1; Scale/2.00)" "-""0.019"
116.226.80.39 - - [24/Dec/2014:12:57:42 +0800] "GET /time HTTP/1.1" 200 23 "-" "Mozilla/5.0 (Linux; U; Android 4.3; en-us; MILE-MX6DQ Build/1.1.0-rc4) AppleWebKit/533.1 (KHTML, like Gecko) Version/4.0 Mobile Safari/533.1" "-""0.014"
223.64.63.122 - Kd.xiu@163.con [24/Dec/2014:12:59:29 +0800] "GET /shops/push HTTP/1.1" 200 22 "-" "yiqichang/2.3.4 (iPhone; iOS 5.1.1; Scale/2.00)" "-""0.081"
223.64.63.122 - Kd.xiu@163.con [24/Dec/2014:12:59:29 +0800] "PUT /users/devicesToken HTTP/1.1" 200 33 "-" "yiqichang/2.3.4 (iPhone; iOS 5.1.1; Scale/2.00)" "-""0.081"
223.64.63.122 - Kd.xiu@163.con [24/Dec/2014:12:59:31 +0800] "GET /users/151798?appver=2.3.4 HTTP/1.1" 200 749 "-" "yiqichang/2.3.4 (iPhone; iOS 5.1.1; Scale/2.00)" "-""0.081"
192.168.122.1 - - [24/Dec/2014:13:00:01 +0800] "GET / HTTP/1.1" 200 39 "-" "check_http/v2.0.3 (nagios-plugins 2.0.3)" "-""0.010"
27.128.10.118 - 461400376@qq.com [24/Dec/2014:13:01:07 +0800] "PUT /users/devicesToken HTTP/1.1" 200 33 "-" "yiqichang/2.3.4 (iPhone; iOS 7.1.1; Scale/2.00)" "-""0.161"
27.128.10.118 - 461400376@qq.com [24/Dec/2014:13:01:07 +0800] "GET /shops/push HTTP/1.1" 200 22 "-" "yiqichang/2.3.4 (iPhone; iOS 7.1.1; Scale/2.00)" "-""0.146"
27.128.10.118 - 461400376@qq.com [24/Dec/2014:13:01:08 +0800] "GET /shops/listgroupsale?version=3&salefilter[lat]=36.66932&salefilter[lng]=114.7284 HTTP/1.1" 200 30 "-" "yiqichang/2.3.4 (iPhone; iOS 7.1.1; Scale/2.00)" "-""0.098"
27.128.10.118 - 461400376@qq.com [24/Dec/2014:13:01:08 +0800] "GET /users/144564?appver=2.3.4 HTTP/1.1" 200 775 "-" "yiqichang/2.3.4 (iPhone; iOS 7.1.1; Scale/2.00)" "-""0.161"
27.128.10.118 - 461400376@qq.com [24/Dec/2014:13:01:08 +0800] "GET /shops/delay?version=2&shopfilter[appver]=2.3.4&shopfilter[distance]=50000&shopfilter[keyword]=&shopfilter[lat]=36.66932&shopfilter[lng]=114.7284&shopfilter[ordertype]=&shopfilter[uid]=144564 HTTP/1.1" 200 27739 "-" "yiqichang/2.3.4 (iPhone; iOS 7.1.1; Scale/2.00)" "-""0.261"
116.226.80.39 - - [24/Dec/2014:13:02:32 +0800] "GET /time HTTP/1.1" 200 23 "-" "Mozilla/5.0 (Linux; U; Android 4.3; en-us; MILE-MX6DQ Build/1.1.0-rc4) AppleWebKit/533.1 (KHTML, like Gecko) Version/4.0 Mobile Safari/533.1" "-""0.022"
116.226.80.39 - 15549070703 [24/Dec/2014:13:02:38 +0800] "GET /systeminfo?nonce=guangtou&signature=a687e61a5d7b245b05a12e7cf0d7877435671483&timestamp=1419397322&versiontag=1415601767 HTTP/1.1" 200 79 "-" "WirelessSong-order/3.0.2 (iPhone Simulator; iOS 8.1; Scale/2.00)" "-""0.016"
116.226.80.39 - 15549070703 [24/Dec/2014:13:02:38 +0800] "GET /shops/list?shopfilter[appver]=3.0.2&shopfilter[city]=England&shopfilter[distance]=50000&shopfilter[lat]=51.50998&shopfilter[lng]=-0.1337&shopfilter[ordertype]=&shopfilter[page]=0&version=3 HTTP/1.1" 200 72 "-" "WirelessSong-order/3.0.2 (iPhone Simulator; iOS 8.1; Scale/2.00)" "-""0.082"
192.168.122.1 - - [24/Dec/2014:13:03:01 +0800] "GET / HTTP/1.1" 200 39 "-" "check_http/v2.0.3 (nagios-plugins 2.0.3)" "-""0.010"
112.224.17.167 - 951599248@qq.com [24/Dec/2014:13:03:54 +0800] "GET /users/messages?version=2 HTTP/1.1" 200 238 "-" "yiqichang/2.2.1 (iPhone; iOS 6.0.1; Scale/2.00)" "-""0.089"
112.224.17.167 - 951599248@qq.com [24/Dec/2014:13:03:55 +0800] "GET /users/messages?version=2 HTTP/1.1" 200 238 "-" "yiqichang/2.2.1 (iPhone; iOS 6.0.1; Scale/2.00)" "-""0.234"
112.224.17.167 - 951599248@qq.com [24/Dec/2014:13:03:55 +0800] "GET /users/messages?version=2 HTTP/1.1" 200 238 "-" "yiqichang/2.2.1 (iPhone; iOS 6.0.1; Scale/2.00)" "-""0.253"
112.224.17.167 - 951599248@qq.com [24/Dec/2014:13:03:55 +0800] "GET /users/messages?version=2 HTTP/1.1" 200 238 "-" "yiqichang/2.2.1 (iPhone; iOS 6.0.1; Scale/2.00)" "-""0.330"
112.224.17.167 - 951599248@qq.com [24/Dec/2014:13:03:55 +0800] "GET /users/messages?version=2 HTTP/1.1" 200 238 "-" "yiqichang/2.2.1 (iPhone; iOS 6.0.1; Scale/2.00)" "-""0.239"
112.224.17.167 - 951599248@qq.com [24/Dec/2014:13:04:01 +0800] "GET /users/messages?version=2 HTTP/1.1" 200 238 "-" "yiqichang/2.2.1 (iPhone; iOS 6.0.1; Scale/2.00)" "-""0.080"
116.226.80.39 - 15549070703 [24/Dec/2014:13:04:23 +0800] "GET /systeminfo?nonce=guangtou&signature=786827acb7318bb6311a26ebbc85c97f678ac50b&timestamp=1419397427&versiontag=1415601767 HTTP/1.1" 200 79 "-" "WirelessSong-order/3.0.2 (iPhone Simulator; iOS 8.1; Scale/2.00)" "-""0.020"
116.226.80.39 - 15549070703 [24/Dec/2014:13:04:23 +0800] "GET /shops/list?shopfilter[appver]=3.0.2&shopfilter[city]=England&shopfilter[distance]=50000&shopfilter[lat]=51.50998&shopfilter[lng]=-0.1337&shopfilter[ordertype]=&shopfilter[page]=0&version=3 HTTP/1.1" 200 72 "-" "WirelessSong-order/3.0.2 (iPhone Simulator; iOS 8.1; Scale/2.00)" "-""0.080"
116.226.80.39 - - [24/Dec/2014:13:05:44 +0800] "GET /time HTTP/1.1" 200 23 "-" "Mozilla/5.0 (Linux; U; Android 4.3; en-us; MILE-MX6DQ Build/1.1.0-rc4) AppleWebKit/533.1 (KHTML, like Gecko) Version/4.0 Mobile Safari/533.1" "-""0.015"
192.168.122.1 - - [24/Dec/2014:13:06:01 +0800] "GET / HTTP/1.1" 200 39 "-" "check_http/v2.0.3 (nagios-plugins 2.0.3)" "-""0.010"
103.237.64.248 - - [24/Dec/2014:13:06:01 +0800] "GET /shops/list?shopfilter[appver]=3.0.4&shopfilter[city]=%E4%B8%8A%E6%B5%B7&shopfilter[distance]=50000&shopfilter[lat]=31.2103&shopfilter[lng]=121.4525&shopfilter[ordertype]=&shopfilter[page]=0&version=3 HTTP/1.1" 200 21457 "-" "WirelessSong-order/1020.2 (iPhone; iOS 7.0.2; Scale/2.00)" "-""0.100"
103.237.64.248 - - [24/Dec/2014:13:06:02 +0800] "GET /systeminfo?nonce=guangtou&signature=5cff289533350ffb5f02c24915ff12bfbf77098e&timestamp=1419397519 HTTP/1.1" 200 25353 "-" "WirelessSong-order/1020.2 (iPhone; iOS 7.0.2; Scale/2.00)" "-""0.017"
103.237.64.248 - - [24/Dec/2014:13:06:02 +0800] "GET /systeminfo?nonce=guangtou&signature=3399203bface58659db7efbf1aff622eaeeb3dfd&timestamp=1419397514 HTTP/1.1" 200 25353 "-" "WirelessSong-order/1020.2 (iPhone; iOS 7.0.2; Scale/2.00)" "-""0.018"
103.237.64.248 - - [24/Dec/2014:13:06:02 +0800] "GET /systeminfo?nonce=guangtou&signature=be86bbab8c3cc3ce793bd4bf0ef5dbcc13153c42&timestamp=1419397515 HTTP/1.1" 200 25353 "-" "WirelessSong-order/1020.2 (iPhone; iOS 7.0.2; Scale/2.00)" "-""0.016"
58.52.78.229 - 83898603@qq.com [24/Dec/2014:13:06:04 +0800] "GET /shops/delay?version=2&shopfilter[appver]=2.3.4&shopfilter[distance]=50000&shopfilter[keyword]=&shopfilter[lat]=30.84982&shopfilter[lng]=112.7351&shopfilter[ordertype]=&shopfilter[uid]=153734 HTTP/1.1" 200 28067 "-" "yiqichang/2.3.4 (iPhone; iOS 6.1.2; Scale/2.00)" "-""0.221"
58.52.78.229 - 83898603@qq.com [24/Dec/2014:13:06:05 +0800] "GET /shops/push HTTP/1.1" 200 22 "-" "yiqichang/2.3.4 (iPhone; iOS 6.1.2; Scale/2.00)" "-""0.079"
58.52.78.229 - 83898603@qq.com [24/Dec/2014:13:06:09 +0800] "GET /shops/listgroupsale?version=3&salefilter[lat]=30.84982&salefilter[lng]=112.7351 HTTP/1.1" 200 30 "-" "yiqichang/2.3.4 (iPhone; iOS 6.1.2; Scale/2.00)" "-""0.082"
116.226.80.39 - 15549070703 [24/Dec/2014:13:06:28 +0800] "GET /systeminfo?nonce=guangtou&signature=82c3900224aa551c73dd2bf31811b6cab4ca163c&timestamp=1419397552&versiontag=1415601767 HTTP/1.1" 200 79 "-" "WirelessSong-order/3.0.2 (iPhone Simulator; iOS 8.1; Scale/2.00)" "-""0.015"
116.226.80.39 - 15549070703 [24/Dec/2014:13:06:28 +0800] "GET /shops/list?shopfilter[appver]=3.0.2&shopfilter[city]=England&shopfilter[distance]=50000&shopfilter[lat]=51.50998&shopfilter[lng]=-0.1337&shopfilter[ordertype]=&shopfilter[page]=0&version=3 HTTP/1.1" 200 72 "-" "WirelessSong-order/3.0.2 (iPhone Simulator; iOS 8.1; Scale/2.00)" "-""0.081"
116.226.80.39 - - [24/Dec/2014:13:06:29 +0800] "GET /time HTTP/1.1" 200 23 "-" "Mozilla/5.0 (Linux; U; Android 4.3; en-us; MILE-MX6DQ Build/1.1.0-rc4) AppleWebKit/533.1 (KHTML, like Gecko) Version/4.0 Mobile Safari/533.1" "-""0.014"
103.237.64.248 - - [24/Dec/2014:13:06:50 +0800] "GET /shops/products?pro=1&productfilter[hours]=1&productfilter[sid]=6302&productfilter[start]=201412241330&shopfilter[appver]=3.0.4&version=3 HTTP/1.1" 200 4530 "-" "WirelessSong-order/1020.2 (iPhone; iOS 7.0.2; Scale/2.00)" "-""0.033"
101.227.12.253 - luqiming@gmail.com [24/Dec/2014:13:07:01 +0800] "GET /game/infolist HTTP/1.1" 200 598 "-" "WirelessSong-order/1020.2 (iPhone; iOS 8.1.2; Scale/2.00)" "-""0.016"
113.73.179.191 - - [24/Dec/2014:13:08:00 +0800] "GET /time HTTP/1.1" 200 23 "-" "Mozilla/5.0 (Linux; U; Android 4.3; en-us; MILE-MX6DQ Build/1.1.0-rc4) AppleWebKit/533.1 (KHTML, like Gecko) Version/4.0 Mobile Safari/533.1" "-""0.015"
192.168.122.1 - - [24/Dec/2014:13:09:01 +0800] "GET / HTTP/1.1" 200 39 "-" "check_http/v2.0.3 (nagios-plugins 2.0.3)" "-""0.011"
116.226.80.39 - 15549070703 [24/Dec/2014:13:09:25 +0800] "GET /systeminfo?nonce=guangtou&signature=c2349c8e76b874db772e821983978fd84c250d66&timestamp=1419397730&versiontag=1415601767 HTTP/1.1" 200 79 "-" "WirelessSong-order/3.0.2 (iPhone Simulator; iOS 8.1; Scale/2.00)" "-""0.015"
116.226.80.39 - 15549070703 [24/Dec/2014:13:09:26 +0800] "GET /shops/list?shopfilter[appver]=3.0.2&shopfilter[city]=England&shopfilter[distance]=50000&shopfilter[lat]=51.50998&shopfilter[lng]=-0.1337&shopfilter[ordertype]=&shopfilter[page]=0&version=3 HTTP/1.1" 200 72 "-" "WirelessSong-order/3.0.2 (iPhone Simulator; iOS 8.1; Scale/2.00)" "-""0.082"
103.237.64.248 - - [24/Dec/2014:13:09:38 +0800] "GET /city/shoplist?shopfilter[appver]=3.0.4&shopfilter[city]=%E4%B8%8A%E6%B5%B7&shopfilter[distance]=50000&shopfilter[lat]=0&shopfilter[lng]=0&version=3 HTTP/1.1" 200 65199 "-" "WirelessSong-order/1020.2 (iPhone; iOS 7.0.2; Scale/2.00)" "-""61.330"
116.226.80.39 - - [24/Dec/2014:13:10:53 +0800] "GET /time HTTP/1.1" 200 23 "-" "Mozilla/5.0 (Linux; U; Android 4.3; en-us; MILE-MX6DQ Build/1.1.0-rc4) AppleWebKit/533.1 (KHTML, like Gecko) Version/4.0 Mobile Safari/533.1" "-""0.014"
116.226.80.39 - 15549070703 [24/Dec/2014:13:11:04 +0800] "GET /systeminfo?nonce=guangtou&signature=7000aea92204d7294775bd2baa91a0b39b701c93&timestamp=1419397828&versiontag=1415601767 HTTP/1.1" 200 79 "-" "WirelessSong-order/3.0.2 (iPhone Simulator; iOS 8.1; Scale/2.00)" "-""0.019"
116.226.80.39 - 15549070703 [24/Dec/2014:13:11:04 +0800] "GET /shops/list?shopfilter[appver]=3.0.2&shopfilter[city]=England&shopfilter[distance]=50000&shopfilter[lat]=51.50998&shopfilter[lng]=-0.1337&shopfilter[ordertype]=&shopfilter[page]=0&version=3 HTTP/1.1" 200 72 "-" "WirelessSong-order/3.0.2 (iPhone Simulator; iOS 8.1; Scale/2.00)" "-""0.080"
183.14.28.207 - - [24/Dec/2014:13:11:20 +0800] "GET /systeminfo?nonce=guangtou&signature=c1f2e44409f4ee81b5c537d060ac8b0833c0e92d&timestamp=1419397845 HTTP/1.1" 200 25353 "-" "WirelessSong-order/1020.2 (iPhone; iOS 8.0; Scale/2.00)" "-""0.019"
183.14.28.207 - - [24/Dec/2014:13:11:20 +0800] "GET /systeminfo?nonce=guangtou&signature=c1f2e44409f4ee81b5c537d060ac8b0833c0e92d&timestamp=1419397845 HTTP/1.1" 200 25353 "-" "WirelessSong-order/1020.2 (iPhone; iOS 8.0; Scale/2.00)" "-""0.031"
183.14.28.207 - - [24/Dec/2014:13:11:20 +0800] "GET /shops/list?shopfilter[appver]=3.0.4&shopfilter[city]=%E4%B8%8A%E6%B5%B7&shopfilter[distance]=50000&shopfilter[lat]=31.2103&shopfilter[lng]=121.4525&shopfilter[ordertype]=&shopfilter[page]=0&version=3 HTTP/1.1" 200 21457 "-" "WirelessSong-order/1020.2 (iPhone; iOS 8.0; Scale/2.00)" "-""0.098"
183.14.28.207 - - [24/Dec/2014:13:11:28 +0800] "GET /shops/list?shopfilter[appver]=3.0.4&shopfilter[city]=Guangdong&shopfilter[distance]=50000&shopfilter[lat]=22.59222369280482&shopfilter[lng]=114.0579654867839&shopfilter[ordertype]=&shopfilter[page]=0&version=3 HTTP/1.1" 200 72 "-" "WirelessSong-order/1020.2 (iPhone; iOS 8.0; Scale/2.00)" "-""0.017"
183.14.28.207 - - [24/Dec/2014:13:11:33 +0800] "GET /findactivity?page=0 HTTP/1.1" 200 7111 "-" "WirelessSong-order/1020.2 (iPhone; iOS 8.0; Scale/2.00)" "-""0.018"
183.14.28.207 - - [24/Dec/2014:13:11:43 +0800] "GET /shops/list?shopfilter[appver]=3.0.4&shopfilter[city]=Guangdong&shopfilter[distance]=50000&shopfilter[lat]=22.59222369280482&shopfilter[lng]=114.0579654867839&shopfilter[ordertype]=&shopfilter[page]=0&version=3 HTTP/1.1" 200 72 "-" "WirelessSong-order/1020.2 (iPhone; iOS 8.0; Scale/2.00)" "-""0.015"
183.14.28.207 - - [24/Dec/2014:13:11:48 +0800] "GET /shops/list?shopfilter[appver]=3.0.4&shopfilter[city]=Guangdong&shopfilter[distance]=5000&shopfilter[lat]=22.59222369280482&shopfilter[lng]=114.0579654867839&shopfilter[ordertype]=&shopfilter[page]=0&version=3 HTTP/1.1" 200 72 "-" "WirelessSong-order/1020.2 (iPhone; iOS 8.0; Scale/2.00)" "-""0.014"
183.14.28.207 - - [24/Dec/2014:13:11:52 +0800] "GET /shops/list?shopfilter[appver]=3.0.4&shopfilter[city]=Guangdong&shopfilter[distance]=5000&shopfilter[lat]=22.59222369280482&shopfilter[lng]=114.0579654867839&shopfilter[ordertype]=totalscore&shopfilter[page]=0&version=3 HTTP/1.1" 200 72 "-" "WirelessSong-order/1020.2 (iPhone; iOS 8.0; Scale/2.00)" "-""0.016"
183.14.28.207 - - [24/Dec/2014:13:11:54 +0800] "GET /city/shoplist?shopfilter[appver]=3.0.4&shopfilter[city]=Guangdong&shopfilter[distance]=50000&shopfilter[lat]=0&shopfilter[lng]=0&version=3 HTTP/1.1" 200 30 "-" "WirelessSong-order/1020.2 (iPhone; iOS 8.0; Scale/2.00)" "-""0.141"
192.168.122.1 - - [24/Dec/2014:13:12:01 +0800] "GET / HTTP/1.1" 200 39 "-" "check_http/v2.0.3 (nagios-plugins 2.0.3)" "-""0.010"
183.14.28.207 - - [24/Dec/2014:13:12:09 +0800] "GET /findactivity?page=0 HTTP/1.1" 200 7112 "-" "WirelessSong-order/1020.2 (iPhone; iOS 8.0; Scale/2.00)" "-""0.018"
183.14.28.207 - - [24/Dec/2014:13:12:19 +0800] "GET /findactivity?page=0 HTTP/1.1" 200 7112 "-" "WirelessSong-order/1020.2 (iPhone; iOS 8.0; Scale/2.00)" "-""0.020"
183.14.28.207 - - [24/Dec/2014:13:12:24 +0800] "GET /findactivity?page=1 HTTP/1.1" 200 7241 "-" "WirelessSong-order/1020.2 (iPhone; iOS 8.0; Scale/2.00)" "-""0.019"
116.226.80.39 - - [24/Dec/2014:13:12:26 +0800] "GET /time HTTP/1.1" 200 23 "-" "Mozilla/5.0 (Linux; U; Android 4.3; en-us; MILE-MX6DQ Build/1.1.0-rc4) AppleWebKit/533.1 (KHTML, like Gecko) Version/4.0 Mobile Safari/533.1" "-""0.015"
14.169.177.9 - - [24/Dec/2014:13:13:30 +0800] "GET /shops/list?shopfilter[appver]=3.0.4&shopfilter[city]=%E4%B8%8A%E6%B5%B7&shopfilter[distance]=50000&shopfilter[lat]=10.81593729063589&shopfilter[lng]=106.5959448549203&shopfilter[ordertype]=&shopfilter[page]=0&version=3 HTTP/1.1" 200 20682 "-" "WirelessSong-order/1020.2 (iPhone; iOS 7.0.2; Scale/2.00)" "-""0.108"
14.169.177.9 - - [24/Dec/2014:13:13:40 +0800] "GET /city/shoplist?shopfilter[appver]=3.0.4&shopfilter[city]=%E4%B8%8A%E6%B5%B7&shopfilter[distance]=50000&shopfilter[lat]=0&shopfilter[lng]=0&version=3 HTTP/1.1" 200 286325 "-" "WirelessSong-order/1020.2 (iPhone; iOS 7.0.2; Scale/2.00)" "-""5.251"
112.224.17.167 - 951599248@qq.com [24/Dec/2014:13:13:54 +0800] "GET /users/messages?version=2 HTTP/1.1" 200 238 "-" "yiqichang/2.2.1 (iPhone; iOS 6.0.1; Scale/2.00)" "-""0.087"
112.224.17.167 - 951599248@qq.com [24/Dec/2014:13:13:55 +0800] "GET /users/messages?version=2 HTTP/1.1" 200 238 "-" "yiqichang/2.2.1 (iPhone; iOS 6.0.1; Scale/2.00)" "-""0.214"
112.224.17.167 - 951599248@qq.com [24/Dec/2014:13:13:55 +0800] "GET /users/messages?version=2 HTTP/1.1" 200 238 "-" "yiqichang/2.2.1 (iPhone; iOS 6.0.1; Scale/2.00)" "-""0.201"
112.224.17.167 - 951599248@qq.com [24/Dec/2014:13:13:55 +0800] "GET /users/messages?version=2 HTTP/1.1" 200 238 "-" "yiqichang/2.2.1 (iPhone; iOS 6.0.1; Scale/2.00)" "-""0.320"
112.224.17.167 - 951599248@qq.com [24/Dec/2014:13:13:55 +0800] "GET /users/messages?version=2 HTTP/1.1" 200 238 "-" "yiqichang/2.2.1 (iPhone; iOS 6.0.1; Scale/2.00)" "-""0.171"
112.224.17.167 - 951599248@qq.com [24/Dec/2014:13:13:55 +0800] "GET /users/messages?version=2 HTTP/1.1" 200 238 "-" "yiqichang/2.2.1 (iPhone; iOS 6.0.1; Scale/2.00)" "-""0.347"
112.224.17.167 - 951599248@qq.com [24/Dec/2014:13:13:55 +0800] "GET /users/messages?version=2 HTTP/1.1" 200 238 "-" "yiqichang/2.2.1 (iPhone; iOS 6.0.1; Scale/2.00)" "-""0.054"
112.224.17.167 - 951599248@qq.com [24/Dec/2014:13:13:56 +0800] "GET /users/messages?version=2 HTTP/1.1" 200 238 "-" "yiqichang/2.2.1 (iPhone; iOS 6.0.1; Scale/2.00)" "-""0.081"
112.224.17.167 - 951599248@qq.com [24/Dec/2014:13:14:00 +0800] "GET /users/messages?version=2 HTTP/1.1" 200 238 "-" "yiqichang/2.2.1 (iPhone; iOS 6.0.1; Scale/2.00)" "-""0.080"
112.224.17.167 - 951599248@qq.com [24/Dec/2014:13:14:01 +0800] "GET /users/messages?version=2 HTTP/1.1" 200 238 "-" "yiqichang/2.2.1 (iPhone; iOS 6.0.1; Scale/2.00)" "-""0.082"
14.169.177.9 - - [24/Dec/2014:13:14:05 +0800] "GET /shops/list?shopfilter[appver]=3.0.4&shopfilter[city]=%E4%B8%8A%E6%B5%B7&shopfilter[distance]=50000&shopfilter[lat]=10.81593729063589&shopfilter[lng]=106.5959448549203&shopfilter[ordertype]=&shopfilter[page]=1&version=3 HTTP/1.1" 200 24056 "-" "WirelessSong-order/1020.2 (iPhone; iOS 7.0.2; Scale/2.00)" "-""0.110"
116.226.80.39 - - [24/Dec/2014:13:14:06 +0800] "GET /time HTTP/1.1" 200 23 "-" "Mozilla/5.0 (Linux; U; Android 4.3; en-us; MILE-MX6DQ Build/1.1.0-rc4) AppleWebKit/533.1 (KHTML, like Gecko) Version/4.0 Mobile Safari/533.1" "-""0.022"
14.169.177.9 - - [24/Dec/2014:13:14:16 +0800] "GET /findactivity?page=0 HTTP/1.1" 200 7112 "-" "WirelessSong-order/1020.2 (iPhone; iOS 7.0.2; Scale/2.00)" "-""0.019"
14.169.177.9 - - [24/Dec/2014:13:14:27 +0800] "GET /findactivity?page=0 HTTP/1.1" 200 7112 "-" "WirelessSong-order/1020.2 (iPhone; iOS 7.0.2; Scale/2.00)" "-""0.034"
192.168.122.1 - - [24/Dec/2014:13:15:01 +0800] "GET / HTTP/1.1" 200 39 "-" "check_http/v2.0.3 (nagios-plugins 2.0.3)" "-""0.010"
116.226.80.39 - 15549070703 [24/Dec/2014:13:16:21 +0800] "GET /systeminfo?nonce=guangtou&signature=d8d1164af44a706556ea4c73bfd0098dd4fd74ac&timestamp=1419398145&versiontag=1415601767 HTTP/1.1" 200 79 "-" "WirelessSong-order/3.0.2 (iPhone Simulator; iOS 8.1; Scale/2.00)" "-""0.017"
116.226.80.39 - 15549070703 [24/Dec/2014:13:16:21 +0800] "GET /shops/list?shopfilter[appver]=3.0.2&shopfilter[city]=England&shopfilter[distance]=50000&shopfilter[lat]=51.50998&shopfilter[lng]=-0.1337&shopfilter[ordertype]=&shopfilter[page]=0&version=3 HTTP/1.1" 200 72 "-" "WirelessSong-order/3.0.2 (iPhone Simulator; iOS 8.1; Scale/2.00)" "-""0.082"
221.192.178.81 - 1337319844@qq.com [24/Dec/2014:13:17:31 +0800] "PUT /users/devicesToken HTTP/1.1" 500 63569 "-" "yiqichang/2.3.4 (iPhone; iOS 5.1.1; Scale/2.00)" "-""0.135"
221.192.178.81 - 1337319844@qq.com [24/Dec/2014:13:17:32 +0800] "GET /users/153640?appver=2.3.4 HTTP/1.1" 403 93 "-" "yiqichang/2.3.4 (iPhone; iOS 5.1.1; Scale/2.00)" "-""0.017"
221.192.178.81 - 1337319844@qq.com [24/Dec/2014:13:17:33 +0800] "GET /shops/listgroupsale?version=3&salefilter[lat]=38.44134&salefilter[lng]=116.0835 HTTP/1.1" 200 30 "-" "yiqichang/2.3.4 (iPhone; iOS 5.1.1; Scale/2.00)" "-""0.020"
221.192.178.81 - 1337319844@qq.com [24/Dec/2014:13:17:34 +0800] "GET /shops/delay?version=2&shopfilter[appver]=2.3.4&shopfilter[distance]=50000&shopfilter[keyword]=&shopfilter[lat]=38.44134&shopfilter[lng]=116.0835&shopfilter[ordertype]=&shopfilter[uid]=153640 HTTP/1.1" 200 30216 "-" "yiqichang/2.3.4 (iPhone; iOS 5.1.1; Scale/2.00)" "-""0.177"
192.168.122.1 - - [24/Dec/2014:13:18:01 +0800] "GET / HTTP/1.1" 200 39 "-" "check_http/v2.0.3 (nagios-plugins 2.0.3)" "-""0.010"
116.226.80.39 - 15549070703 [24/Dec/2014:13:18:21 +0800] "GET /systeminfo?nonce=guangtou&signature=09586d0fa071f149b353c3f3e95a9feb5efecdd6&timestamp=1419398265&versiontag=1415601767 HTTP/1.1" 200 79 "-" "WirelessSong-order/3.0.2 (iPhone Simulator; iOS 8.1; Scale/2.00)" "-""0.022"
116.226.80.39 - 15549070703 [24/Dec/2014:13:18:21 +0800] "GET /shops/list?shopfilter[appver]=3.0.2&shopfilter[city]=England&shopfilter[distance]=50000&shopfilter[lat]=51.50998&shopfilter[lng]=-0.1337&shopfilter[ordertype]=&shopfilter[page]=0&version=3 HTTP/1.1" 200 72 "-" "WirelessSong-order/3.0.2 (iPhone Simulator; iOS 8.1; Scale/2.00)" "-""0.079"
116.226.80.39 - - [24/Dec/2014:13:20:06 +0800] "GET /time HTTP/1.1" 200 23 "-" "Mozilla/5.0 (Linux; U; Android 4.3; en-us; MILE-MX6DQ Build/1.1.0-rc4) AppleWebKit/533.1 (KHTML, like Gecko) Version/4.0 Mobile Safari/533.1" "-""0.016"
116.226.80.39 - - [24/Dec/2014:13:20:38 +0800] "GET /time HTTP/1.1" 200 23 "-" "Mozilla/5.0 (Linux; U; Android 4.3; en-us; MILE-MX6DQ Build/1.1.0-rc4) AppleWebKit/533.1 (KHTML, like Gecko) Version/4.0 Mobile Safari/533.1" "-""0.014"
192.168.122.1 - - [24/Dec/2014:13:21:01 +0800] "GET / HTTP/1.1" 200 39 "-" "check_http/v2.0.3 (nagios-plugins 2.0.3)" "-""0.011"
140.206.255.248 - - [24/Dec/2014:13:21:37 +0800] "GET /systeminfo?nonce=guangtou&signature=d0ce6d79e8a38616d4ee3b87ba36a5bb7f0851b6&timestamp=1419398462&versiontag=1415601767 HTTP/1.1" 200 79 "-" "WirelessSong-order/1020.2 (iPhone; iOS 8.1.1; Scale/2.00)" "-""0.014"
140.206.255.248 - - [24/Dec/2014:13:21:37 +0800] "GET /systeminfo?nonce=guangtou&signature=d0ce6d79e8a38616d4ee3b87ba36a5bb7f0851b6&timestamp=1419398462&versiontag=1415601767 HTTP/1.1" 200 79 "-" "WirelessSong-order/1020.2 (iPhone; iOS 8.1.1; Scale/2.00)" "-""0.021"
140.206.255.248 - - [24/Dec/2014:13:21:37 +0800] "GET /shops/list?shopfilter[appver]=3.0.4&shopfilter[city]=%E4%B8%8A%E6%B5%B7&shopfilter[distance]=50000&shopfilter[lat]=31.2103&shopfilter[lng]=121.4525&shopfilter[ordertype]=&shopfilter[page]=0&version=3 HTTP/1.1" 200 21457 "-" "WirelessSong-order/1020.2 (iPhone; iOS 8.1.1; Scale/2.00)" "-""0.104"
116.226.80.39 - - [24/Dec/2014:13:21:46 +0800] "GET /time HTTP/1.1" 200 23 "-" "Mozilla/5.0 (Linux; U; Android 4.3; en-us; MILE-MX6DQ Build/1.1.0-rc4) AppleWebKit/533.1 (KHTML, like Gecko) Version/4.0 Mobile Safari/533.1" "-""0.014"
112.224.19.131 - 951599248@qq.com [24/Dec/2014:13:22:30 +0800] "GET /shops/push HTTP/1.1" 200 22 "-" "yiqichang/2.2.1 (iPhone; iOS 6.0.1; Scale/2.00)" "-""0.080"
112.224.19.131 - 951599248@qq.com [24/Dec/2014:13:22:30 +0800] "GET /systeminfo?nonce=guangtou&signature=bfa4f18321f709a9485d60c92be386434e3fd3ff&timestamp=1419398514&versiontag=1415601767 HTTP/1.1" 200 79 "-" "yiqichang/2.2.1 (iPhone; iOS 6.0.1; Scale/2.00)" "-""0.014"
112.224.19.131 - 951599248@qq.com [24/Dec/2014:13:22:30 +0800] "PUT /users/devicesToken HTTP/1.1" 200 33 "-" "yiqichang/2.2.1 (iPhone; iOS 6.0.1; Scale/2.00)" "-""0.093"
112.224.19.131 - 951599248@qq.com [24/Dec/2014:13:22:30 +0800] "GET /users/91271?appver=2.2.1 HTTP/1.1" 200 778 "-" "yiqichang/2.2.1 (iPhone; iOS 6.0.1; Scale/2.00)" "-""0.143"
112.224.19.131 - 951599248@qq.com [24/Dec/2014:13:22:30 +0800] "GET /shops/delay?shopfilter[appver]=2.2.1&shopfilter[distance]=50000&shopfilter[keyword]=&shopfilter[lat]=35.09414&shopfilter[lng]=118.3172&shopfilter[ordertype]=&shopfilter[uid]=91271 HTTP/1.1" 200 28252 "-" "yiqichang/2.2.1 (iPhone; iOS 6.0.1; Scale/2.00)" "-""0.443"
112.224.19.131 - 951599248@qq.com [24/Dec/2014:13:22:31 +0800] "GET /shops/listgroupsale?salefilter[lat]=35.09414&salefilter[lng]=118.3172&version=2 HTTP/1.1" 200 30 "-" "yiqichang/2.2.1 (iPhone; iOS 6.0.1; Scale/2.00)" "-""0.177"
112.224.19.131 - 951599248@qq.com [24/Dec/2014:13:22:31 +0800] "GET /shops/listgroupsale?salefilter[lat]=35.09343&salefilter[lng]=118.3112&version=2 HTTP/1.1" 200 30 "-" "yiqichang/2.2.1 (iPhone; iOS 6.0.1; Scale/2.00)" "-""0.195"
112.224.19.131 - 951599248@qq.com [24/Dec/2014:13:22:31 +0800] "GET /shops/delay?shopfilter[appver]=2.2.1&shopfilter[distance]=50000&shopfilter[keyword]=&shopfilter[lat]=35.09343&shopfilter[lng]=118.3112&shopfilter[ordertype]=&shopfilter[uid]=91271 HTTP/1.1" 200 28250 "-" "yiqichang/2.2.1 (iPhone; iOS 6.0.1; Scale/2.00)" "-""0.376"
112.224.19.131 - 951599248@qq.com [24/Dec/2014:13:22:31 +0800] "GET /notify?version=2.2.1 HTTP/1.1" 200 24 "-" "yiqichang/2.2.1 (iPhone; iOS 6.0.1; Scale/2.00)" "-""0.075"
116.226.80.39 - 15549070703 [24/Dec/2014:13:22:45 +0800] "GET /systeminfo?nonce=guangtou&signature=7d6f26a056775f309b5ec7f986241b5bdeedf784&timestamp=1419398529&versiontag=1415601767 HTTP/1.1" 200 79 "-" "WirelessSong-order/3.0.2 (iPhone Simulator; iOS 8.1; Scale/2.00)" "-""0.014"
116.226.80.39 - 15549070703 [24/Dec/2014:13:22:46 +0800] "GET /shops/list?shopfilter[appver]=3.0.2&shopfilter[city]=England&shopfilter[distance]=50000&shopfilter[lat]=51.50998&shopfilter[lng]=-0.1337&shopfilter[ordertype]=&shopfilter[page]=0&version=3 HTTP/1.1" 200 72 "-" "WirelessSong-order/3.0.2 (iPhone Simulator; iOS 8.1; Scale/2.00)" "-""0.082"
116.226.80.39 - 15549070703 [24/Dec/2014:13:23:10 +0800] "POST /users/153663/newedit HTTP/1.1" 200 55 "-" "WirelessSong-order/3.0.2 (iPhone Simulator; iOS 8.1; Scale/2.00)" "-""0.080"
116.226.80.39 - 15549070703 [24/Dec/2014:13:23:38 +0800] "POST /users/153663/newedit HTTP/1.1" 200 55 "-" "WirelessSong-order/3.0.2 (iPhone Simulator; iOS 8.1; Scale/2.00)" "-""0.079"
192.168.122.1 - - [24/Dec/2014:13:24:01 +0800] "GET / HTTP/1.1" 200 39 "-" "check_http/v2.0.3 (nagios-plugins 2.0.3)" "-""0.010"
111.197.253.133 - - [24/Dec/2014:13:24:23 +0800] "GET /systeminfo?nonce=guangtou&signature=7cf0bd4f6125c20efd9b31921b31a4ff1da10e29&timestamp=1419398628 HTTP/1.1" 200 25353 "-" "WirelessSong-order/1020.2 (iPhone; iOS 8.0; Scale/2.00)" "-""0.017"
111.197.253.133 - - [24/Dec/2014:13:24:24 +0800] "GET /systeminfo?nonce=guangtou&signature=4f4400b5bb7d646d4278c1cb58bdefaa5fcedd2f&timestamp=1419398629 HTTP/1.1" 200 25353 "-" "WirelessSong-order/1020.2 (iPhone; iOS 8.0; Scale/2.00)" "-""0.024"
111.197.253.133 - - [24/Dec/2014:13:24:24 +0800] "GET /shops/list?shopfilter[appver]=3.0.4&shopfilter[city]=%E4%B8%8A%E6%B5%B7&shopfilter[distance]=50000&shopfilter[lat]=31.2103&shopfilter[lng]=121.4525&shopfilter[ordertype]=&shopfilter[page]=0&version=3 HTTP/1.1" 200 21457 "-" "WirelessSong-order/1020.2 (iPhone; iOS 8.0; Scale/2.00)" "-""0.106"
111.197.253.133 - - [24/Dec/2014:13:24:31 +0800] "GET /shops/list?shopfilter[appver]=3.0.4&shopfilter[city]=%E5%8C%97%E4%BA%AC&shopfilter[distance]=50000&shopfilter[lat]=39.9131097515477&shopfilter[lng]=116.5523631830664&shopfilter[ordertype]=&shopfilter[page]=0&version=3 HTTP/1.1" 200 21509 "-" "WirelessSong-order/1020.2 (iPhone; iOS 8.0; Scale/2.00)" "-""0.194"
118.244.254.67 - - [24/Dec/2014:13:24:38 +0800] "GET /time HTTP/1.1" 200 23 "-" "Mozilla/5.0 (Linux; U; Android 4.3; en-us; MILE-MX6DQ Build/1.1.0-rc4) AppleWebKit/533.1 (KHTML, like Gecko) Version/4.0 Mobile Safari/533.1" "-""0.014"
111.197.253.133 - - [24/Dec/2014:13:24:56 +0800] "GET /shops/list?shopfilter[appver]=3.0.4&shopfilter[city]=%E5%8C%97%E4%BA%AC&shopfilter[distance]=1000&shopfilter[lat]=39.9131097515477&shopfilter[lng]=116.5523631830664&shopfilter[ordertype]=&shopfilter[page]=0&version=3 HTTP/1.1" 200 72 "-" "WirelessSong-order/1020.2 (iPhone; iOS 8.0; Scale/2.00)" "-""0.023"
111.197.253.133 - - [24/Dec/2014:13:24:58 +0800] "GET /shops/list?shopfilter[appver]=3.0.4&shopfilter[city]=%E5%8C%97%E4%BA%AC&shopfilter[distance]=3000&shopfilter[lat]=39.9131097515477&shopfilter[lng]=116.5523631830664&shopfilter[ordertype]=&shopfilter[page]=0&version=3 HTTP/1.1" 200 4845 "-" "WirelessSong-order/1020.2 (iPhone; iOS 8.0; Scale/2.00)" "-""0.038"
116.226.80.39 - 15549070703 [24/Dec/2014:13:25:01 +0800] "GET /systeminfo?nonce=guangtou&signature=8b0e6c2dab6250a632f46a909db889d48aca7b60&timestamp=1419398665&versiontag=1415601767 HTTP/1.1" 200 79 "-" "WirelessSong-order/3.0.2 (iPhone Simulator; iOS 8.1; Scale/2.00)" "-""0.020"
116.226.80.39 - 15549070703 [24/Dec/2014:13:25:01 +0800] "GET /shops/list?shopfilter[appver]=3.0.2&shopfilter[city]=England&shopfilter[distance]=50000&shopfilter[lat]=51.50998&shopfilter[lng]=-0.1337&shopfilter[ordertype]=&shopfilter[page]=0&version=3 HTTP/1.1" 200 72 "-" "WirelessSong-order/3.0.2 (iPhone Simulator; iOS 8.1; Scale/2.00)" "-""0.091"
116.226.80.39 - - [24/Dec/2014:13:25:05 +0800] "GET /time HTTP/1.1" 200 23 "-" "Mozilla/5.0 (Linux; U; Android 4.3; en-us; MILE-MX6DQ Build/1.1.0-rc4) AppleWebKit/533.1 (KHTML, like Gecko) Version/4.0 Mobile Safari/533.1" "-""0.014"
116.226.80.39 - 15549070703 [24/Dec/2014:13:25:09 +0800] "GET /users/orders/v3 HTTP/1.1" 200 24 "-" "WirelessSong-order/3.0.2 (iPhone Simulator; iOS 8.1; Scale/2.00)" "-""0.313"
