221.2.236.110 - 547849351@qq.com [24/Dec/2014:06:07:06 +0800] "PUT /users/devicesToken HTTP/1.1" 200 33 "-" "yiqichang/2.3.4 (iPhone; iOS 7.1; Scale/2.00)" "-""0.151"
221.2.236.110 - 547849351@qq.com [24/Dec/2014:06:07:06 +0800] "GET /users/142482?appver=2.3.4 HTTP/1.1" 200 800 "-" "yiqichang/2.3.4 (iPhone; iOS 7.1; Scale/2.00)" "-""0.082"
221.2.236.110 - 547849351@qq.com [24/Dec/2014:06:07:06 +0800] "GET /shops/listgroupsale?version=3&salefilter[lat]=37.44026&salefilter[lng]=118.6781 HTTP/1.1" 200 30 "-" "yiqichang/2.3.4 (iPhone; iOS 7.1; Scale/2.00)" "-""0.115"
221.2.236.110 - 547849351@qq.com [24/Dec/2014:06:07:06 +0800] "GET /shops/delay?version=2&shopfilter[appver]=2.3.4&shopfilter[distance]=50000&shopfilter[keyword]=&shopfilter[lat]=37.44026&shopfilter[lng]=118.6781&shopfilter[ordertype]=&shopfilter[uid]=142482 HTTP/1.1" 200 27909 "-" "yiqichang/2.3.4 (iPhone; iOS 7.1; Scale/2.00)" "-""0.236"
192.168.122.1 - - [24/Dec/2014:06:09:01 +0800] "GET / HTTP/1.1" 200 39 "-" "check_http/v2.0.3 (nagios-plugins 2.0.3)" "-""0.014"
192.168.122.1 - - [24/Dec/2014:06:12:01 +0800] "GET / HTTP/1.1" 200 39 "-" "check_http/v2.0.3 (nagios-plugins 2.0.3)" "-""0.011"
192.168.122.1 - - [24/Dec/2014:06:15:01 +0800] "GET / HTTP/1.1" 200 39 "-" "check_http/v2.0.3 (nagios-plugins 2.0.3)" "-""0.010"
192.168.122.1 - - [24/Dec/2014:06:18:01 +0800] "GET / HTTP/1.1" 200 39 "-" "check_http/v2.0.3 (nagios-plugins 2.0.3)" "-""0.010"
192.168.122.1 - - [24/Dec/2014:06:21:01 +0800] "GET / HTTP/1.1" 200 39 "-" "check_http/v2.0.3 (nagios-plugins 2.0.3)" "-""0.012"
192.168.122.1 - - [24/Dec/2014:06:24:01 +0800] "GET / HTTP/1.1" 200 39 "-" "check_http/v2.0.3 (nagios-plugins 2.0.3)" "-""0.011"
192.168.122.1 - - [24/Dec/2014:06:27:01 +0800] "GET / HTTP/1.1" 200 39 "-" "check_http/v2.0.3 (nagios-plugins 2.0.3)" "-""0.011"
116.238.120.105 - hudi0103@hotmail.com [24/Dec/2014:06:29:12 +0800] "GET /shops/push HTTP/1.1" 200 22 "-" "yiqichang/2.3.4 (iPad; iOS 7.1.2; Scale/2.00)" "-""0.149"
116.238.120.105 - hudi0103@hotmail.com [24/Dec/2014:06:29:12 +0800] "PUT /users/devicesToken HTTP/1.1" 200 33 "-" "yiqichang/2.3.4 (iPad; iOS 7.1.2; Scale/2.00)" "-""0.143"
116.238.120.105 - hudi0103@hotmail.com [24/Dec/2014:06:29:12 +0800] "GET /users/146710?appver=2.3.4 HTTP/1.1" 200 908 "-" "yiqichang/2.3.4 (iPad; iOS 7.1.2; Scale/2.00)" "-""0.081"
61.148.243.17 - 104566059@qq.com [24/Dec/2014:06:29:41 +0800] "GET /shops/push HTTP/1.1" 200 22 "-" "yiqichang/2.3.4 (iPad; iOS 7.1.2; Scale/2.00)" "-""0.086"
61.148.243.17 - 104566059@qq.com [24/Dec/2014:06:29:41 +0800] "GET /users/34551?appver=2.3.4 HTTP/1.1" 200 799 "-" "yiqichang/2.3.4 (iPad; iOS 7.1.2; Scale/2.00)" "-""0.106"
61.148.243.17 - 104566059@qq.com [24/Dec/2014:06:29:41 +0800] "PUT /users/devicesToken HTTP/1.1" 200 33 "-" "yiqichang/2.3.4 (iPad; iOS 7.1.2; Scale/2.00)" "-""0.132"
192.168.122.1 - - [24/Dec/2014:06:30:01 +0800] "GET / HTTP/1.1" 200 39 "-" "check_http/v2.0.3 (nagios-plugins 2.0.3)" "-""0.011"
192.168.122.1 - - [24/Dec/2014:06:33:01 +0800] "GET / HTTP/1.1" 200 39 "-" "check_http/v2.0.3 (nagios-plugins 2.0.3)" "-""0.011"
192.168.122.1 - - [24/Dec/2014:06:36:01 +0800] "GET / HTTP/1.1" 200 39 "-" "check_http/v2.0.3 (nagios-plugins 2.0.3)" "-""0.010"
112.224.19.83 - 951599248@qq.com [24/Dec/2014:06:36:58 +0800] "GET /users/messages?version=2 HTTP/1.1" 200 238 "-" "yiqichang/2.2.1 (iPhone; iOS 6.0.1; Scale/2.00)" "-""0.159"
112.224.19.83 - 951599248@qq.com [24/Dec/2014:06:36:58 +0800] "GET /users/messages?version=2 HTTP/1.1" 200 238 "-" "yiqichang/2.2.1 (iPhone; iOS 6.0.1; Scale/2.00)" "-""0.122"
112.224.19.83 - 951599248@qq.com [24/Dec/2014:06:36:58 +0800] "GET /users/messages?version=2 HTTP/1.1" 200 238 "-" "yiqichang/2.2.1 (iPhone; iOS 6.0.1; Scale/2.00)" "-""0.233"
112.224.19.83 - 951599248@qq.com [24/Dec/2014:06:36:58 +0800] "GET /users/messages?version=2 HTTP/1.1" 200 238 "-" "yiqichang/2.2.1 (iPhone; iOS 6.0.1; Scale/2.00)" "-""0.265"
112.224.19.83 - 951599248@qq.com [24/Dec/2014:06:36:58 +0800] "GET /users/messages?version=2 HTTP/1.1" 200 238 "-" "yiqichang/2.2.1 (iPhone; iOS 6.0.1; Scale/2.00)" "-""0.119"
112.224.19.83 - 951599248@qq.com [24/Dec/2014:06:36:58 +0800] "GET /users/messages?version=2 HTTP/1.1" 200 238 "-" "yiqichang/2.2.1 (iPhone; iOS 6.0.1; Scale/2.00)" "-""0.300"
112.224.19.83 - 951599248@qq.com [24/Dec/2014:06:36:58 +0800] "GET /users/messages?version=2 HTTP/1.1" 200 238 "-" "yiqichang/2.2.1 (iPhone; iOS 6.0.1; Scale/2.00)" "-""0.226"
112.224.19.83 - 951599248@qq.com [24/Dec/2014:06:36:58 +0800] "GET /users/messages?version=2 HTTP/1.1" 200 238 "-" "yiqichang/2.2.1 (iPhone; iOS 6.0.1; Scale/2.00)" "-""0.124"
112.224.19.83 - 951599248@qq.com [24/Dec/2014:06:36:58 +0800] "GET /users/messages?version=2 HTTP/1.1" 200 238 "-" "yiqichang/2.2.1 (iPhone; iOS 6.0.1; Scale/2.00)" "-""0.014"
112.224.19.83 - 951599248@qq.com [24/Dec/2014:06:36:58 +0800] "GET /users/messages?version=2 HTTP/1.1" 200 238 "-" "yiqichang/2.2.1 (iPhone; iOS 6.0.1; Scale/2.00)" "-""0.155"
112.224.19.83 - 951599248@qq.com [24/Dec/2014:06:36:59 +0800] "GET /users/messages?version=2 HTTP/1.1" 200 238 "-" "yiqichang/2.2.1 (iPhone; iOS 6.0.1; Scale/2.00)" "-""0.193"
112.224.19.83 - 951599248@qq.com [24/Dec/2014:06:36:59 +0800] "GET /users/messages?version=2 HTTP/1.1" 200 238 "-" "yiqichang/2.2.1 (iPhone; iOS 6.0.1; Scale/2.00)" "-""0.308"
112.224.19.83 - 951599248@qq.com [24/Dec/2014:06:36:59 +0800] "GET /users/messages?version=2 HTTP/1.1" 200 238 "-" "yiqichang/2.2.1 (iPhone; iOS 6.0.1; Scale/2.00)" "-""0.287"
112.224.19.83 - 951599248@qq.com [24/Dec/2014:06:36:59 +0800] "GET /users/messages?version=2 HTTP/1.1" 200 238 "-" "yiqichang/2.2.1 (iPhone; iOS 6.0.1; Scale/2.00)" "-""0.242"
112.224.19.83 - 951599248@qq.com [24/Dec/2014:06:36:59 +0800] "GET /users/messages?version=2 HTTP/1.1" 200 238 "-" "yiqichang/2.2.1 (iPhone; iOS 6.0.1; Scale/2.00)" "-""0.096"
112.224.19.83 - 951599248@qq.com [24/Dec/2014:06:36:59 +0800] "GET /users/messages?version=2 HTTP/1.1" 200 238 "-" "yiqichang/2.2.1 (iPhone; iOS 6.0.1; Scale/2.00)" "-""0.252"
112.224.19.83 - 951599248@qq.com [24/Dec/2014:06:36:59 +0800] "GET /users/messages?version=2 HTTP/1.1" 200 238 "-" "yiqichang/2.2.1 (iPhone; iOS 6.0.1; Scale/2.00)" "-""0.268"
112.224.19.83 - 951599248@qq.com [24/Dec/2014:06:36:59 +0800] "GET /users/messages?version=2 HTTP/1.1" 200 238 "-" "yiqichang/2.2.1 (iPhone; iOS 6.0.1; Scale/2.00)" "-""0.289"
112.224.19.83 - 951599248@qq.com [24/Dec/2014:06:36:59 +0800] "GET /users/messages?version=2 HTTP/1.1" 200 238 "-" "yiqichang/2.2.1 (iPhone; iOS 6.0.1; Scale/2.00)" "-""0.299"
112.224.19.83 - 951599248@qq.com [24/Dec/2014:06:36:59 +0800] "GET /users/messages?version=2 HTTP/1.1" 200 238 "-" "yiqichang/2.2.1 (iPhone; iOS 6.0.1; Scale/2.00)" "-""0.016"
112.224.19.83 - 951599248@qq.com [24/Dec/2014:06:36:59 +0800] "GET /users/messages?version=2 HTTP/1.1" 200 238 "-" "yiqichang/2.2.1 (iPhone; iOS 6.0.1; Scale/2.00)" "-""0.092"
112.224.19.83 - 951599248@qq.com [24/Dec/2014:06:36:59 +0800] "GET /users/messages?version=2 HTTP/1.1" 200 238 "-" "yiqichang/2.2.1 (iPhone; iOS 6.0.1; Scale/2.00)" "-""0.089"
112.224.19.83 - 951599248@qq.com [24/Dec/2014:06:36:59 +0800] "GET /users/messages?version=2 HTTP/1.1" 200 238 "-" "yiqichang/2.2.1 (iPhone; iOS 6.0.1; Scale/2.00)" "-""0.079"
112.224.19.83 - 951599248@qq.com [24/Dec/2014:06:37:00 +0800] "GET /users/messages?version=2 HTTP/1.1" 200 238 "-" "yiqichang/2.2.1 (iPhone; iOS 6.0.1; Scale/2.00)" "-""0.081"
112.224.19.83 - 951599248@qq.com [24/Dec/2014:06:37:03 +0800] "GET /users/messages?version=2 HTTP/1.1" 200 238 "-" "yiqichang/2.2.1 (iPhone; iOS 6.0.1; Scale/2.00)" "-""0.079"
112.224.19.83 - 951599248@qq.com [24/Dec/2014:06:37:03 +0800] "GET /users/messages?version=2 HTTP/1.1" 200 238 "-" "yiqichang/2.2.1 (iPhone; iOS 6.0.1; Scale/2.00)" "-""0.083"
112.224.19.83 - 951599248@qq.com [24/Dec/2014:06:37:03 +0800] "GET /users/messages?version=2 HTTP/1.1" 200 238 "-" "yiqichang/2.2.1 (iPhone; iOS 6.0.1; Scale/2.00)" "-""0.079"
112.224.19.83 - 951599248@qq.com [24/Dec/2014:06:37:03 +0800] "GET /users/messages?version=2 HTTP/1.1" 200 238 "-" "yiqichang/2.2.1 (iPhone; iOS 6.0.1; Scale/2.00)" "-""0.081"
112.224.19.83 - 951599248@qq.com [24/Dec/2014:06:37:04 +0800] "GET /users/messages?version=2 HTTP/1.1" 200 238 "-" "yiqichang/2.2.1 (iPhone; iOS 6.0.1; Scale/2.00)" "-""0.133"
112.224.19.83 - 951599248@qq.com [24/Dec/2014:06:37:04 +0800] "GET /users/messages?version=2 HTTP/1.1" 200 238 "-" "yiqichang/2.2.1 (iPhone; iOS 6.0.1; Scale/2.00)" "-""0.148"
112.224.19.83 - 951599248@qq.com [24/Dec/2014:06:37:04 +0800] "GET /users/messages?version=2 HTTP/1.1" 200 238 "-" "yiqichang/2.2.1 (iPhone; iOS 6.0.1; Scale/2.00)" "-""0.083"
112.224.19.83 - 951599248@qq.com [24/Dec/2014:06:37:04 +0800] "GET /users/messages?version=2 HTTP/1.1" 200 238 "-" "yiqichang/2.2.1 (iPhone; iOS 6.0.1; Scale/2.00)" "-""0.046"
112.224.19.83 - 951599248@qq.com [24/Dec/2014:06:37:04 +0800] "GET /users/messages?version=2 HTTP/1.1" 200 238 "-" "yiqichang/2.2.1 (iPhone; iOS 6.0.1; Scale/2.00)" "-""0.082"
112.224.19.83 - 951599248@qq.com [24/Dec/2014:06:37:04 +0800] "GET /users/messages?version=2 HTTP/1.1" 200 238 "-" "yiqichang/2.2.1 (iPhone; iOS 6.0.1; Scale/2.00)" "-""0.139"
112.224.19.83 - 951599248@qq.com [24/Dec/2014:06:37:05 +0800] "GET /users/messages?version=2 HTTP/1.1" 200 238 "-" "yiqichang/2.2.1 (iPhone; iOS 6.0.1; Scale/2.00)" "-""0.079"
192.168.122.1 - - [24/Dec/2014:06:39:01 +0800] "GET / HTTP/1.1" 200 39 "-" "check_http/v2.0.3 (nagios-plugins 2.0.3)" "-""0.011"
112.4.18.217 - 2440100089@qq.com [24/Dec/2014:06:39:43 +0800] "GET /shops/listgroupsale?version=3&salefilter[lat]=31.44542&salefilter[lng]=120.9261 HTTP/1.1" 200 30 "-" "yiqichang/2.3.4 (iPhone; iOS 6.1.2; Scale/2.00)" "-""0.020"
112.4.18.217 - 2440100089@qq.com [24/Dec/2014:06:39:43 +0800] "GET /shops/delay?version=2&shopfilter[appver]=2.3.4&shopfilter[distance]=50000&shopfilter[keyword]=&shopfilter[lat]=31.44542&shopfilter[lng]=120.9261&shopfilter[ordertype]=&shopfilter[uid]=150087 HTTP/1.1" 200 28494 "-" "yiqichang/2.3.4 (iPhone; iOS 6.1.2; Scale/2.00)" "-""0.182"
192.168.122.1 - - [24/Dec/2014:06:42:01 +0800] "GET / HTTP/1.1" 200 39 "-" "check_http/v2.0.3 (nagios-plugins 2.0.3)" "-""0.010"
112.224.19.83 - 951599248@qq.com [24/Dec/2014:06:44:39 +0800] "GET /users/messages?version=2 HTTP/1.1" 200 238 "-" "yiqichang/2.2.1 (iPhone; iOS 6.0.1; Scale/2.00)" "-""0.080"
112.224.19.83 - 951599248@qq.com [24/Dec/2014:06:44:40 +0800] "GET /users/messages?version=2 HTTP/1.1" 200 238 "-" "yiqichang/2.2.1 (iPhone; iOS 6.0.1; Scale/2.00)" "-""0.130"
112.224.19.83 - 951599248@qq.com [24/Dec/2014:06:44:40 +0800] "GET /users/messages?version=2 HTTP/1.1" 200 238 "-" "yiqichang/2.2.1 (iPhone; iOS 6.0.1; Scale/2.00)" "-""0.151"
112.224.19.83 - 951599248@qq.com [24/Dec/2014:06:44:42 +0800] "GET /users/messages?version=2 HTTP/1.1" 200 238 "-" "yiqichang/2.2.1 (iPhone; iOS 6.0.1; Scale/2.00)" "-""0.082"
192.168.122.1 - - [24/Dec/2014:06:45:01 +0800] "GET / HTTP/1.1" 200 39 "-" "check_http/v2.0.3 (nagios-plugins 2.0.3)" "-""0.010"
192.168.122.1 - - [24/Dec/2014:06:48:01 +0800] "GET / HTTP/1.1" 200 39 "-" "check_http/v2.0.3 (nagios-plugins 2.0.3)" "-""0.010"
192.168.122.1 - - [24/Dec/2014:06:51:01 +0800] "GET / HTTP/1.1" 200 39 "-" "check_http/v2.0.3 (nagios-plugins 2.0.3)" "-""0.013"
192.168.122.1 - - [24/Dec/2014:06:54:01 +0800] "GET / HTTP/1.1" 200 39 "-" "check_http/v2.0.3 (nagios-plugins 2.0.3)" "-""0.011"
114.81.254.167 - 122785654@qq.com [24/Dec/2014:06:55:18 +0800] "PUT /users/devicesToken HTTP/1.1" 500 63489 "-" "yiqichang/2.3.4 (iPhone; iOS 8.1.1; Scale/2.00)" "-""0.206"
114.81.254.167 - 122785654@qq.com [24/Dec/2014:06:55:20 +0800] "GET /users/152593?appver=2.3.4 HTTP/1.1" 403 93 "-" "yiqichang/2.3.4 (iPhone; iOS 8.1.1; Scale/2.00)" "-""0.012"
114.81.254.167 - 122785654@qq.com [24/Dec/2014:06:55:21 +0800] "GET /shops/delay?version=2&shopfilter[appver]=2.3.4&shopfilter[distance]=50000&shopfilter[keyword]=&shopfilter[lat]=31.13507&shopfilter[lng]=121.3892&shopfilter[ordertype]=&shopfilter[uid]=152593 HTTP/1.1" 200 29932 "-" "yiqichang/2.3.4 (iPhone; iOS 8.1.1; Scale/2.00)" "-""0.185"
114.81.254.167 - 122785654@qq.com [24/Dec/2014:06:55:21 +0800] "PUT /users/devicesToken HTTP/1.1" 500 65005 "-" "yiqichang/2.3.4 (iPhone; iOS 8.1.1; Scale/2.00)" "-""0.150"
114.81.254.167 - 122785654@qq.com [24/Dec/2014:06:55:21 +0800] "GET /systeminfo?nonce=guangtou&signature=4d92a08a0ca5b27f3783ab770c676030fc997131&timestamp=1419375282&versiontag=1415601767 HTTP/1.1" 200 79 "-" "yiqichang/2.3.4 (iPhone; iOS 8.1.1; Scale/2.00)" "-""0.015"
114.81.254.167 - 122785654@qq.com [24/Dec/2014:06:55:21 +0800] "GET /shops/listgroupsale?version=3&salefilter[lat]=31.13507&salefilter[lng]=121.3892 HTTP/1.1" 200 34442 "-" "yiqichang/2.3.4 (iPhone; iOS 8.1.1; Scale/2.00)" "-""0.052"
114.81.254.167 - 122785654@qq.com [24/Dec/2014:06:55:22 +0800] "GET /activitys?activityfilter[lat]=31.13507&activityfilter[lng]=121.3892&activityfilter[ordertype]=&activityfilter[timefilter]=all HTTP/1.1" 200 72 "-" "yiqichang/2.3.4 (iPhone; iOS 8.1.1; Scale/2.00)" "-""0.015"
114.81.254.167 - 122785654@qq.com [24/Dec/2014:06:55:24 +0800] "GET /shops/delay?version=2&shopfilter[appver]=2.3.4&shopfilter[distance]=50000&shopfilter[keyword]=&shopfilter[lat]=31.13507&shopfilter[lng]=121.3892&shopfilter[ordertype]=&shopfilter[uid]=152593 HTTP/1.1" 200 29932 "-" "yiqichang/2.3.4 (iPhone; iOS 8.1.1; Scale/2.00)" "-""0.627"
114.81.254.167 - 122785654@qq.com [24/Dec/2014:06:55:25 +0800] "GET /shops/listgroupsale?version=3&salefilter[lat]=31.13507&salefilter[lng]=121.3892 HTTP/1.1" 499 0 "-" "yiqichang/2.3.4 (iPhone; iOS 8.1.1; Scale/2.00)" "-""0.040"
192.168.122.1 - - [24/Dec/2014:06:57:01 +0800] "GET / HTTP/1.1" 200 39 "-" "check_http/v2.0.3 (nagios-plugins 2.0.3)" "-""0.010"
112.4.2.14 - - [24/Dec/2014:06:57:34 +0800] "GET /systeminfo?nonce=guangtou&signature=30ee74861059a03c91097535d7715ab044ffd2f6&timestamp=1419375459&versiontag=1415601767 HTTP/1.1" 200 79 "-" "yiqichang/2.2.0 (iPhone; iOS 5.1.1; Scale/2.00)" "-""0.014"
139.214.253.91 - 1741298971@qq.com [24/Dec/2014:06:59:38 +0800] "PUT /users/devicesToken HTTP/1.1" 200 33 "-" "yiqichang/2.3.4 (iPhone; iOS 6.1.3; Scale/2.00)" "-""0.081"
139.214.253.91 - 1741298971@qq.com [24/Dec/2014:06:59:38 +0800] "GET /users/149970?appver=2.3.4 HTTP/1.1" 200 749 "-" "yiqichang/2.3.4 (iPhone; iOS 6.1.3; Scale/2.00)" "-""0.082"
192.168.122.1 - - [24/Dec/2014:07:00:01 +0800] "GET / HTTP/1.1" 200 39 "-" "check_http/v2.0.3 (nagios-plugins 2.0.3)" "-""0.010"
192.168.122.1 - - [24/Dec/2014:07:03:01 +0800] "GET / HTTP/1.1" 200 39 "-" "check_http/v2.0.3 (nagios-plugins 2.0.3)" "-""0.011"
192.168.122.1 - - [24/Dec/2014:07:06:01 +0800] "GET / HTTP/1.1" 200 39 "-" "check_http/v2.0.3 (nagios-plugins 2.0.3)" "-""0.010"
139.214.253.91 - 1741298971@qq.com [24/Dec/2014:07:06:56 +0800] "GET /shops/listgroupsale?version=3&salefilter[lat]=43.84793&salefilter[lng]=125.2802 HTTP/1.1" 200 30 "-" "yiqichang/2.3.4 (iPhone; iOS 6.1.3; Scale/2.00)" "-""0.017"
139.214.253.91 - 1741298971@qq.com [24/Dec/2014:07:06:56 +0800] "GET /shops/delay?version=2&shopfilter[appver]=2.3.4&shopfilter[distance]=50000&shopfilter[keyword]=&shopfilter[lat]=43.84793&shopfilter[lng]=125.2802&shopfilter[ordertype]=&shopfilter[uid]=149970 HTTP/1.1" 200 28082 "-" "yiqichang/2.3.4 (iPhone; iOS 6.1.3; Scale/2.00)" "-""0.156"
183.167.105.102 - - [24/Dec/2014:07:07:14 +0800] "GET /gameinfo?nonce=guangtou&signature=7dc194f86b8222a78be096206196564bb70622b9&timestamp=1419376001 HTTP/1.1" 200 43389 "-" "TrueHeartAdventure/1.0 (iPad; iOS 5.1.1; Scale/2.00)" "-""0.017"
123.120.241.216 - pipi5250@126.com [24/Dec/2014:07:08:16 +0800] "GET /shops/push HTTP/1.1" 200 22 "-" "yiqichang/2.3.4 (iPhone; iOS 6.1.2; Scale/2.00)" "-""0.081"
123.120.241.216 - pipi5250@126.com [24/Dec/2014:07:08:16 +0800] "GET /shops/listgroupsale?version=3&salefilter[lat]=39.92191&salefilter[lng]=116.5053 HTTP/1.1" 200 30 "-" "yiqichang/2.3.4 (iPhone; iOS 6.1.2; Scale/2.00)" "-""0.148"
123.120.241.216 - pipi5250@126.com [24/Dec/2014:07:08:16 +0800] "GET /shops/delay?version=2&shopfilter[appver]=2.3.4&shopfilter[distance]=50000&shopfilter[keyword]=&shopfilter[lat]=39.92191&shopfilter[lng]=116.5053&shopfilter[ordertype]=&shopfilter[uid]=112266 HTTP/1.1" 200 31068 "-" "yiqichang/2.3.4 (iPhone; iOS 6.1.2; Scale/2.00)" "-""0.305"
192.168.122.1 - - [24/Dec/2014:07:09:01 +0800] "GET / HTTP/1.1" 200 39 "-" "check_http/v2.0.3 (nagios-plugins 2.0.3)" "-""0.010"
192.168.122.1 - - [24/Dec/2014:07:12:01 +0800] "GET / HTTP/1.1" 200 39 "-" "check_http/v2.0.3 (nagios-plugins 2.0.3)" "-""0.013"
192.168.122.1 - - [24/Dec/2014:07:15:01 +0800] "GET / HTTP/1.1" 200 39 "-" "check_http/v2.0.3 (nagios-plugins 2.0.3)" "-""0.011"
192.168.122.1 - - [24/Dec/2014:07:18:01 +0800] "GET / HTTP/1.1" 200 39 "-" "check_http/v2.0.3 (nagios-plugins 2.0.3)" "-""0.013"
103.3.98.203 - 758126016@qq.com [24/Dec/2014:07:18:11 +0800] "GET /shops/push HTTP/1.1" 200 22 "-" "yiqichang/2.3.4 (iPhone; iOS 8.1; Scale/2.00)" "-""0.084"
103.3.98.203 - 758126016@qq.com [24/Dec/2014:07:18:11 +0800] "GET /systeminfo?nonce=guangtou&signature=26514708c1cad403490d6f912665970d0f9a02dd&timestamp=1419376655&versiontag=1415601767 HTTP/1.1" 200 79 "-" "yiqichang/2.3.4 (iPhone; iOS 8.1; Scale/2.00)" "-""0.015"
103.3.98.203 - 758126016@qq.com [24/Dec/2014:07:18:11 +0800] "GET /activitys?activityfilter[lat]=39.15966&activityfilter[lng]=117.1707&activityfilter[ordertype]=&activityfilter[timefilter]=all HTTP/1.1" 200 72 "-" "yiqichang/2.3.4 (iPhone; iOS 8.1; Scale/2.00)" "-""0.086"
103.3.98.203 - 758126016@qq.com [24/Dec/2014:07:18:12 +0800] "PUT /users/devicesToken HTTP/1.1" 200 33 "-" "yiqichang/2.3.4 (iPhone; iOS 8.1; Scale/2.00)" "-""0.144"
103.3.98.203 - 758126016@qq.com [24/Dec/2014:07:18:12 +0800] "GET /shops/delay?version=2&shopfilter[appver]=2.3.4&shopfilter[distance]=50000&shopfilter[keyword]=&shopfilter[lat]=39.15966&shopfilter[lng]=117.1707&shopfilter[ordertype]=&shopfilter[uid]=152983 HTTP/1.1" 200 29953 "-" "yiqichang/2.3.4 (iPhone; iOS 8.1; Scale/2.00)" "-""0.261"
103.3.98.203 - 758126016@qq.com [24/Dec/2014:07:18:12 +0800] "PUT /users/devicesToken HTTP/1.1" 200 33 "-" "yiqichang/2.3.4 (iPhone; iOS 8.1; Scale/2.00)" "-""0.319"
103.3.98.203 - 758126016@qq.com [24/Dec/2014:07:18:12 +0800] "GET /shops/listgroupsale?version=3&salefilter[lat]=39.15966&salefilter[lng]=117.1707 HTTP/1.1" 200 30 "-" "yiqichang/2.3.4 (iPhone; iOS 8.1; Scale/2.00)" "-""0.121"
103.3.98.203 - 758126016@qq.com [24/Dec/2014:07:18:12 +0800] "GET /users/152983?appver=2.3.4 HTTP/1.1" 200 752 "-" "yiqichang/2.3.4 (iPhone; iOS 8.1; Scale/2.00)" "-""0.333"
103.3.98.203 - 758126016@qq.com [24/Dec/2014:07:18:12 +0800] "GET /notify?version=2.3.4 HTTP/1.1" 200 24 "-" "yiqichang/2.3.4 (iPhone; iOS 8.1; Scale/2.00)" "-""0.015"
117.136.19.89 - 97895181@qq.com [24/Dec/2014:07:19:13 +0800] "GET /shops/listgroupsale?version=3&salefilter[lat]=33.1003&salefilter[lng]=120.0752 HTTP/1.1" 200 30 "-" "yiqichang/2.3.4 (iPhone; iOS 6.1; Scale/2.00)" "-""0.026"
117.136.19.89 - 97895181@qq.com [24/Dec/2014:07:19:13 +0800] "GET /shops/delay?version=2&shopfilter[appver]=2.3.4&shopfilter[distance]=50000&shopfilter[keyword]=&shopfilter[lat]=33.1003&shopfilter[lng]=120.0752&shopfilter[ordertype]=&shopfilter[uid]=150597 HTTP/1.1" 200 27871 "-" "yiqichang/2.3.4 (iPhone; iOS 6.1; Scale/2.00)" "-""0.185"
192.168.122.1 - - [24/Dec/2014:07:21:01 +0800] "GET / HTTP/1.1" 200 39 "-" "check_http/v2.0.3 (nagios-plugins 2.0.3)" "-""0.010"
192.168.122.1 - - [24/Dec/2014:07:24:01 +0800] "GET / HTTP/1.1" 200 39 "-" "check_http/v2.0.3 (nagios-plugins 2.0.3)" "-""0.011"
117.162.63.216 - - [24/Dec/2014:07:26:26 +0800] "POST /login/qq HTTP/1.1" 200 27 "-" "yiqichang/2.3.4 (iPhone; iOS 6.1.2; Scale/2.00)" "-""0.015"
117.24.45.100 - 615198627@qq.com [24/Dec/2014:07:26:54 +0800] "GET /shops/push HTTP/1.1" 200 22 "-" "yiqichang/2.3.4 (iPhone; iOS 8.1; Scale/2.00)" "-""0.081"
117.24.45.100 - 615198627@qq.com [24/Dec/2014:07:26:55 +0800] "GET /users/151687?appver=2.3.4 HTTP/1.1" 200 752 "-" "yiqichang/2.3.4 (iPhone; iOS 8.1; Scale/2.00)" "-""0.080"
117.24.45.100 - 615198627@qq.com [24/Dec/2014:07:26:56 +0800] "GET /systeminfo?nonce=guangtou&signature=3d68c7e965ccb1a7c8af19a34b7873c91d7f8946&timestamp=1419377182&versiontag=1415601767 HTTP/1.1" 200 79 "-" "yiqichang/2.3.4 (iPhone; iOS 8.1; Scale/2.00)" "-""0.017"
117.24.45.100 - 615198627@qq.com [24/Dec/2014:07:26:57 +0800] "GET /shops/delay?version=2&shopfilter[appver]=2.3.4&shopfilter[distance]=50000&shopfilter[keyword]=&shopfilter[lat]=24.96272&shopfilter[lng]=118.6957&shopfilter[ordertype]=&shopfilter[uid]=151687 HTTP/1.1" 200 28498 "-" "yiqichang/2.3.4 (iPhone; iOS 8.1; Scale/2.00)" "-""0.218"
117.24.45.100 - 615198627@qq.com [24/Dec/2014:07:26:58 +0800] "GET /activitys?activityfilter[lat]=24.96272&activityfilter[lng]=118.6957&activityfilter[ordertype]=&activityfilter[timefilter]=all HTTP/1.1" 200 72 "-" "yiqichang/2.3.4 (iPhone; iOS 8.1; Scale/2.00)" "-""0.086"
117.24.45.100 - 615198627@qq.com [24/Dec/2014:07:26:58 +0800] "GET /shops/listgroupsale?version=3&salefilter[lat]=24.96272&salefilter[lng]=118.6957 HTTP/1.1" 200 30 "-" "yiqichang/2.3.4 (iPhone; iOS 8.1; Scale/2.00)" "-""0.105"
117.24.45.100 - 615198627@qq.com [24/Dec/2014:07:27:00 +0800] "GET /notify?version=2.3.4 HTTP/1.1" 200 24 "-" "yiqichang/2.3.4 (iPhone; iOS 8.1; Scale/2.00)" "-""0.081"
192.168.122.1 - - [24/Dec/2014:07:27:01 +0800] "GET / HTTP/1.1" 200 39 "-" "check_http/v2.0.3 (nagios-plugins 2.0.3)" "-""0.009"
117.162.63.216 - - [24/Dec/2014:07:27:36 +0800] "POST /login HTTP/1.1" 401 54 "-" "yiqichang/2.3.4 (iPhone; iOS 6.1.2; Scale/2.00)" "-""1.537"
118.248.231.59 - 317108593@qq.com [24/Dec/2014:07:28:25 +0800] "PUT /users/devicesToken HTTP/1.1" 200 33 "-" "yiqichang/2.3.4 (iPhone; iOS 5.1.1; Scale/2.00)" "-""0.141"
118.248.231.59 - 317108593@qq.com [24/Dec/2014:07:28:25 +0800] "GET /shops/push HTTP/1.1" 200 22 "-" "yiqichang/2.3.4 (iPhone; iOS 5.1.1; Scale/2.00)" "-""0.151"
118.248.231.59 - 317108593@qq.com [24/Dec/2014:07:28:26 +0800] "GET /users/150563?appver=2.3.4 HTTP/1.1" 200 763 "-" "yiqichang/2.3.4 (iPhone; iOS 5.1.1; Scale/2.00)" "-""0.078"
114.221.71.218 - - [24/Dec/2014:07:29:51 +0800] "GET /systeminfo?nonce=guangtou&signature=60526337038b298034735d10f9587ec3d7598ffc&timestamp=1419377360&versiontag=1415601767 HTTP/1.1" 200 79 "-" "WirelessSong-order/1020.2 (iPhone; iOS 8.1.2; Scale/2.00)" "-""0.016"
114.221.71.218 - - [24/Dec/2014:07:29:51 +0800] "GET /shops/list?shopfilter[appver]=3.0.4&shopfilter[city]=%E5%AE%89%E9%98%B3&shopfilter[distance]=50000&shopfilter[lat]=32.05193953132733&shopfilter[lng]=118.8952149042926&shopfilter[ordertype]=&shopfilter[page]=0&version=3 HTTP/1.1" 200 20001 "-" "WirelessSong-order/1020.2 (iPhone; iOS 8.1.2; Scale/2.00)" "-""0.098"
114.221.71.218 - - [24/Dec/2014:07:29:54 +0800] "GET /shops/list?shopfilter[appver]=3.0.4&shopfilter[city]=%E6%B1%9F%E8%8B%8F%E7%9C%81&shopfilter[distance]=50000&shopfilter[lat]=32.05241356458362&shopfilter[lng]=118.8949980439856&shopfilter[ordertype]=&shopfilter[page]=0&version=3 HTTP/1.1" 200 72 "-" "WirelessSong-order/1020.2 (iPhone; iOS 8.1.2; Scale/2.00)" "-""0.016"
114.221.71.218 - - [24/Dec/2014:07:29:57 +0800] "GET /citys?order=1 HTTP/1.1" 200 2744 "-" "WirelessSong-order/1020.2 (iPhone; iOS 8.1.2; Scale/2.00)" "-""0.016"
114.221.71.218 - - [24/Dec/2014:07:29:59 +0800] "GET /shops/list?shopfilter[appver]=3.0.4&shopfilter[city]=%E4%B8%8A%E6%B5%B7&shopfilter[distance]=50000&shopfilter[lat]=32.05235791842879&shopfilter[lng]=118.8948525798982&shopfilter[ordertype]=&shopfilter[page]=0&version=3 HTTP/1.1" 200 20336 "-" "WirelessSong-order/1020.2 (iPhone; iOS 8.1.2; Scale/2.00)" "-""0.113"
192.168.122.1 - - [24/Dec/2014:07:30:01 +0800] "GET / HTTP/1.1" 200 39 "-" "check_http/v2.0.3 (nagios-plugins 2.0.3)" "-""0.010"
114.221.71.218 - - [24/Dec/2014:07:30:02 +0800] "GET /citys?order=1 HTTP/1.1" 200 2744 "-" "WirelessSong-order/1020.2 (iPhone; iOS 8.1.2; Scale/2.00)" "-""0.020"
114.221.71.218 - - [24/Dec/2014:07:30:03 +0800] "GET /shops/list?shopfilter[appver]=3.0.4&shopfilter[city]=%E5%8D%97%E4%BA%AC&shopfilter[distance]=50000&shopfilter[lat]=32.05242600336859&shopfilter[lng]=118.894940662255&shopfilter[ordertype]=&shopfilter[page]=0&version=3 HTTP/1.1" 200 38564 "-" "WirelessSong-order/1020.2 (iPhone; iOS 8.1.2; Scale/2.00)" "-""0.112"
117.162.63.216 - - [24/Dec/2014:07:30:09 +0800] "POST /users/new HTTP/1.1" 200 803 "-" "yiqichang/2.3.4 (iPhone; iOS 6.1.2; Scale/2.00)" "-""2.574"
117.162.63.216 - 875049295@qq.com [24/Dec/2014:07:30:09 +0800] "GET /users/153726?appver=2.3.4 HTTP/1.1" 200 754 "-" "yiqichang/2.3.4 (iPhone; iOS 6.1.2; Scale/2.00)" "-""0.077"
117.162.63.216 - 875049295@qq.com [24/Dec/2014:07:30:10 +0800] "POST /adv/limei HTTP/1.1" 200 33 "-" "yiqichang/2.3.4 (iPhone; iOS 6.1.2; Scale/2.00)" "-""0.084"
117.162.63.216 - 875049295@qq.com [24/Dec/2014:07:30:12 +0800] "GET /systeminfo?nonce=guangtou&signature=fdca60c1f4e477e44924a3272e85cd26f0240bb0&timestamp=1419377376 HTTP/1.1" 200 25353 "-" "yiqichang/2.3.4 (iPhone; iOS 6.1.2; Scale/2.00)" "-""0.017"
117.162.63.216 - 875049295@qq.com [24/Dec/2014:07:30:13 +0800] "GET /users/friend HTTP/1.1" 200 25 "-" "yiqichang/2.3.4 (iPhone; iOS 6.1.2; Scale/2.00)" "-""0.138"
117.162.63.216 - 875049295@qq.com [24/Dec/2014:07:30:13 +0800] "GET /users/authInfo HTTP/1.1" 200 33 "-" "yiqichang/2.3.4 (iPhone; iOS 6.1.2; Scale/2.00)" "-""0.146"
117.162.63.216 - 875049295@qq.com [24/Dec/2014:07:30:14 +0800] "GET /shops/delay?version=2&shopfilter[appver]=2.3.4&shopfilter[distance]=50000&shopfilter[keyword]=&shopfilter[lat]=28.67674&shopfilter[lng]=115.8913&shopfilter[ordertype]=&shopfilter[uid]=153726 HTTP/1.1" 200 27779 "-" "yiqichang/2.3.4 (iPhone; iOS 6.1.2; Scale/2.00)" "-""0.324"
117.162.63.216 - 875049295@qq.com [24/Dec/2014:07:30:14 +0800] "GET /shops/listgroupsale?version=3&salefilter[lat]=28.67908&salefilter[lng]=115.8881 HTTP/1.1" 200 30 "-" "yiqichang/2.3.4 (iPhone; iOS 6.1.2; Scale/2.00)" "-""0.156"
117.162.63.216 - 875049295@qq.com [24/Dec/2014:07:30:14 +0800] "GET /shops/listgroupsale?version=3&salefilter[lat]=28.67674&salefilter[lng]=115.8913 HTTP/1.1" 200 30 "-" "yiqichang/2.3.4 (iPhone; iOS 6.1.2; Scale/2.00)" "-""0.151"
117.162.63.216 - 875049295@qq.com [24/Dec/2014:07:30:14 +0800] "GET /shops/delay?version=2&shopfilter[appver]=2.3.4&shopfilter[distance]=50000&shopfilter[keyword]=&shopfilter[lat]=28.67908&shopfilter[lng]=115.8881&shopfilter[ordertype]=&shopfilter[uid]=153726 HTTP/1.1" 200 27779 "-" "yiqichang/2.3.4 (iPhone; iOS 6.1.2; Scale/2.00)" "-""0.388"
117.162.63.216 - 875049295@qq.com [24/Dec/2014:07:30:14 +0800] "GET /activitys?activityfilter[lat]=28.67908&activityfilter[lng]=115.8881&activityfilter[ordertype]=&activityfilter[timefilter]=all HTTP/1.1" 200 72 "-" "yiqichang/2.3.4 (iPhone; iOS 6.1.2; Scale/2.00)" "-""0.082"
117.162.63.216 - 875049295@qq.com [24/Dec/2014:07:30:14 +0800] "GET /activitys?activityfilter[lat]=28.67674&activityfilter[lng]=115.8913&activityfilter[ordertype]=&activityfilter[timefilter]=all HTTP/1.1" 200 72 "-" "yiqichang/2.3.4 (iPhone; iOS 6.1.2; Scale/2.00)" "-""0.079"
117.162.63.216 - 875049295@qq.com [24/Dec/2014:07:30:16 +0800] "GET /notify?version=2.3.4 HTTP/1.1" 200 24 "-" "yiqichang/2.3.4 (iPhone; iOS 6.1.2; Scale/2.00)" "-""0.080"
114.221.71.218 - - [24/Dec/2014:07:30:19 +0800] "GET /shops/list?shopfilter[appver]=3.0.4&shopfilter[city]=%E5%8D%97%E4%BA%AC&shopfilter[distance]=50000&shopfilter[lat]=32.05242600336859&shopfilter[lng]=118.894940662255&shopfilter[ordertype]=&shopfilter[page]=0&version=3 HTTP/1.1" 200 38564 "-" "WirelessSong-order/1020.2 (iPhone; iOS 8.1.2; Scale/2.00)" "-""0.104"
114.221.71.218 - - [24/Dec/2014:07:30:21 +0800] "GET /shops/list?shopfilter[appver]=3.0.4&shopfilter[city]=%E5%8D%97%E4%BA%AC&shopfilter[distance]=50000&shopfilter[lat]=32.05242600336859&shopfilter[lng]=118.894940662255&shopfilter[ordertype]=distance&shopfilter[page]=0&version=3 HTTP/1.1" 200 38564 "-" "WirelessSong-order/1020.2 (iPhone; iOS 8.1.2; Scale/2.00)" "-""0.117"
117.162.63.216 - 875049295@qq.com [24/Dec/2014:07:30:41 +0800] "GET /shops/products?version=2&productfilter[hours]=1&productfilter[sid]=1292&productfilter[start]=201412241200 HTTP/1.1" 200 46 "-" "yiqichang/2.3.4 (iPhone; iOS 6.1.2; Scale/2.00)" "-""0.013"
114.221.71.218 - - [24/Dec/2014:07:30:43 +0800] "GET /shops/list?shopfilter[appver]=3.0.4&shopfilter[city]=%E5%8D%97%E4%BA%AC&shopfilter[distance]=50000&shopfilter[lat]=32.05242600336859&shopfilter[lng]=118.894940662255&shopfilter[ordertype]=distance&shopfilter[page]=1&version=3 HTTP/1.1" 200 37949 "-" "WirelessSong-order/1020.2 (iPhone; iOS 8.1.2; Scale/2.00)" "-""0.106"
114.221.71.218 - - [24/Dec/2014:07:30:51 +0800] "GET /shops/products?pro=1&productfilter[hours]=1&productfilter[sid]=6487&productfilter[start]=201412240730&shopfilter[appver]=3.0.4&version=3 HTTP/1.1" 200 63 "-" "WirelessSong-order/1020.2 (iPhone; iOS 8.1.2; Scale/2.00)" "-""0.017"
117.162.63.216 - 875049295@qq.com [24/Dec/2014:07:30:56 +0800] "GET /users/messages/noread HTTP/1.1" 200 42 "-" "yiqichang/2.3.4 (iPhone; iOS 6.1.2; Scale/2.00)" "-""0.080"
117.162.63.216 - 875049295@qq.com [24/Dec/2014:07:30:58 +0800] "GET /shops/products?version=2&productfilter[hours]=1&productfilter[sid]=1292&productfilter[start]=201412241200 HTTP/1.1" 200 46 "-" "yiqichang/2.3.4 (iPhone; iOS 6.1.2; Scale/2.00)" "-""0.013"
114.221.71.218 - - [24/Dec/2014:07:30:59 +0800] "GET /shops/products?pro=1&productfilter[hours]=1&productfilter[sid]=6415&productfilter[start]=201412240730&shopfilter[appver]=3.0.4&version=3 HTTP/1.1" 200 63 "-" "WirelessSong-order/1020.2 (iPhone; iOS 8.1.2; Scale/2.00)" "-""0.022"
117.162.63.216 - 875049295@qq.com [24/Dec/2014:07:31:10 +0800] "GET /systeminfo?nonce=guangtou&signature=87926084b82bc6705d0d2afa28add4a14bc5ed93&timestamp=1419377433&versiontag=1415601767 HTTP/1.1" 200 79 "-" "yiqichang/2.3.4 (iPhone; iOS 6.1.2; Scale/2.00)" "-""0.017"
114.221.71.218 - - [24/Dec/2014:07:31:13 +0800] "GET /shops/products?pro=1&productfilter[hours]=3&productfilter[sid]=6415&productfilter[start]=201412242000&shopfilter[appver]=3.0.4&version=3 HTTP/1.1" 200 3272 "-" "WirelessSong-order/1020.2 (iPhone; iOS 8.1.2; Scale/2.00)" "-""0.026"
117.162.63.216 - 875049295@qq.com [24/Dec/2014:07:31:19 +0800] "GET /users/messages/noread HTTP/1.1" 200 42 "-" "yiqichang/2.3.4 (iPhone; iOS 6.1.2; Scale/2.00)" "-""0.077"
117.162.63.216 - 875049295@qq.com [24/Dec/2014:07:31:20 +0800] "GET /shops?version=2&shopfilter[appver]=2.3.4&shopfilter[distance]=50000&shopfilter[lat]=28.67572&shopfilter[lng]=115.8929 HTTP/1.1" 200 254613 "-" "yiqichang/2.3.4 (iPhone; iOS 6.1.2; Scale/2.00)" "-""2.041"
117.162.63.216 - 875049295@qq.com [24/Dec/2014:07:31:41 +0800] "GET /shops?version=2&shopfilter[appver]=2.3.4&shopfilter[distance]=50000&shopfilter[lat]=28.67582&shopfilter[lng]=115.8929 HTTP/1.1" 200 254622 "-" "yiqichang/2.3.4 (iPhone; iOS 6.1.2; Scale/2.00)" "-""2.849"
117.162.63.216 - 875049295@qq.com [24/Dec/2014:07:31:41 +0800] "GET /shops?version=2&shopfilter[appver]=2.3.4&shopfilter[distance]=50000&shopfilter[lat]=28.67582&shopfilter[lng]=115.8929 HTTP/1.1" 200 254613 "-" "yiqichang/2.3.4 (iPhone; iOS 6.1.2; Scale/2.00)" "-""2.905"
117.162.63.216 - 875049295@qq.com [24/Dec/2014:07:31:43 +0800] "GET /shops?version=2&shopfilter[appver]=2.3.4&shopfilter[distance]=50000&shopfilter[lat]=28.67582&shopfilter[lng]=115.8929 HTTP/1.1" 200 254613 "-" "yiqichang/2.3.4 (iPhone; iOS 6.1.2; Scale/2.00)" "-""3.180"
117.162.63.216 - 875049295@qq.com [24/Dec/2014:07:32:01 +0800] "GET /game/guessSongPlayerInfo HTTP/1.1" 200 101 "-" "yiqichang/2.3.4 (iPhone; iOS 6.1.2; Scale/2.00)" "-""0.093"
117.162.63.216 - 875049295@qq.com [24/Dec/2014:07:32:01 +0800] "GET /game/listGuessSong HTTP/1.1" 200 11795 "-" "yiqichang/2.3.4 (iPhone; iOS 6.1.2; Scale/2.00)" "-""0.153"
192.168.122.1 - - [24/Dec/2014:07:33:01 +0800] "GET / HTTP/1.1" 200 39 "-" "check_http/v2.0.3 (nagios-plugins 2.0.3)" "-""0.009"
117.162.63.216 - 875049295@qq.com [24/Dec/2014:07:33:17 +0800] "GET /game/listGuessSong HTTP/1.1" 200 11795 "-" "yiqichang/2.3.4 (iPhone; iOS 6.1.2; Scale/2.00)" "-""0.089"
117.162.63.216 - 875049295@qq.com [24/Dec/2014:07:33:17 +0800] "GET /game/guessSongPlayerInfo HTTP/1.1" 200 101 "-" "yiqichang/2.3.4 (iPhone; iOS 6.1.2; Scale/2.00)" "-""0.080"
117.162.63.216 - 875049295@qq.com [24/Dec/2014:07:33:23 +0800] "GET /game/randomSong?loc[lat]=28.67907&loc[lng]=115.888 HTTP/1.1" 200 69 "-" "yiqichang/2.3.4 (iPhone; iOS 6.1.2; Scale/2.00)" "-""0.210"
117.162.63.216 - 875049295@qq.com [24/Dec/2014:07:33:26 +0800] "GET /game/randomSong?loc[lat]=28.67907&loc[lng]=115.888 HTTP/1.1" 200 69 "-" "yiqichang/2.3.4 (iPhone; iOS 6.1.2; Scale/2.00)" "-""0.204"
117.162.63.216 - 875049295@qq.com [24/Dec/2014:07:33:29 +0800] "GET /game/randomSong?loc[lat]=28.67907&loc[lng]=115.888 HTTP/1.1" 200 1128 "-" "yiqichang/2.3.4 (iPhone; iOS 6.1.2; Scale/2.00)" "-""0.214"
223.245.52.119 - - [24/Dec/2014:07:33:44 +0800] "GET /systeminfo?nonce=guangtou&signature=7d2198a694f0bae644dce6bcd3ecf84db964f667&timestamp=1419377585 HTTP/1.1" 200 25353 "-" "WirelessSong-order/1020.2 (iPhone; iOS 8.1; Scale/2.00)" "-""0.017"
223.245.52.119 - - [24/Dec/2014:07:33:44 +0800] "GET /shops/list?shopfilter[appver]=3.0.4&shopfilter[city]=%E4%B8%8A%E6%B5%B7&shopfilter[distance]=50000&shopfilter[lat]=31.2103&shopfilter[lng]=121.4525&shopfilter[ordertype]=&shopfilter[page]=0&version=3 HTTP/1.1" 200 21457 "-" "WirelessSong-order/1020.2 (iPhone; iOS 8.1; Scale/2.00)" "-""0.100"
223.245.52.119 - - [24/Dec/2014:07:33:45 +0800] "GET /systeminfo?nonce=guangtou&signature=fbeb97a902a79c8138777ee0767cd79610abe8bb&timestamp=1419377588 HTTP/1.1" 200 25353 "-" "WirelessSong-order/1020.2 (iPhone; iOS 8.1; Scale/2.00)" "-""0.016"
223.245.52.119 - - [24/Dec/2014:07:33:58 +0800] "GET /shops/list?shopfilter[appver]=3.0.4&shopfilter[city]=%E5%AE%89%E5%BE%BD%E7%9C%81&shopfilter[distance]=50000&shopfilter[lat]=32.88692576521755&shopfilter[lng]=117.426642227979&shopfilter[ordertype]=&shopfilter[page]=0&version=3 HTTP/1.1" 200 72 "-" "WirelessSong-order/1020.2 (iPhone; iOS 8.1; Scale/2.00)" "-""0.017"
223.245.52.119 - - [24/Dec/2014:07:34:03 +0800] "GET /citys?order=1 HTTP/1.1" 200 2744 "-" "WirelessSong-order/1020.2 (iPhone; iOS 8.1; Scale/2.00)" "-""0.018"
140.206.255.231 - - [24/Dec/2014:07:34:11 +0800] "GET /systeminfo?nonce=guangtou&signature=7488529aa06eb76b91f1f4c2dd3838c47fbfb5de&timestamp=1419377614&versiontag=1415601767 HTTP/1.1" 200 79 "-" "WirelessSong-order/1020.2 (iPhone; iOS 8.1.2; Scale/2.00)" "-""0.017"
140.206.255.231 - - [24/Dec/2014:07:34:11 +0800] "GET /shops/list?shopfilter[appver]=3.0.4&shopfilter[city]=%E4%B8%8A%E6%B5%B7&shopfilter[distance]=50000&shopfilter[lat]=31.17091691974533&shopfilter[lng]=121.3965991999101&shopfilter[ordertype]=&shopfilter[page]=0&version=3 HTTP/1.1" 200 26187 "-" "WirelessSong-order/1020.2 (iPhone; iOS 8.1.2; Scale/2.00)" "-""0.111"
223.245.52.119 - - [24/Dec/2014:07:34:14 +0800] "GET /shops/list?shopfilter[appver]=3.0.4&shopfilter[city]=%E8%9A%8C%E5%9F%A0&shopfilter[distance]=50000&shopfilter[lat]=32.88708428766716&shopfilter[lng]=117.4266802481885&shopfilter[ordertype]=&shopfilter[page]=0&version=3 HTTP/1.1" 200 8074 "-" "WirelessSong-order/1020.2 (iPhone; iOS 8.1; Scale/2.00)" "-""0.051"
140.206.255.231 - - [24/Dec/2014:07:34:19 +0800] "GET /shops/products?pro=1&productfilter[hours]=1&productfilter[sid]=6152&productfilter[start]=201412240800&shopfilter[appver]=3.0.4&version=3 HTTP/1.1" 200 63 "-" "WirelessSong-order/1020.2 (iPhone; iOS 8.1.2; Scale/2.00)" "-""0.026"
223.245.52.119 - - [24/Dec/2014:07:34:20 +0800] "GET /shops/list?shopfilter[appver]=3.0.4&shopfilter[city]=%E8%9A%8C%E5%9F%A0&shopfilter[distance]=1000&shopfilter[lat]=32.88708428766716&shopfilter[lng]=117.4266802481885&shopfilter[ordertype]=&shopfilter[page]=0&version=3 HTTP/1.1" 200 72 "-" "WirelessSong-order/1020.2 (iPhone; iOS 8.1; Scale/2.00)" "-""0.016"
117.136.65.91 - 278197748@qq.com [24/Dec/2014:07:34:21 +0800] "GET /shops/listgroupsale?version=3&salefilter[lat]=31.22424&salefilter[lng]=107.471 HTTP/1.1" 200 30 "-" "yiqichang/2.3.4 (iPhone; iOS 6.0; Scale/2.00)" "-""0.015"
117.136.65.91 - 278197748@qq.com [24/Dec/2014:07:34:21 +0800] "GET /shops/delay?version=2&shopfilter[appver]=2.3.4&shopfilter[distance]=50000&shopfilter[keyword]=&shopfilter[lat]=31.22424&shopfilter[lng]=107.471&shopfilter[ordertype]=&shopfilter[uid]=152637 HTTP/1.1" 200 8507 "-" "yiqichang/2.3.4 (iPhone; iOS 6.0; Scale/2.00)" "-""0.055"
140.206.255.231 - - [24/Dec/2014:07:34:25 +0800] "GET /shops/products?pro=1&productfilter[hours]=1&productfilter[sid]=6167&productfilter[start]=201412240800&shopfilter[appver]=3.0.4&version=3 HTTP/1.1" 200 2630 "-" "WirelessSong-order/1020.2 (iPhone; iOS 8.1.2; Scale/2.00)" "-""0.032"
223.245.52.119 - - [24/Dec/2014:07:34:25 +0800] "GET /shops/list?shopfilter[appver]=3.0.4&shopfilter[city]=%E8%9A%8C%E5%9F%A0&shopfilter[distance]=3000&shopfilter[lat]=32.88708428766716&shopfilter[lng]=117.4266802481885&shopfilter[ordertype]=&shopfilter[page]=0&version=3 HTTP/1.1" 200 72 "-" "WirelessSong-order/1020.2 (iPhone; iOS 8.1; Scale/2.00)" "-""0.016"
223.245.52.119 - - [24/Dec/2014:07:34:28 +0800] "GET /shops/list?shopfilter[appver]=3.0.4&shopfilter[city]=%E8%9A%8C%E5%9F%A0&shopfilter[distance]=5000&shopfilter[lat]=32.88708428766716&shopfilter[lng]=117.4266802481885&shopfilter[ordertype]=&shopfilter[page]=0&version=3 HTTP/1.1" 200 72 "-" "WirelessSong-order/1020.2 (iPhone; iOS 8.1; Scale/2.00)" "-""0.017"
223.245.52.119 - - [24/Dec/2014:07:34:33 +0800] "GET /shops/list?shopfilter[appver]=3.0.4&shopfilter[city]=%E8%9A%8C%E5%9F%A0&shopfilter[distance]=5000&shopfilter[lat]=32.88708428766716&shopfilter[lng]=117.4266802481885&shopfilter[ordertype]=distance&shopfilter[page]=0&version=3 HTTP/1.1" 200 72 "-" "WirelessSong-order/1020.2 (iPhone; iOS 8.1; Scale/2.00)" "-""0.023"
223.245.52.119 - - [24/Dec/2014:07:34:40 +0800] "GET /city/shoplist?shopfilter[appver]=3.0.4&shopfilter[city]=%E8%9A%8C%E5%9F%A0&shopfilter[distance]=50000&shopfilter[lat]=0&shopfilter[lng]=0&version=3 HTTP/1.1" 200 7917 "-" "WirelessSong-order/1020.2 (iPhone; iOS 8.1; Scale/2.00)" "-""0.206"
140.206.255.231 - - [24/Dec/2014:07:34:42 +0800] "GET /findactivity?page=0 HTTP/1.1" 200 7112 "-" "WirelessSong-order/1020.2 (iPhone; iOS 8.1.2; Scale/2.00)" "-""0.019"
223.245.52.119 - - [24/Dec/2014:07:34:50 +0800] "GET /findactivity?page=0 HTTP/1.1" 200 7112 "-" "WirelessSong-order/1020.2 (iPhone; iOS 8.1; Scale/2.00)" "-""0.017"
117.162.63.216 - 875049295@qq.com [24/Dec/2014:07:34:54 +0800] "POST /game/guesshit HTTP/1.1" 200 33 "-" "yiqichang/2.3.4 (iPhone; iOS 6.1.2; Scale/2.00)" "-""0.083"
117.162.63.216 - 875049295@qq.com [24/Dec/2014:07:35:00 +0800] "GET /game/randomSong?loc[lat]=28.67907&loc[lng]=115.888 HTTP/1.1" 200 1191 "-" "yiqichang/2.3.4 (iPhone; iOS 6.1.2; Scale/2.00)" "-""0.212"
223.245.52.119 - - [24/Dec/2014:07:35:10 +0800] "GET /findactivity?page=0 HTTP/1.1" 200 7112 "-" "WirelessSong-order/1020.2 (iPhone; iOS 8.1; Scale/2.00)" "-""0.022"
223.245.52.119 - - [24/Dec/2014:07:35:16 +0800] "GET /shops/list?shopfilter[appver]=3.0.4&shopfilter[city]=%E8%9A%8C%E5%9F%A0&shopfilter[distance]=50000&shopfilter[lat]=32.88708428766716&shopfilter[lng]=117.4266802481885&shopfilter[ordertype]=distance&shopfilter[page]=0&version=3 HTTP/1.1" 200 8074 "-" "WirelessSong-order/1020.2 (iPhone; iOS 8.1; Scale/2.00)" "-""0.048"
117.162.63.216 - 875049295@qq.com [24/Dec/2014:07:35:17 +0800] "POST /game/guesshit HTTP/1.1" 200 33 "-" "yiqichang/2.3.4 (iPhone; iOS 6.1.2; Scale/2.00)" "-""0.083"
117.162.63.216 - 875049295@qq.com [24/Dec/2014:07:35:20 +0800] "GET /game/randomSong?loc[lat]=28.67907&loc[lng]=115.888 HTTP/1.1" 200 1145 "-" "yiqichang/2.3.4 (iPhone; iOS 6.1.2; Scale/2.00)" "-""0.212"
140.206.255.231 - - [24/Dec/2014:07:35:22 +0800] "POST /login/sina HTTP/1.1" 200 27 "-" "WirelessSong-order/1020.2 (iPhone; iOS 8.1.2; Scale/2.00)" "-""0.015"
223.245.52.119 - - [24/Dec/2014:07:35:24 +0800] "GET /shops/products?pro=1&productfilter[hours]=1&productfilter[sid]=54&productfilter[start]=201412240800&shopfilter[appver]=3.0.4&version=3 HTTP/1.1" 200 63 "-" "WirelessSong-order/1020.2 (iPhone; iOS 8.1; Scale/2.00)" "-""0.015"
192.168.122.1 - - [24/Dec/2014:07:36:01 +0800] "GET / HTTP/1.1" 200 39 "-" "check_http/v2.0.3 (nagios-plugins 2.0.3)" "-""0.011"
218.74.139.182 - 330475587@qq.com [24/Dec/2014:07:36:04 +0800] "PUT /users/devicesToken HTTP/1.1" 200 33 "-" "yiqichang/2.3.4 (iPhone; iOS 5.1.1; Scale/2.00)" "-""0.135"
218.74.139.182 - 330475587@qq.com [24/Dec/2014:07:36:04 +0800] "GET /shops/push HTTP/1.1" 200 22 "-" "yiqichang/2.3.4 (iPhone; iOS 5.1.1; Scale/2.00)" "-""0.150"
218.74.139.182 - 330475587@qq.com [24/Dec/2014:07:36:05 +0800] "GET /users/151239?appver=2.3.4 HTTP/1.1" 200 750 "-" "yiqichang/2.3.4 (iPhone; iOS 5.1.1; Scale/2.00)" "-""0.082"
117.162.63.216 - 875049295@qq.com [24/Dec/2014:07:36:12 +0800] "GET /game/randomSong?loc[lat]=28.67907&loc[lng]=115.888 HTTP/1.1" 200 1126 "-" "yiqichang/2.3.4 (iPhone; iOS 6.1.2; Scale/2.00)" "-""0.214"
117.162.63.216 - 875049295@qq.com [24/Dec/2014:07:36:24 +0800] "GET /game/listGuessSong HTTP/1.1" 200 11795 "-" "yiqichang/2.3.4 (iPhone; iOS 6.1.2; Scale/2.00)" "-""0.087"
117.162.63.216 - 875049295@qq.com [24/Dec/2014:07:36:24 +0800] "GET /game/guessSongPlayerInfo HTTP/1.1" 200 376 "-" "yiqichang/2.3.4 (iPhone; iOS 6.1.2; Scale/2.00)" "-""0.081"
114.221.71.218 - - [24/Dec/2014:07:37:21 +0800] "GET /shops/list?shopfilter[appver]=3.0.4&shopfilter[city]=%E5%8D%97%E4%BA%AC&shopfilter[distance]=50000&shopfilter[lat]=32.05245808479588&shopfilter[lng]=118.8949747567952&shopfilter[ordertype]=distance&shopfilter[page]=0&version=3 HTTP/1.1" 200 38564 "-" "WirelessSong-order/1020.2 (iPhone; iOS 8.1.2; Scale/2.00)" "-""0.118"
114.221.71.218 - - [24/Dec/2014:07:37:25 +0800] "GET /shops/products?pro=1&productfilter[hours]=1&productfilter[sid]=6403&productfilter[start]=201412240800&shopfilter[appver]=3.0.4&version=3 HTTP/1.1" 200 63 "-" "WirelessSong-order/1020.2 (iPhone; iOS 8.1.2; Scale/2.00)" "-""0.014"
117.162.63.216 - 875049295@qq.com [24/Dec/2014:07:37:25 +0800] "POST /game/receiveSong HTTP/1.1" 200 33 "-" "yiqichang/2.3.4 (iPhone; iOS 6.1.2; Scale/2.00)" "-""0.085"
114.221.71.218 - - [24/Dec/2014:07:37:32 +0800] "GET /shops/products?pro=1&productfilter[hours]=1&productfilter[sid]=39&productfilter[start]=201412240800&shopfilter[appver]=3.0.4&version=3 HTTP/1.1" 200 63 "-" "WirelessSong-order/1020.2 (iPhone; iOS 8.1.2; Scale/2.00)" "-""0.034"
114.221.71.218 - - [24/Dec/2014:07:37:40 +0800] "GET /shops/products?pro=1&productfilter[hours]=1&productfilter[sid]=6261&productfilter[start]=201412240800&shopfilter[appver]=3.0.4&version=3 HTTP/1.1" 200 63 "-" "WirelessSong-order/1020.2 (iPhone; iOS 8.1.2; Scale/2.00)" "-""0.029"
114.221.71.218 - - [24/Dec/2014:07:37:55 +0800] "GET /shops/products?pro=1&productfilter[hours]=3&productfilter[sid]=6261&productfilter[start]=201412241230&shopfilter[appver]=3.0.4&version=3 HTTP/1.1" 200 4528 "-" "WirelessSong-order/1020.2 (iPhone; iOS 8.1.2; Scale/2.00)" "-""0.025"
117.162.63.216 - 875049295@qq.com [24/Dec/2014:07:38:46 +0800] "POST /game/receiveSong HTTP/1.1" 200 33 "-" "yiqichang/2.3.4 (iPhone; iOS 6.1.2; Scale/2.00)" "-""0.084"
117.162.63.216 - 875049295@qq.com [24/Dec/2014:07:39:00 +0800] "GET /game/listGuessSong HTTP/1.1" 200 11795 "-" "yiqichang/2.3.4 (iPhone; iOS 6.1.2; Scale/2.00)" "-""0.084"
117.162.63.216 - 875049295@qq.com [24/Dec/2014:07:39:01 +0800] "GET /game/guessSongPlayerInfo HTTP/1.1" 200 376 "-" "yiqichang/2.3.4 (iPhone; iOS 6.1.2; Scale/2.00)" "-""0.082"
192.168.122.1 - - [24/Dec/2014:07:39:01 +0800] "GET / HTTP/1.1" 200 39 "-" "check_http/v2.0.3 (nagios-plugins 2.0.3)" "-""0.009"
140.206.255.231 - - [24/Dec/2014:07:39:11 +0800] "POST /users/new HTTP/1.1" 200 1003 "-" "WirelessSong-order/1020.2 (iPhone; iOS 8.1.2; Scale/2.00)" "-""1.442"
117.162.63.216 - 875049295@qq.com [24/Dec/2014:07:39:13 +0800] "GET /game/randomSong?loc[lat]=28.67907&loc[lng]=115.888 HTTP/1.1" 200 69 "-" "yiqichang/2.3.4 (iPhone; iOS 6.1.2; Scale/2.00)" "-""0.210"
117.162.63.216 - 875049295@qq.com [24/Dec/2014:07:39:16 +0800] "GET /game/randomSong?loc[lat]=28.67907&loc[lng]=115.888 HTTP/1.1" 200 69 "-" "yiqichang/2.3.4 (iPhone; iOS 6.1.2; Scale/2.00)" "-""0.209"
140.206.255.231 - luqiming@gmail.com [24/Dec/2014:07:39:19 +0800] "GET /users/orders/v3 HTTP/1.1" 200 24 "-" "WirelessSong-order/1020.2 (iPhone; iOS 8.1.2; Scale/2.00)" "-""0.312"
117.162.63.216 - 875049295@qq.com [24/Dec/2014:07:39:19 +0800] "GET /game/randomSong?loc[lat]=28.67907&loc[lng]=115.888 HTTP/1.1" 200 1160 "-" "yiqichang/2.3.4 (iPhone; iOS 6.1.2; Scale/2.00)" "-""0.213"
117.162.63.216 - 875049295@qq.com [24/Dec/2014:07:39:32 +0800] "POST /game/guesshit HTTP/1.1" 200 33 "-" "yiqichang/2.3.4 (iPhone; iOS 6.1.2; Scale/2.00)" "-""0.083"
117.162.63.216 - 875049295@qq.com [24/Dec/2014:07:39:37 +0800] "GET /game/randomSong?loc[lat]=28.67907&loc[lng]=115.888 HTTP/1.1" 200 1134 "-" "yiqichang/2.3.4 (iPhone; iOS 6.1.2; Scale/2.00)" "-""0.218"
140.206.255.231 - luqiming@gmail.com [24/Dec/2014:07:39:38 +0800] "GET /users/orders/v3 HTTP/1.1" 200 24 "-" "WirelessSong-order/1020.2 (iPhone; iOS 8.1.2; Scale/2.00)" "-""0.077"
140.206.255.231 - luqiming@gmail.com [24/Dec/2014:07:39:42 +0800] "GET /findactivity?page=0 HTTP/1.1" 200 7112 "-" "WirelessSong-order/1020.2 (iPhone; iOS 8.1.2; Scale/2.00)" "-""0.087"
140.206.255.231 - luqiming@gmail.com [24/Dec/2014:07:39:46 +0800] "GET /users/orders/v3 HTTP/1.1" 200 24 "-" "WirelessSong-order/1020.2 (iPhone; iOS 8.1.2; Scale/2.00)" "-""0.077"
117.162.63.216 - 875049295@qq.com [24/Dec/2014:07:39:46 +0800] "GET /game/listGuessSong HTTP/1.1" 200 11795 "-" "yiqichang/2.3.4 (iPhone; iOS 6.1.2; Scale/2.00)" "-""0.084"
117.162.63.216 - 875049295@qq.com [24/Dec/2014:07:39:46 +0800] "GET /game/guessSongPlayerInfo HTTP/1.1" 200 376 "-" "yiqichang/2.3.4 (iPhone; iOS 6.1.2; Scale/2.00)" "-""0.082"
140.206.255.231 - luqiming@gmail.com [24/Dec/2014:07:39:50 +0800] "GET /findactivity?page=0 HTTP/1.1" 200 7112 "-" "WirelessSong-order/1020.2 (iPhone; iOS 8.1.2; Scale/2.00)" "-""0.084"
117.162.63.216 - 875049295@qq.com [24/Dec/2014:07:39:51 +0800] "GET /game/randomSong?loc[lat]=28.67663&loc[lng]=115.8915 HTTP/1.1" 200 1150 "-" "yiqichang/2.3.4 (iPhone; iOS 6.1.2; Scale/2.00)" "-""0.216"
140.206.255.231 - luqiming@gmail.com [24/Dec/2014:07:39:53 +0800] "GET /users/orders/v3 HTTP/1.1" 200 24 "-" "WirelessSong-order/1020.2 (iPhone; iOS 8.1.2; Scale/2.00)" "-""0.079"
140.206.255.231 - luqiming@gmail.com [24/Dec/2014:07:40:03 +0800] "GET /findactivity?page=0 HTTP/1.1" 200 7112 "-" "WirelessSong-order/1020.2 (iPhone; iOS 8.1.2; Scale/2.00)" "-""0.085"
140.206.255.231 - luqiming@gmail.com [24/Dec/2014:07:40:04 +0800] "GET /findactivity?page=0 HTTP/1.1" 200 7112 "-" "WirelessSong-order/1020.2 (iPhone; iOS 8.1.2; Scale/2.00)" "-""0.086"
117.162.63.216 - 875049295@qq.com [24/Dec/2014:07:40:19 +0800] "POST /game/guesshit HTTP/1.1" 200 33 "-" "yiqichang/2.3.4 (iPhone; iOS 6.1.2; Scale/2.00)" "-""0.089"
117.162.63.216 - 875049295@qq.com [24/Dec/2014:07:40:21 +0800] "GET /game/randomSong?loc[lat]=28.67663&loc[lng]=115.8915 HTTP/1.1" 200 1147 "-" "yiqichang/2.3.4 (iPhone; iOS 6.1.2; Scale/2.00)" "-""0.218"
117.136.8.64 - 702498115@qq.com [24/Dec/2014:07:40:24 +0800] "GET /shops/push HTTP/1.1" 200 22 "-" "yiqichang/2.3.4 (iPhone; iOS 5.0.1; Scale/2.00)" "-""0.078"
117.136.8.64 - 702498115@qq.com [24/Dec/2014:07:40:25 +0800] "PUT /users/devicesToken HTTP/1.1" 200 33 "-" "yiqichang/2.3.4 (iPhone; iOS 5.0.1; Scale/2.00)" "-""0.084"
117.136.8.64 - 702498115@qq.com [24/Dec/2014:07:40:25 +0800] "GET /users/153716?appver=2.3.4 HTTP/1.1" 200 768 "-" "yiqichang/2.3.4 (iPhone; iOS 5.0.1; Scale/2.00)" "-""0.085"
117.162.63.216 - 875049295@qq.com [24/Dec/2014:07:41:42 +0800] "GET /game/listGuessSong HTTP/1.1" 200 11795 "-" "yiqichang/2.3.4 (iPhone; iOS 6.1.2; Scale/2.00)" "-""0.084"
117.162.63.216 - 875049295@qq.com [24/Dec/2014:07:41:43 +0800] "GET /game/guessSongPlayerInfo HTTP/1.1" 200 375 "-" "yiqichang/2.3.4 (iPhone; iOS 6.1.2; Scale/2.00)" "-""0.082"
117.162.63.216 - 875049295@qq.com [24/Dec/2014:07:41:58 +0800] "GET /game/listGuessSong HTTP/1.1" 200 11795 "-" "yiqichang/2.3.4 (iPhone; iOS 6.1.2; Scale/2.00)" "-""0.086"
117.162.63.216 - 875049295@qq.com [24/Dec/2014:07:41:58 +0800] "GET /game/guessSongPlayerInfo HTTP/1.1" 200 375 "-" "yiqichang/2.3.4 (iPhone; iOS 6.1.2; Scale/2.00)" "-""0.084"
117.162.63.216 - 875049295@qq.com [24/Dec/2014:07:42:00 +0800] "GET /game/listUserSong?page=1 HTTP/1.1" 200 344 "-" "yiqichang/2.3.4 (iPhone; iOS 6.1.2; Scale/2.00)" "-""0.080"
192.168.122.1 - - [24/Dec/2014:07:42:01 +0800] "GET / HTTP/1.1" 200 39 "-" "check_http/v2.0.3 (nagios-plugins 2.0.3)" "-""0.010"
117.162.63.216 - 875049295@qq.com [24/Dec/2014:07:42:03 +0800] "GET /game/guessSongPlayerInfo HTTP/1.1" 200 375 "-" "yiqichang/2.3.4 (iPhone; iOS 6.1.2; Scale/2.00)" "-""0.145"
117.162.63.216 - 875049295@qq.com [24/Dec/2014:07:42:03 +0800] "GET /game/listGuessSong HTTP/1.1" 200 11795 "-" "yiqichang/2.3.4 (iPhone; iOS 6.1.2; Scale/2.00)" "-""0.158"
117.162.63.216 - 875049295@qq.com [24/Dec/2014:07:42:08 +0800] "GET /shops/push HTTP/1.1" 200 22 "-" "yiqichang/2.3.4 (iPhone; iOS 6.1.2; Scale/2.00)" "-""0.078"
117.136.14.81 - 124755739@qq.com [24/Dec/2014:07:42:49 +0800] "PUT /users/devicesToken HTTP/1.1" 200 33 "-" "yiqichang/2.3.4 (iPhone; iOS 5.1.1; Scale/2.00)" "-""0.100"
117.136.14.81 - 124755739@qq.com [24/Dec/2014:07:42:49 +0800] "GET /users/141569?appver=2.3.4 HTTP/1.1" 200 750 "-" "yiqichang/2.3.4 (iPhone; iOS 5.1.1; Scale/2.00)" "-""0.080"
117.136.14.81 - 124755739@qq.com [24/Dec/2014:07:42:50 +0800] "GET /shops/push HTTP/1.1" 200 22 "-" "yiqichang/2.3.4 (iPhone; iOS 5.1.1; Scale/2.00)" "-""0.081"
