111.197.253.133 - - [24/Dec/2014:13:25:11 +0800] "GET /shops/list?shopfilter[appver]=3.0.4&shopfilter[city]=%E5%8C%97%E4%BA%AC&shopfilter[distance]=50000&shopfilter[lat]=39.9131097515477&shopfilter[lng]=116.5523631830664&shopfilter[ordertype]=&shopfilter[page]=0&version=3 HTTP/1.1" 200 21509 "-" "WirelessSong-order/1020.2 (iPhone; iOS 8.0; Scale/2.00)" "-""0.101"
111.197.253.133 - - [24/Dec/2014:13:25:17 +0800] "GET /game/infolist HTTP/1.1" 200 598 "-" "WirelessSong-order/1020.2 (iPhone; iOS 8.0; Scale/2.00)" "-""0.015"
111.197.253.133 - - [24/Dec/2014:13:25:25 +0800] "GET /findactivity?page=0 HTTP/1.1" 200 7112 "-" "WirelessSong-order/1020.2 (iPhone; iOS 8.0; Scale/2.00)" "-""0.020"
116.226.80.39 - 15549070703 [24/Dec/2014:13:25:43 +0800] "POST /users/153663/newedit HTTP/1.1" 200 55 "-" "WirelessSong-order/3.0.2 (iPhone Simulator; iOS 8.1; Scale/2.00)" "-""0.929"
111.197.253.133 - - [24/Dec/2014:13:25:48 +0800] "GET /game/infolist HTTP/1.1" 200 598 "-" "WirelessSong-order/1020.2 (iPhone; iOS 8.0; Scale/2.00)" "-""0.016"
111.197.253.133 - - [24/Dec/2014:13:25:50 +0800] "GET /game/images/download?p=trueheart.zip&id=3 HTTP/1.1" 302 5 "-" "WirelessSong-order/1020.2 CFNetwork/711.0.6 Darwin/14.0.0" "-""0.018"
111.197.253.133 - - [24/Dec/2014:13:26:07 +0800] "GET /game/images/download?p=guesssong.zip&id=5 HTTP/1.1" 302 5 "-" "WirelessSong-order/1020.2 CFNetwork/711.0.6 Darwin/14.0.0" "-""0.017"
111.197.253.133 - - [24/Dec/2014:13:26:34 +0800] "GET /shops/products?pro=1&productfilter[hours]=1&productfilter[sid]=122&productfilter[start]=201412241330&shopfilter[appver]=3.0.4&version=3 HTTP/1.1" 200 5166 "-" "WirelessSong-order/1020.2 (iPhone; iOS 8.0; Scale/2.00)" "-""0.032"
192.168.122.1 - - [24/Dec/2014:13:27:01 +0800] "GET / HTTP/1.1" 200 39 "-" "check_http/v2.0.3 (nagios-plugins 2.0.3)" "-""0.010"
111.197.253.133 - - [24/Dec/2014:13:27:06 +0800] "GET /shops/products?pro=1&productfilter[hours]=1&productfilter[sid]=130&productfilter[start]=201412241330&shopfilter[appver]=3.0.4&version=3 HTTP/1.1" 200 3254 "-" "WirelessSong-order/1020.2 (iPhone; iOS 8.0; Scale/2.00)" "-""0.022"
60.168.23.210 - - [24/Dec/2014:13:27:42 +0800] "GET /systeminfo?nonce=guangtou&signature=6a4bb4d28a068e0f07ebb1b228e9fbc3034bc7ec&timestamp=1419398825&versiontag=1415601767 HTTP/1.1" 200 79 "-" "WirelessSong-order/1020.2 (iPhone; iOS 8.1; Scale/2.00)" "-""0.015"
60.168.23.210 - - [24/Dec/2014:13:27:42 +0800] "GET /shops/list?shopfilter[appver]=3.0.4&shopfilter[city]=%E5%90%88%E8%82%A5&shopfilter[distance]=50000&shopfilter[lat]=31.86268777140442&shopfilter[lng]=117.2397306695526&shopfilter[ordertype]=&shopfilter[page]=0&version=3 HTTP/1.1" 200 20450 "-" "WirelessSong-order/1020.2 (iPhone; iOS 8.1; Scale/2.00)" "-""0.104"
111.197.253.133 - - [24/Dec/2014:13:27:45 +0800] "GET /shops/products?pro=1&productfilter[hours]=1&productfilter[sid]=123&productfilter[start]=201412241330&shopfilter[appver]=3.0.4&version=3 HTTP/1.1" 200 5805 "-" "WirelessSong-order/1020.2 (iPhone; iOS 8.0; Scale/2.00)" "-""0.029"
111.197.253.133 - - [24/Dec/2014:13:28:15 +0800] "GET /shops/products?pro=1&productfilter[hours]=1&productfilter[sid]=6380&productfilter[start]=201412241330&shopfilter[appver]=3.0.4&version=3 HTTP/1.1" 200 1977 "-" "WirelessSong-order/1020.2 (iPhone; iOS 8.0; Scale/2.00)" "-""0.020"
116.226.80.39 - - [24/Dec/2014:13:28:24 +0800] "GET /time HTTP/1.1" 200 23 "-" "Mozilla/5.0 (Linux; U; Android 4.3; en-us; MILE-MX6DQ Build/1.1.0-rc4) AppleWebKit/533.1 (KHTML, like Gecko) Version/4.0 Mobile Safari/533.1" "-""0.014"
111.197.253.133 - - [24/Dec/2014:13:28:36 +0800] "GET /shops/list?shopfilter[appver]=3.0.4&shopfilter[city]=%E5%8C%97%E4%BA%AC&shopfilter[distance]=50000&shopfilter[lat]=39.91314071145456&shopfilter[lng]=116.552510781821&shopfilter[ordertype]=&shopfilter[page]=0&version=3 HTTP/1.1" 200 21509 "-" "WirelessSong-order/1020.2 (iPhone; iOS 8.0; Scale/2.00)" "-""0.109"
111.197.253.133 - - [24/Dec/2014:13:28:37 +0800] "GET /shops/products?pro=1&productfilter[hours]=1&productfilter[sid]=6491&productfilter[start]=201412241330&shopfilter[appver]=3.0.4&version=3 HTTP/1.1" 200 63 "-" "WirelessSong-order/1020.2 (iPhone; iOS 8.0; Scale/2.00)" "-""0.014"
116.226.80.39 - - [24/Dec/2014:13:29:06 +0800] "GET /time HTTP/1.1" 200 23 "-" "Mozilla/5.0 (Linux; U; Android 4.3; en-us; MILE-MX6DQ Build/1.1.0-rc4) AppleWebKit/533.1 (KHTML, like Gecko) Version/4.0 Mobile Safari/533.1" "-""0.016"
121.228.127.191 - - [24/Dec/2014:13:29:27 +0800] "POST /login/qq HTTP/1.1" 200 27 "-" "yiqichang/2.3.4 (iPhone; iOS 5.1.1; Scale/2.00)" "-""0.013"
111.197.253.133 - - [24/Dec/2014:13:29:41 +0800] "GET /shops/products?pro=1&productfilter[hours]=1&productfilter[sid]=148&productfilter[start]=201412241330&shopfilter[appver]=3.0.4&version=3 HTTP/1.1" 200 4526 "-" "WirelessSong-order/1020.2 (iPhone; iOS 8.0; Scale/2.00)" "-""0.028"
116.226.80.39 - - [24/Dec/2014:13:29:52 +0800] "GET /time HTTP/1.1" 200 23 "-" "Mozilla/5.0 (Linux; U; Android 4.3; en-us; MILE-MX6DQ Build/1.1.0-rc4) AppleWebKit/533.1 (KHTML, like Gecko) Version/4.0 Mobile Safari/533.1" "-""0.014"
111.197.253.133 - - [24/Dec/2014:13:29:55 +0800] "GET /shops/products?pro=1&productfilter[hours]=1&productfilter[sid]=148&productfilter[start]=201412241330&shopfilter[appver]=3.0.4&version=3 HTTP/1.1" 200 4526 "-" "WirelessSong-order/1020.2 (iPhone; iOS 8.0; Scale/2.00)" "-""0.027"
192.168.122.1 - - [24/Dec/2014:13:30:01 +0800] "GET / HTTP/1.1" 200 39 "-" "check_http/v2.0.3 (nagios-plugins 2.0.3)" "-""0.009"
111.197.253.133 - - [24/Dec/2014:13:30:01 +0800] "GET /shops/products?pro=1&productfilter[hours]=1&productfilter[sid]=142&productfilter[start]=201412241330&shopfilter[appver]=3.0.4&version=3 HTTP/1.1" 200 1976 "-" "WirelessSong-order/1020.2 (iPhone; iOS 8.0; Scale/2.00)" "-""0.020"
111.197.253.133 - - [24/Dec/2014:13:30:04 +0800] "GET /shops/products?pro=1&productfilter[hours]=1&productfilter[sid]=142&productfilter[start]=201412241330&shopfilter[appver]=3.0.4&version=3 HTTP/1.1" 200 1976 "-" "WirelessSong-order/1020.2 (iPhone; iOS 8.0; Scale/2.00)" "-""0.018"
111.197.253.133 - - [24/Dec/2014:13:30:08 +0800] "GET /shops/products?pro=1&productfilter[hours]=1&productfilter[sid]=148&productfilter[start]=201412241330&shopfilter[appver]=3.0.4&version=3 HTTP/1.1" 200 4526 "-" "WirelessSong-order/1020.2 (iPhone; iOS 8.0; Scale/2.00)" "-""0.027"
106.42.176.197 - - [24/Dec/2014:13:30:20 +0800] "POST /users/new HTTP/1.1" 200 853 "-" "yiqichang/2.3.4 (iPhone; iOS 7.1.2; Scale/2.00)" "-""6.989"
106.42.176.197 - 295982531@qq.com [24/Dec/2014:13:30:21 +0800] "GET /users/153736?appver=2.3.4 HTTP/1.1" 200 804 "-" "yiqichang/2.3.4 (iPhone; iOS 7.1.2; Scale/2.00)" "-""0.087"
123.101.232.100 - 295982531@qq.com [24/Dec/2014:13:30:21 +0800] "POST /adv/limei HTTP/1.1" 200 33 "-" "yiqichang/2.3.4 (iPhone; iOS 7.1.2; Scale/2.00)" "-""0.082"
106.42.176.197 - 295982531@qq.com [24/Dec/2014:13:30:29 +0800] "GET /systeminfo?nonce=guangtou&signature=ec71e6172568cf0cae1fadcc6f3543ba50977c2c&timestamp=1419398993 HTTP/1.1" 200 25353 "-" "yiqichang/2.3.4 (iPhone; iOS 7.1.2; Scale/2.00)" "-""0.022"
123.101.232.100 - 295982531@qq.com [24/Dec/2014:13:30:29 +0800] "GET /users/authInfo HTTP/1.1" 200 33 "-" "yiqichang/2.3.4 (iPhone; iOS 7.1.2; Scale/2.00)" "-""0.084"
123.101.232.100 - 295982531@qq.com [24/Dec/2014:13:30:30 +0800] "GET /shops/delay?version=2&shopfilter[appver]=2.3.4&shopfilter[distance]=50000&shopfilter[keyword]=&shopfilter[lat]=34.38952&shopfilter[lng]=115.6501&shopfilter[ordertype]=&shopfilter[uid]=153736 HTTP/1.1" 200 27968 "-" "yiqichang/2.3.4 (iPhone; iOS 7.1.2; Scale/2.00)" "-""0.219"
106.42.176.197 - 295982531@qq.com [24/Dec/2014:13:30:30 +0800] "GET /shops/listgroupsale?version=3&salefilter[lat]=34.38952&salefilter[lng]=115.6501 HTTP/1.1" 200 30 "-" "yiqichang/2.3.4 (iPhone; iOS 7.1.2; Scale/2.00)" "-""0.082"
123.101.232.100 - 295982531@qq.com [24/Dec/2014:13:30:30 +0800] "GET /activitys?activityfilter[lat]=34.38994&activityfilter[lng]=115.6501&activityfilter[ordertype]=&activityfilter[timefilter]=all HTTP/1.1" 200 72 "-" "yiqichang/2.3.4 (iPhone; iOS 7.1.2; Scale/2.00)" "-""0.099"
222.88.124.93 - 295982531@qq.com [24/Dec/2014:13:30:30 +0800] "GET /users/friend HTTP/1.1" 200 25 "-" "yiqichang/2.3.4 (iPhone; iOS 7.1.2; Scale/2.00)" "-""0.119"
106.42.176.197 - 295982531@qq.com [24/Dec/2014:13:30:30 +0800] "GET /shops/delay?version=2&shopfilter[appver]=2.3.4&shopfilter[distance]=50000&shopfilter[keyword]=&shopfilter[lat]=34.38994&shopfilter[lng]=115.6501&shopfilter[ordertype]=&shopfilter[uid]=153736 HTTP/1.1" 200 27968 "-" "yiqichang/2.3.4 (iPhone; iOS 7.1.2; Scale/2.00)" "-""0.307"
123.101.232.100 - 295982531@qq.com [24/Dec/2014:13:30:31 +0800] "GET /shops/listgroupsale?version=3&salefilter[lat]=34.38994&salefilter[lng]=115.6501 HTTP/1.1" 200 30 "-" "yiqichang/2.3.4 (iPhone; iOS 7.1.2; Scale/2.00)" "-""0.227"
222.88.124.93 - 295982531@qq.com [24/Dec/2014:13:30:31 +0800] "GET /activitys?activityfilter[lat]=34.38952&activityfilter[lng]=115.6501&activityfilter[ordertype]=&activityfilter[timefilter]=all HTTP/1.1" 200 72 "-" "yiqichang/2.3.4 (iPhone; iOS 7.1.2; Scale/2.00)" "-""0.226"
222.88.124.93 - 295982531@qq.com [24/Dec/2014:13:30:31 +0800] "GET /activitys?activityfilter[lat]=34.38583&activityfilter[lng]=115.6501&activityfilter[ordertype]=&activityfilter[timefilter]=all HTTP/1.1" 200 72 "-" "yiqichang/2.3.4 (iPhone; iOS 7.1.2; Scale/2.00)" "-""0.091"
123.101.232.100 - 295982531@qq.com [24/Dec/2014:13:30:31 +0800] "GET /shops/listgroupsale?version=3&salefilter[lat]=34.38583&salefilter[lng]=115.6501 HTTP/1.1" 200 30 "-" "yiqichang/2.3.4 (iPhone; iOS 7.1.2; Scale/2.00)" "-""0.172"
222.88.124.93 - 295982531@qq.com [24/Dec/2014:13:30:31 +0800] "GET /shops/delay?version=2&shopfilter[appver]=2.3.4&shopfilter[distance]=50000&shopfilter[keyword]=&shopfilter[lat]=34.38583&shopfilter[lng]=115.6501&shopfilter[ordertype]=&shopfilter[uid]=153736 HTTP/1.1" 200 27968 "-" "yiqichang/2.3.4 (iPhone; iOS 7.1.2; Scale/2.00)" "-""0.324"
106.42.176.197 - 295982531@qq.com [24/Dec/2014:13:30:32 +0800] "GET /notify?version=2.3.4 HTTP/1.1" 200 24 "-" "yiqichang/2.3.4 (iPhone; iOS 7.1.2; Scale/2.00)" "-""0.081"
123.101.232.100 - 295982531@qq.com [24/Dec/2014:13:30:42 +0800] "GET /shops/listgroupsale?version=3&salefilter[lat]=34.38583&salefilter[lng]=115.6502 HTTP/1.1" 200 30 "-" "yiqichang/2.3.4 (iPhone; iOS 7.1.2; Scale/2.00)" "-""0.148"
106.42.176.197 - 295982531@qq.com [24/Dec/2014:13:30:42 +0800] "GET /shops/delay?version=2&shopfilter[appver]=2.3.4&shopfilter[distance]=50000&shopfilter[keyword]=&shopfilter[lat]=34.38583&shopfilter[lng]=115.6502&shopfilter[ordertype]=&shopfilter[uid]=153736 HTTP/1.1" 200 27968 "-" "yiqichang/2.3.4 (iPhone; iOS 7.1.2; Scale/2.00)" "-""0.278"
111.197.253.133 - - [24/Dec/2014:13:30:51 +0800] "GET /shops/products?pro=1&productfilter[hours]=1&productfilter[sid]=118&productfilter[start]=201412241330&shopfilter[appver]=3.0.4&version=3 HTTP/1.1" 200 5181 "-" "WirelessSong-order/1020.2 (iPhone; iOS 8.0; Scale/2.00)" "-""0.027"
106.42.176.197 - 295982531@qq.com [24/Dec/2014:13:30:52 +0800] "GET /users/messages/noread HTTP/1.1" 200 42 "-" "yiqichang/2.3.4 (iPhone; iOS 7.1.2; Scale/2.00)" "-""0.081"
121.228.127.191 - - [24/Dec/2014:13:31:00 +0800] "POST /users/new HTTP/1.1" 200 1031 "-" "yiqichang/2.3.4 (iPhone; iOS 5.1.1; Scale/2.00)" "-""14.539"
121.228.127.191 - 582375546@qq.com [24/Dec/2014:13:31:00 +0800] "GET /users/153737?appver=2.3.4 HTTP/1.1" 200 745 "-" "yiqichang/2.3.4 (iPhone; iOS 5.1.1; Scale/2.00)" "-""0.063"
121.228.127.191 - 582375546@qq.com [24/Dec/2014:13:31:01 +0800] "POST /adv/limei HTTP/1.1" 200 33 "-" "yiqichang/2.3.4 (iPhone; iOS 5.1.1; Scale/2.00)" "-""0.081"
121.228.127.191 - 582375546@qq.com [24/Dec/2014:13:31:03 +0800] "GET /users/authInfo HTTP/1.1" 200 253 "-" "yiqichang/2.3.4 (iPhone; iOS 5.1.1; Scale/2.00)" "-""0.080"
121.228.127.191 - 582375546@qq.com [24/Dec/2014:13:31:03 +0800] "GET /systeminfo?nonce=guangtou&signature=70aaa6864f6e221d3204bb0a55bfb72b0d8aaa05&timestamp=1419399027 HTTP/1.1" 200 25353 "-" "yiqichang/2.3.4 (iPhone; iOS 5.1.1; Scale/2.00)" "-""0.087"
121.228.127.191 - 582375546@qq.com [24/Dec/2014:13:31:03 +0800] "GET /shops/listgroupsale?version=3&salefilter[lat]=31.87879&salefilter[lng]=120.5717 HTTP/1.1" 200 30 "-" "yiqichang/2.3.4 (iPhone; iOS 5.1.1; Scale/2.00)" "-""0.081"
121.228.127.191 - 582375546@qq.com [24/Dec/2014:13:31:04 +0800] "GET /users/friend HTTP/1.1" 200 25 "-" "yiqichang/2.3.4 (iPhone; iOS 5.1.1; Scale/2.00)" "-""0.184"
121.228.127.191 - 582375546@qq.com [24/Dec/2014:13:31:04 +0800] "GET /activitys?activityfilter[lat]=31.87879&activityfilter[lng]=120.5717&activityfilter[ordertype]=&activityfilter[timefilter]=all HTTP/1.1" 200 72 "-" "yiqichang/2.3.4 (iPhone; iOS 5.1.1; Scale/2.00)" "-""0.177"
121.228.127.191 - 582375546@qq.com [24/Dec/2014:13:31:04 +0800] "GET /shops/delay?version=2&shopfilter[appver]=2.3.4&shopfilter[distance]=50000&shopfilter[keyword]=&shopfilter[lat]=31.87879&shopfilter[lng]=120.5717&shopfilter[ordertype]=&shopfilter[uid]=153737 HTTP/1.1" 200 28086 "-" "yiqichang/2.3.4 (iPhone; iOS 5.1.1; Scale/2.00)" "-""0.379"
121.228.127.191 - 582375546@qq.com [24/Dec/2014:13:31:05 +0800] "GET /notify?version=2.3.4 HTTP/1.1" 200 24 "-" "yiqichang/2.3.4 (iPhone; iOS 5.1.1; Scale/2.00)" "-""0.081"
116.226.80.39 - 15549070703 [24/Dec/2014:13:31:21 +0800] "GET /systeminfo?nonce=guangtou&signature=1a76b88850716011a9373858b534572d1330fff7&timestamp=1419399045&versiontag=1415601767 HTTP/1.1" 200 79 "-" "WirelessSong-order/3.0.2 (iPhone Simulator; iOS 8.1; Scale/2.00)" "-""0.020"
116.226.80.39 - - [24/Dec/2014:13:31:21 +0800] "GET /time HTTP/1.1" 200 23 "-" "Mozilla/5.0 (Linux; U; Android 4.3; en-us; MILE-MX6DQ Build/1.1.0-rc4) AppleWebKit/533.1 (KHTML, like Gecko) Version/4.0 Mobile Safari/533.1" "-""0.038"
116.226.80.39 - 15549070703 [24/Dec/2014:13:31:21 +0800] "GET /shops/list?shopfilter[appver]=3.0.2&shopfilter[city]=England&shopfilter[distance]=50000&shopfilter[lat]=51.50998&shopfilter[lng]=-0.1337&shopfilter[ordertype]=&shopfilter[page]=0&version=3 HTTP/1.1" 200 72 "-" "WirelessSong-order/3.0.2 (iPhone Simulator; iOS 8.1; Scale/2.00)" "-""0.084"
116.226.80.39 - 15549070703 [24/Dec/2014:13:31:37 +0800] "GET /users/orders/v3 HTTP/1.1" 200 24 "-" "WirelessSong-order/3.0.2 (iPhone Simulator; iOS 8.1; Scale/2.00)" "-""0.077"
123.162.4.199 - 295982531@qq.com [24/Dec/2014:13:31:37 +0800] "GET /systeminfo?nonce=guangtou&signature=f935d8e1ef2390ccd8fcfdbd8d465660535dab27&timestamp=1419399061&versiontag=1415601767 HTTP/1.1" 200 79 "-" "yiqichang/2.3.4 (iPhone; iOS 7.1.2; Scale/2.00)" "-""0.016"
121.228.127.191 - 582375546@qq.com [24/Dec/2014:13:32:01 +0800] "GET /shops/delay?version=2&shopfilter[appver]=2.3.4&shopfilter[distance]=50000&shopfilter[hash]=wtt&shopfilter[keyword]=&shopfilter[lat]=31.87879&shopfilter[lng]=120.5717&shopfilter[offset]=30&shopfilter[ordertype]=&shopfilter[uid]=153737 HTTP/1.1" 200 27798 "-" "yiqichang/2.3.4 (iPhone; iOS 5.1.1; Scale/2.00)" "-""0.158"
123.54.30.227 - 295982531@qq.com [24/Dec/2014:13:32:08 +0800] "GET /systeminfo?nonce=guangtou&signature=7b20af2a176db6335594d1b5cd60f55bd3259b97&timestamp=1419399091&versiontag=1415601767 HTTP/1.1" 200 79 "-" "yiqichang/2.3.4 (iPhone; iOS 7.1.2; Scale/2.00)" "-""0.017"
121.228.127.191 - 582375546@qq.com [24/Dec/2014:13:32:14 +0800] "GET /users/messages/noread HTTP/1.1" 200 42 "-" "yiqichang/2.3.4 (iPhone; iOS 5.1.1; Scale/2.00)" "-""0.078"
123.162.4.199 - 295982531@qq.com [24/Dec/2014:13:32:31 +0800] "GET /systeminfo?nonce=guangtou&signature=92743d373825f4c34040383315db4c5e0bcbd361&timestamp=1419399115&versiontag=1415601767 HTTP/1.1" 200 79 "-" "yiqichang/2.3.4 (iPhone; iOS 7.1.2; Scale/2.00)" "-""0.019"
121.228.127.191 - 582375546@qq.com [24/Dec/2014:13:32:38 +0800] "GET /users/messages/noread HTTP/1.1" 200 42 "-" "yiqichang/2.3.4 (iPhone; iOS 5.1.1; Scale/2.00)" "-""0.078"
121.228.127.191 - 582375546@qq.com [24/Dec/2014:13:32:41 +0800] "GET /shops/push HTTP/1.1" 200 22 "-" "yiqichang/2.3.4 (iPhone; iOS 5.1.1; Scale/2.00)" "-""0.081"
111.197.253.133 - - [24/Dec/2014:13:32:57 +0800] "GET /shops/products?pro=1&productfilter[hours]=1&productfilter[sid]=6353&productfilter[start]=201412241400&shopfilter[appver]=3.0.4&version=3 HTTP/1.1" 200 1976 "-" "WirelessSong-order/1020.2 (iPhone; iOS 8.0; Scale/2.00)" "-""0.020"
192.168.122.1 - - [24/Dec/2014:13:33:01 +0800] "GET / HTTP/1.1" 200 39 "-" "check_http/v2.0.3 (nagios-plugins 2.0.3)" "-""0.011"
116.226.80.39 - - [24/Dec/2014:13:33:05 +0800] "GET /systeminfo?nonce=guangtou&signature=3011634bcc46a32c38bd7dd02a22d3712f73a0d3&timestamp=1419399149&versiontag=1415601767 HTTP/1.1" 200 79 "-" "WirelessSong-order/3.0.2 (iPhone Simulator; iOS 8.1; Scale/2.00)" "-""0.018"
116.226.80.39 - - [24/Dec/2014:13:33:05 +0800] "GET /shops/list?shopfilter[appver]=3.0.2&shopfilter[city]=England&shopfilter[distance]=50000&shopfilter[lat]=51.50998&shopfilter[lng]=-0.1337&shopfilter[ordertype]=&shopfilter[page]=0&version=3 HTTP/1.1" 200 72 "-" "WirelessSong-order/3.0.2 (iPhone Simulator; iOS 8.1; Scale/2.00)" "-""0.015"
1.196.104.137 - 295982531@qq.com [24/Dec/2014:13:33:14 +0800] "PUT /users/153736/edit HTTP/1.1" 200 56 "-" "yiqichang/2.3.4 (iPhone; iOS 7.1.2; Scale/2.00)" "-""0.079"
1.196.104.137 - 295982531@qq.com [24/Dec/2014:13:33:14 +0800] "GET /users/153736?appver=2.3.4 HTTP/1.1" 200 804 "-" "yiqichang/2.3.4 (iPhone; iOS 7.1.2; Scale/2.00)" "-""0.082"
116.226.80.39 - - [24/Dec/2014:13:33:16 +0800] "GET /time HTTP/1.1" 200 23 "-" "Mozilla/5.0 (Linux; U; Android 4.3; en-us; MILE-MX6DQ Build/1.1.0-rc4) AppleWebKit/533.1 (KHTML, like Gecko) Version/4.0 Mobile Safari/533.1" "-""0.014"
1.196.104.137 - 295982531@qq.com [24/Dec/2014:13:33:18 +0800] "GET /users/messages/noread HTTP/1.1" 200 42 "-" "yiqichang/2.3.4 (iPhone; iOS 7.1.2; Scale/2.00)" "-""0.080"
111.197.253.133 - - [24/Dec/2014:13:33:20 +0800] "GET /shops/products?pro=1&productfilter[hours]=1&productfilter[sid]=132&productfilter[start]=201412241400&shopfilter[appver]=3.0.4&version=3 HTTP/1.1" 200 5184 "-" "WirelessSong-order/1020.2 (iPhone; iOS 8.0; Scale/2.00)" "-""0.030"
111.197.253.133 - - [24/Dec/2014:13:33:24 +0800] "GET /shops/products?pro=1&productfilter[hours]=1&productfilter[sid]=118&productfilter[start]=201412241400&shopfilter[appver]=3.0.4&version=3 HTTP/1.1" 200 5181 "-" "WirelessSong-order/1020.2 (iPhone; iOS 8.0; Scale/2.00)" "-""0.026"
1.196.104.137 - 295982531@qq.com [24/Dec/2014:13:33:29 +0800] "GET /shops/delay?version=2&shopfilter[appver]=2.3.4&shopfilter[distance]=500&shopfilter[keyword]=&shopfilter[lat]=34.38583&shopfilter[lng]=115.6502&shopfilter[ordertype]=&shopfilter[uid]=153736 HTTP/1.1" 200 69 "-" "yiqichang/2.3.4 (iPhone; iOS 7.1.2; Scale/2.00)" "-""0.090"
1.196.104.137 - 295982531@qq.com [24/Dec/2014:13:33:32 +0800] "GET /shops/delay?version=2&shopfilter[appver]=2.3.4&shopfilter[distance]=1000&shopfilter[keyword]=&shopfilter[lat]=34.38583&shopfilter[lng]=115.6502&shopfilter[ordertype]=&shopfilter[uid]=153736 HTTP/1.1" 200 69 "-" "yiqichang/2.3.4 (iPhone; iOS 7.1.2; Scale/2.00)" "-""0.174"
1.196.104.137 - 295982531@qq.com [24/Dec/2014:13:33:34 +0800] "GET /shops/delay?version=2&shopfilter[appver]=2.3.4&shopfilter[distance]=3000&shopfilter[keyword]=&shopfilter[lat]=34.38583&shopfilter[lng]=115.6502&shopfilter[ordertype]=&shopfilter[uid]=153736 HTTP/1.1" 200 69 "-" "yiqichang/2.3.4 (iPhone; iOS 7.1.2; Scale/2.00)" "-""0.102"
1.196.104.137 - 295982531@qq.com [24/Dec/2014:13:33:35 +0800] "GET /shops/delay?version=2&shopfilter[appver]=2.3.4&shopfilter[distance]=5000&shopfilter[keyword]=&shopfilter[lat]=34.38583&shopfilter[lng]=115.6502&shopfilter[ordertype]=&shopfilter[uid]=153736 HTTP/1.1" 200 69 "-" "yiqichang/2.3.4 (iPhone; iOS 7.1.2; Scale/2.00)" "-""0.097"
1.196.104.137 - 295982531@qq.com [24/Dec/2014:13:33:38 +0800] "GET /shops/delay?version=2&shopfilter[appver]=2.3.4&shopfilter[distance]=5000&shopfilter[keyword]=&shopfilter[lat]=34.38583&shopfilter[lng]=115.6502&shopfilter[ordertype]=distance&shopfilter[uid]=153736 HTTP/1.1" 200 69 "-" "yiqichang/2.3.4 (iPhone; iOS 7.1.2; Scale/2.00)" "-""0.090"
1.196.104.137 - 295982531@qq.com [24/Dec/2014:13:33:40 +0800] "GET /shops/delay?version=2&shopfilter[appver]=2.3.4&shopfilter[distance]=50000&shopfilter[keyword]=&shopfilter[lat]=34.38583&shopfilter[lng]=115.6502&shopfilter[ordertype]=distance&shopfilter[uid]=153736 HTTP/1.1" 200 27968 "-" "yiqichang/2.3.4 (iPhone; iOS 7.1.2; Scale/2.00)" "-""0.238"
1.196.104.137 - 295982531@qq.com [24/Dec/2014:13:33:43 +0800] "GET /shops/delay?version=2&shopfilter[appver]=2.3.4&shopfilter[distance]=50000&shopfilter[keyword]=&shopfilter[lat]=34.38583&shopfilter[lng]=115.6502&shopfilter[ordertype]=totalscore&shopfilter[uid]=153736 HTTP/1.1" 200 27968 "-" "yiqichang/2.3.4 (iPhone; iOS 7.1.2; Scale/2.00)" "-""0.211"
1.196.104.137 - 295982531@qq.com [24/Dec/2014:13:34:00 +0800] "GET /shops/delay?version=2&shopfilter[appver]=2.3.4&shopfilter[distance]=50000&shopfilter[hash]=ww4&shopfilter[keyword]=&shopfilter[lat]=34.38583&shopfilter[lng]=115.6502&shopfilter[offset]=30&shopfilter[ordertype]=totalscore&shopfilter[uid]=153736 HTTP/1.1" 200 28156 "-" "yiqichang/2.3.4 (iPhone; iOS 7.1.2; Scale/2.00)" "-""0.219"
115.231.62.130 - 153314121@qq.com [24/Dec/2014:13:34:14 +0800] "PUT /users/devicesToken HTTP/1.1" 200 33 "-" "yiqichang/2.3.4 (iPhone; iOS 5.1.1; Scale/2.00)" "-""0.081"
115.231.62.130 - 153314121@qq.com [24/Dec/2014:13:34:15 +0800] "GET /shops/push HTTP/1.1" 200 22 "-" "yiqichang/2.3.4 (iPhone; iOS 5.1.1; Scale/2.00)" "-""0.080"
115.231.62.130 - 153314121@qq.com [24/Dec/2014:13:34:15 +0800] "GET /users/152660?appver=2.3.4 HTTP/1.1" 200 752 "-" "yiqichang/2.3.4 (iPhone; iOS 5.1.1; Scale/2.00)" "-""0.079"
115.231.62.130 - 153314121@qq.com [24/Dec/2014:13:34:16 +0800] "GET /shops/listgroupsale?version=3&salefilter[lat]=34.05693&salefilter[lng]=116.9001 HTTP/1.1" 200 30 "-" "yiqichang/2.3.4 (iPhone; iOS 5.1.1; Scale/2.00)" "-""0.125"
115.231.62.130 - 153314121@qq.com [24/Dec/2014:13:34:16 +0800] "GET /shops/delay?version=2&shopfilter[appver]=2.3.4&shopfilter[distance]=50000&shopfilter[keyword]=&shopfilter[lat]=34.05693&shopfilter[lng]=116.9001&shopfilter[ordertype]=&shopfilter[uid]=152660 HTTP/1.1" 200 28240 "-" "yiqichang/2.3.4 (iPhone; iOS 5.1.1; Scale/2.00)" "-""0.286"
112.96.130.98 - 838245298@qq.com [24/Dec/2014:13:34:55 +0800] "GET /shops/push HTTP/1.1" 200 22 "-" "yiqichang/2.3.4 (iPhone; iOS 6.1.2; Scale/2.00)" "-""0.083"
112.96.130.98 - 838245298@qq.com [24/Dec/2014:13:34:55 +0800] "PUT /users/devicesToken HTTP/1.1" 200 33 "-" "yiqichang/2.3.4 (iPhone; iOS 6.1.2; Scale/2.00)" "-""0.087"
112.96.130.98 - 838245298@qq.com [24/Dec/2014:13:34:56 +0800] "GET /users/150253?appver=2.3.4 HTTP/1.1" 200 760 "-" "yiqichang/2.3.4 (iPhone; iOS 6.1.2; Scale/2.00)" "-""0.080"
123.101.242.125 - 762729978@qq.com [24/Dec/2014:13:35:14 +0800] "PUT /users/devicesToken HTTP/1.1" 500 63415 "-" "yiqichang/2.3.4 (iPhone; iOS 8.0.2; Scale/2.00)" "-""0.133"
123.101.242.125 - 762729978@qq.com [24/Dec/2014:13:35:15 +0800] "PUT /users/devicesToken HTTP/1.1" 500 63415 "-" "yiqichang/2.3.4 (iPhone; iOS 8.0.2; Scale/2.00)" "-""0.136"
123.101.242.125 - 762729978@qq.com [24/Dec/2014:13:35:15 +0800] "GET /users/106988?appver=2.3.4 HTTP/1.1" 403 93 "-" "yiqichang/2.3.4 (iPhone; iOS 8.0.2; Scale/2.00)" "-""0.012"
123.101.242.125 - 762729978@qq.com [24/Dec/2014:13:35:15 +0800] "GET /systeminfo?nonce=guangtou&signature=95145afdc68ef0e5b9095cdbed517530b4b35c7f&timestamp=1419399276&versiontag=1415601767 HTTP/1.1" 200 79 "-" "yiqichang/2.3.4 (iPhone; iOS 8.0.2; Scale/2.00)" "-""0.021"
123.101.242.125 - 762729978@qq.com [24/Dec/2014:13:35:15 +0800] "GET /shops/listgroupsale?version=3&salefilter[lat]=34.76218&salefilter[lng]=113.7658 HTTP/1.1" 200 30 "-" "yiqichang/2.3.4 (iPhone; iOS 8.0.2; Scale/2.00)" "-""0.025"
123.101.242.125 - 762729978@qq.com [24/Dec/2014:13:35:15 +0800] "GET /activitys?activityfilter[lat]=34.76218&activityfilter[lng]=113.7658&activityfilter[ordertype]=&activityfilter[timefilter]=all HTTP/1.1" 200 72 "-" "yiqichang/2.3.4 (iPhone; iOS 8.0.2; Scale/2.00)" "-""0.014"
123.101.242.125 - 762729978@qq.com [24/Dec/2014:13:35:15 +0800] "GET /shops/delay?version=2&shopfilter[appver]=2.3.4&shopfilter[distance]=50000&shopfilter[keyword]=&shopfilter[lat]=34.76218&shopfilter[lng]=113.7658&shopfilter[ordertype]=&shopfilter[uid]=106988 HTTP/1.1" 200 29201 "-" "yiqichang/2.3.4 (iPhone; iOS 8.0.2; Scale/2.00)" "-""0.260"
123.101.242.125 - 762729978@qq.com [24/Dec/2014:13:35:15 +0800] "GET /shops/delay?version=2&shopfilter[appver]=2.3.4&shopfilter[distance]=50000&shopfilter[keyword]=&shopfilter[lat]=34.76217&shopfilter[lng]=113.7658&shopfilter[ordertype]=&shopfilter[uid]=106988 HTTP/1.1" 200 29201 "-" "yiqichang/2.3.4 (iPhone; iOS 8.0.2; Scale/2.00)" "-""0.149"
123.101.242.125 - 762729978@qq.com [24/Dec/2014:13:35:15 +0800] "GET /shops/listgroupsale?version=3&salefilter[lat]=34.76217&salefilter[lng]=113.7658 HTTP/1.1" 200 30 "-" "yiqichang/2.3.4 (iPhone; iOS 8.0.2; Scale/2.00)" "-""0.013"
123.101.242.125 - 762729978@qq.com [24/Dec/2014:13:35:16 +0800] "GET /notify?version=2.3.4 HTTP/1.1" 200 24 "-" "yiqichang/2.3.4 (iPhone; iOS 8.0.2; Scale/2.00)" "-""0.013"
111.197.253.133 - - [24/Dec/2014:13:35:23 +0800] "GET /shops/products?pro=1&productfilter[hours]=1&productfilter[sid]=118&productfilter[start]=201412241400&shopfilter[appver]=3.0.4&version=3 HTTP/1.1" 200 5181 "-" "WirelessSong-order/1020.2 (iPhone; iOS 8.0; Scale/2.00)" "-""0.026"
123.162.4.199 - 295982531@qq.com [24/Dec/2014:13:35:43 +0800] "GET /game/listGuessSong HTTP/1.1" 200 11795 "-" "yiqichang/2.3.4 (iPhone; iOS 7.1.2; Scale/2.00)" "-""0.085"
123.162.4.199 - 295982531@qq.com [24/Dec/2014:13:35:44 +0800] "GET /game/guessSongPlayerInfo HTTP/1.1" 200 101 "-" "yiqichang/2.3.4 (iPhone; iOS 7.1.2; Scale/2.00)" "-""0.082"
192.168.122.1 - - [24/Dec/2014:13:36:01 +0800] "GET / HTTP/1.1" 200 39 "-" "check_http/v2.0.3 (nagios-plugins 2.0.3)" "-""0.010"
123.162.4.199 - 295982531@qq.com [24/Dec/2014:13:36:01 +0800] "GET /users/authInfo HTTP/1.1" 200 33 "-" "yiqichang/2.3.4 (iPhone; iOS 7.1.2; Scale/2.00)" "-""0.113"
123.162.4.199 - 295982531@qq.com [24/Dec/2014:13:36:01 +0800] "GET /users/friend HTTP/1.1" 200 25 "-" "yiqichang/2.3.4 (iPhone; iOS 7.1.2; Scale/2.00)" "-""0.179"
123.101.231.183 - 295982531@qq.com [24/Dec/2014:13:36:24 +0800] "GET /game/listGuessSong HTTP/1.1" 200 11795 "-" "yiqichang/2.3.4 (iPhone; iOS 7.1.2; Scale/2.00)" "-""0.087"
123.101.231.183 - 295982531@qq.com [24/Dec/2014:13:36:24 +0800] "GET /game/guessSongPlayerInfo HTTP/1.1" 200 101 "-" "yiqichang/2.3.4 (iPhone; iOS 7.1.2; Scale/2.00)" "-""0.082"
42.120.74.102 - - [24/Dec/2014:13:36:24 +0800] "GET /systeminfo?nonce=guangtou&signature=6bdcfa80587743d4173f90d598de61303cb485d2&timestamp=1419399348&versiontag=1415601767 HTTP/1.1" 200 79 "-" "WirelessSong-order/1020.2 (iPhone; iOS 8.1.2; Scale/2.00)" "-""0.016"
42.120.74.102 - - [24/Dec/2014:13:36:24 +0800] "GET /systeminfo?nonce=guangtou&signature=6bdcfa80587743d4173f90d598de61303cb485d2&timestamp=1419399348&versiontag=1415601767 HTTP/1.1" 200 79 "-" "WirelessSong-order/1020.2 (iPhone; iOS 8.1.2; Scale/2.00)" "-""0.014"
42.120.74.102 - - [24/Dec/2014:13:36:24 +0800] "GET /shops/list?shopfilter[appver]=3.0.4&shopfilter[city]=%E5%8C%97%E4%BA%AC&shopfilter[distance]=50000&shopfilter[lat]=30.28001524729338&shopfilter[lng]=120.0250620431511&shopfilter[ordertype]=&shopfilter[page]=0&version=3 HTTP/1.1" 200 21410 "-" "WirelessSong-order/1020.2 (iPhone; iOS 8.1.2; Scale/2.00)" "-""0.113"
42.120.74.102 - - [24/Dec/2014:13:36:26 +0800] "GET /shops/list?shopfilter[appver]=3.0.4&shopfilter[city]=Zhejiang&shopfilter[distance]=50000&shopfilter[lat]=30.28050138912929&shopfilter[lng]=120.0276426622964&shopfilter[ordertype]=&shopfilter[page]=0&version=3 HTTP/1.1" 200 72 "-" "WirelessSong-order/1020.2 (iPhone; iOS 8.1.2; Scale/2.00)" "-""0.016"
123.101.231.183 - 295982531@qq.com [24/Dec/2014:13:36:27 +0800] "GET /shops/push HTTP/1.1" 200 22 "-" "yiqichang/2.3.4 (iPhone; iOS 7.1.2; Scale/2.00)" "-""0.087"
42.120.74.102 - - [24/Dec/2014:13:36:34 +0800] "GET /shops/list?shopfilter[appver]=3.0.4&shopfilter[city]=Zhejiang&shopfilter[distance]=50000&shopfilter[lat]=30.28050138912929&shopfilter[lng]=120.0276426622964&shopfilter[ordertype]=&shopfilter[page]=0&version=3 HTTP/1.1" 200 72 "-" "WirelessSong-order/1020.2 (iPhone; iOS 8.1.2; Scale/2.00)" "-""0.015"
42.120.74.102 - - [24/Dec/2014:13:36:37 +0800] "GET /citys?order=1 HTTP/1.1" 200 2744 "-" "WirelessSong-order/1020.2 (iPhone; iOS 8.1.2; Scale/2.00)" "-""0.019"
42.120.74.102 - - [24/Dec/2014:13:36:40 +0800] "GET /shops/list?shopfilter[appver]=3.0.4&shopfilter[city]=%E4%B8%8A%E6%B5%B7&shopfilter[distance]=50000&shopfilter[lat]=30.2807246004778&shopfilter[lng]=120.0278054743516&shopfilter[ordertype]=&shopfilter[page]=0&version=3 HTTP/1.1" 200 24108 "-" "WirelessSong-order/1020.2 (iPhone; iOS 8.1.2; Scale/2.00)" "-""0.109"
116.226.80.39 - - [24/Dec/2014:13:36:52 +0800] "GET /systeminfo?nonce=guangtou&signature=e8aac320748a5c941da9ac1c687285baf31dd4ce&timestamp=1419399376&versiontag=1415601767 HTTP/1.1" 200 79 "-" "WirelessSong-order/3.0.2 (iPhone Simulator; iOS 8.1; Scale/2.00)" "-""0.017"
116.226.80.39 - - [24/Dec/2014:13:36:52 +0800] "GET /shops/list?shopfilter[appver]=3.0.2&shopfilter[city]=England&shopfilter[distance]=50000&shopfilter[lat]=51.50998&shopfilter[lng]=-0.1337&shopfilter[ordertype]=&shopfilter[page]=0&version=3 HTTP/1.1" 200 72 "-" "WirelessSong-order/3.0.2 (iPhone Simulator; iOS 8.1; Scale/2.00)" "-""0.013"
116.226.80.39 - - [24/Dec/2014:13:37:40 +0800] "POST /sms/validate HTTP/1.1" 200 160 "-" "WirelessSong-order/3.0.2 (iPhone Simulator; iOS 8.1; Scale/2.00)" "-""0.016"
116.226.80.39 - - [24/Dec/2014:13:38:00 +0800] "POST /sms/validate HTTP/1.1" 200 160 "-" "WirelessSong-order/3.0.2 (iPhone Simulator; iOS 8.1; Scale/2.00)" "-""0.016"
116.226.80.39 - 1@1.c [24/Dec/2014:13:38:19 +0800] "GET /systeminfo?nonce=guangtou&signature=fba91950a707b6e6c2d40772c7eb0b024cafaa8b&timestamp=1419399463&versiontag=1415601767 HTTP/1.1" 200 79 "-" "WirelessSong-order/3.0.4 (iPad; iOS 8.0.2; Scale/2.00)" "-""0.016"
116.226.80.39 - 1@1.c [24/Dec/2014:13:38:19 +0800] "GET /shops/list?shopfilter[appver]=3.0.4&shopfilter[city]=%E4%B8%8A%E6%B5%B7&shopfilter[distance]=50000&shopfilter[lat]=31.18771954586672&shopfilter[lng]=121.4258286041881&shopfilter[ordertype]=&shopfilter[page]=0&version=3 HTTP/1.1" 200 26263 "-" "WirelessSong-order/3.0.4 (iPad; iOS 8.0.2; Scale/2.00)" "-""0.184"
116.226.80.39 - - [24/Dec/2014:13:38:26 +0800] "GET /systeminfo?nonce=guangtou&signature=b5bcd1dda35c3993609f20c4b81f4eec08f498ff&timestamp=1419399470&versiontag=1415601767 HTTP/1.1" 200 79 "-" "WirelessSong-order/3.0.2 (iPhone Simulator; iOS 8.1; Scale/2.00)" "-""0.019"
116.226.80.39 - - [24/Dec/2014:13:38:27 +0800] "GET /shops/list?shopfilter[appver]=3.0.2&shopfilter[city]=England&shopfilter[distance]=50000&shopfilter[lat]=51.50998&shopfilter[lng]=-0.1337&shopfilter[ordertype]=&shopfilter[page]=0&version=3 HTTP/1.1" 200 72 "-" "WirelessSong-order/3.0.2 (iPhone Simulator; iOS 8.1; Scale/2.00)" "-""0.015"
116.226.80.39 - - [24/Dec/2014:13:38:42 +0800] "POST /sms/validate HTTP/1.1" 200 160 "-" "WirelessSong-order/3.0.2 (iPhone Simulator; iOS 8.1; Scale/2.00)" "-""0.017"
192.168.122.1 - - [24/Dec/2014:13:39:01 +0800] "GET / HTTP/1.1" 200 39 "-" "check_http/v2.0.3 (nagios-plugins 2.0.3)" "-""0.009"
61.158.152.174 - - [24/Dec/2014:13:39:31 +0800] "GET /systeminfo?nonce=guangtou&signature=a00f657641bd852875f3c0c0d16e94b45bdd8607&timestamp=1419399535&versiontag=1415601767 HTTP/1.1" 200 79 "-" "yiqichang/2.2.0 (iPhone; iOS 6.1; Scale/2.00)" "-""0.017"
116.226.80.39 - - [24/Dec/2014:13:40:08 +0800] "GET /time HTTP/1.1" 200 23 "-" "Mozilla/5.0 (Linux; U; Android 4.3; en-us; MILE-MX6DQ Build/1.1.0-rc4) AppleWebKit/533.1 (KHTML, like Gecko) Version/4.0 Mobile Safari/533.1" "-""0.015"
118.244.254.67 - - [24/Dec/2014:13:40:22 +0800] "GET /time HTTP/1.1" 200 23 "-" "Mozilla/5.0 (Linux; U; Android 4.3; en-us; MILE-MX6DQ Build/1.1.0-rc4) AppleWebKit/533.1 (KHTML, like Gecko) Version/4.0 Mobile Safari/533.1" "-""0.014"
192.168.122.1 - - [24/Dec/2014:13:42:01 +0800] "GET / HTTP/1.1" 200 39 "-" "check_http/v2.0.3 (nagios-plugins 2.0.3)" "-""0.010"
180.152.134.143 - - [24/Dec/2014:13:43:00 +0800] "GET /systeminfo?nonce=guangtou&signature=75fc84c21ff56d9cd526079e758e2a15eafd14c4&timestamp=1419399744&versiontag=1415601767 HTTP/1.1" 200 79 "-" "WirelessSong-order/1020.2 (iPhone; iOS 8.1.1; Scale/2.00)" "-""0.021"
180.152.134.143 - - [24/Dec/2014:13:43:00 +0800] "GET /shops/list?shopfilter[appver]=3.0.4&shopfilter[city]=%E4%B8%8A%E6%B5%B7&shopfilter[distance]=50000&shopfilter[lat]=31.24934994062161&shopfilter[lng]=121.3768087395235&shopfilter[ordertype]=&shopfilter[page]=0&version=3 HTTP/1.1" 200 22984 "-" "WirelessSong-order/1020.2 (iPhone; iOS 8.1.1; Scale/2.00)" "-""0.109"
118.244.254.67 - - [24/Dec/2014:13:43:33 +0800] "GET /time HTTP/1.1" 200 23 "-" "Mozilla/5.0 (Linux; U; Android 4.3; en-us; MILE-MX6DQ Build/1.1.0-rc4) AppleWebKit/533.1 (KHTML, like Gecko) Version/4.0 Mobile Safari/533.1" "-""0.016"
116.226.80.39 - - [24/Dec/2014:13:43:43 +0800] "GET /time HTTP/1.1" 200 23 "-" "Mozilla/5.0 (Linux; U; Android 4.3; en-us; MILE-MX6DQ Build/1.1.0-rc4) AppleWebKit/533.1 (KHTML, like Gecko) Version/4.0 Mobile Safari/533.1" "-""0.014"
202.100.245.104 - - [24/Dec/2014:13:43:43 +0800] "GET /systeminfo?nonce=guangtou&signature=26f473c40dbe52937ebdc1a4c93f35d958ebb589&timestamp=1419399786&versiontag=1387465664 HTTP/1.1" 200 658 "-" "WirelessSong-order/1020.2 (iPhone; iOS 7.1; Scale/2.00)" "-""0.020"
202.100.245.104 - - [24/Dec/2014:13:43:43 +0800] "GET /systeminfo?nonce=guangtou&signature=26f473c40dbe52937ebdc1a4c93f35d958ebb589&timestamp=1419399786&versiontag=1387465664 HTTP/1.1" 200 658 "-" "WirelessSong-order/1020.2 (iPhone; iOS 7.1; Scale/2.00)" "-""0.025"
202.100.245.104 - - [24/Dec/2014:13:43:44 +0800] "GET /shops/list?shopfilter[appver]=3.0.4&shopfilter[city]=%E6%B7%B1%E5%9C%B3&shopfilter[distance]=50000&shopfilter[lat]=31.2103&shopfilter[lng]=121.4525&shopfilter[ordertype]=&shopfilter[page]=0&version=3 HTTP/1.1" 200 26004 "-" "WirelessSong-order/1020.2 (iPhone; iOS 7.1; Scale/2.00)" "-""0.128"
202.100.245.104 - - [24/Dec/2014:13:43:49 +0800] "GET /game/infolist HTTP/1.1" 200 598 "-" "WirelessSong-order/1020.2 (iPhone; iOS 7.1; Scale/2.00)" "-""0.014"
61.148.243.105 - 954870996@qq.com [24/Dec/2014:13:44:10 +0800] "GET /shops/push HTTP/1.1" 200 22 "-" "yiqichang/2.3.4 (iPhone; iOS 5.1.1; Scale/2.00)" "-""0.079"
61.148.243.105 - 954870996@qq.com [24/Dec/2014:13:44:10 +0800] "PUT /users/devicesToken HTTP/1.1" 200 33 "-" "yiqichang/2.3.4 (iPhone; iOS 5.1.1; Scale/2.00)" "-""0.089"
61.148.243.105 - 954870996@qq.com [24/Dec/2014:13:44:11 +0800] "GET /users/147887?appver=2.3.4 HTTP/1.1" 200 777 "-" "yiqichang/2.3.4 (iPhone; iOS 5.1.1; Scale/2.00)" "-""0.079"
61.148.243.105 - 954870996@qq.com [24/Dec/2014:13:44:15 +0800] "GET /shops/listgroupsale?version=3&salefilter[lat]=40.01653&salefilter[lng]=117.0565 HTTP/1.1" 200 30 "-" "yiqichang/2.3.4 (iPhone; iOS 5.1.1; Scale/2.00)" "-""0.131"
61.148.243.105 - 954870996@qq.com [24/Dec/2014:13:44:15 +0800] "GET /shops/delay?version=2&shopfilter[appver]=2.3.4&shopfilter[distance]=50000&shopfilter[keyword]=&shopfilter[lat]=40.01653&shopfilter[lng]=117.0565&shopfilter[ordertype]=&shopfilter[uid]=147887 HTTP/1.1" 200 31515 "-" "yiqichang/2.3.4 (iPhone; iOS 5.1.1; Scale/2.00)" "-""0.304"
192.168.122.1 - - [24/Dec/2014:13:45:01 +0800] "GET / HTTP/1.1" 200 39 "-" "check_http/v2.0.3 (nagios-plugins 2.0.3)" "-""0.011"
122.189.173.122 - - [24/Dec/2014:13:45:03 +0800] "POST /login/qq HTTP/1.1" 200 27 "-" "yiqichang/2.3.4 (iPhone; iOS 5.1.1; Scale/2.00)" "-""0.013"
116.226.80.39 - - [24/Dec/2014:13:45:27 +0800] "GET /time HTTP/1.1" 200 23 "-" "Mozilla/5.0 (Linux; U; Android 4.3; en-us; MILE-MX6DQ Build/1.1.0-rc4) AppleWebKit/533.1 (KHTML, like Gecko) Version/4.0 Mobile Safari/533.1" "-""0.015"
116.231.74.198 - - [24/Dec/2014:13:45:31 +0800] "GET /time HTTP/1.1" 200 23 "-" "Mozilla/5.0 (Linux; U; Android 4.3; en-us; MILE-MX6DQ Build/1.1.0-rc4) AppleWebKit/533.1 (KHTML, like Gecko) Version/4.0 Mobile Safari/533.1" "-""0.014"
58.100.209.188 - - [24/Dec/2014:13:45:36 +0800] "GET /systeminfo?nonce=guangtou&signature=8bcfc8b76109dc55322460616f346daf442b85a5&timestamp=1419399901&versiontag=1415601767 HTTP/1.1" 200 79 "-" "WirelessSong-order/1020.2 (iPhone; iOS 7.1.2; Scale/2.00)" "-""0.017"
58.100.209.188 - - [24/Dec/2014:13:45:37 +0800] "GET /shops/list?shopfilter[appver]=3.0.4&shopfilter[city]=%E4%B8%8A%E6%B5%B7&shopfilter[distance]=50000&shopfilter[lat]=31.2103&shopfilter[lng]=121.4525&shopfilter[ordertype]=&shopfilter[page]=0&version=3 HTTP/1.1" 200 21457 "-" "WirelessSong-order/1020.2 (iPhone; iOS 7.1.2; Scale/2.00)" "-""0.102"
58.100.209.188 - - [24/Dec/2014:13:45:46 +0800] "GET /citys?order=1 HTTP/1.1" 200 2744 "-" "WirelessSong-order/1020.2 (iPhone; iOS 7.1.2; Scale/2.00)" "-""0.020"
58.100.209.188 - - [24/Dec/2014:13:45:48 +0800] "GET /shops/list?shopfilter[appver]=3.0.4&shopfilter[city]=%E5%AE%89%E5%BA%B7&shopfilter[distance]=50000&shopfilter[lat]=31.2103&shopfilter[lng]=121.4525&shopfilter[ordertype]=&shopfilter[page]=0&version=3 HTTP/1.1" 200 8053 "-" "WirelessSong-order/1020.2 (iPhone; iOS 7.1.2; Scale/2.00)" "-""0.049"
58.100.209.188 - - [24/Dec/2014:13:46:00 +0800] "GET /game/infolist HTTP/1.1" 200 598 "-" "WirelessSong-order/1020.2 (iPhone; iOS 7.1.2; Scale/2.00)" "-""0.017"
112.4.16.183 - 4471552022@qq.com [24/Dec/2014:13:46:45 +0800] "GET /shops/push HTTP/1.1" 200 22 "-" "yiqichang/2.3.4 (iPhone; iOS 5.1.1; Scale/2.00)" "-""0.080"
112.4.16.183 - 4471552022@qq.com [24/Dec/2014:13:46:45 +0800] "PUT /users/devicesToken HTTP/1.1" 200 33 "-" "yiqichang/2.3.4 (iPhone; iOS 5.1.1; Scale/2.00)" "-""0.097"
112.4.16.183 - 4471552022@qq.com [24/Dec/2014:13:46:45 +0800] "GET /users/153517?appver=2.3.4 HTTP/1.1" 200 756 "-" "yiqichang/2.3.4 (iPhone; iOS 5.1.1; Scale/2.00)" "-""0.080"
116.226.80.39 - - [24/Dec/2014:13:47:05 +0800] "GET /shops/products?pro=1&productfilter[hours]=1&productfilter[sid]=6167&productfilter[start]=201412241400&shopfilter[appver]=3.0.4&version=3 HTTP/1.1" 200 7080 "-" "WirelessSong-order/3.0.4 (iPhone; iOS 7.0.4; Scale/2.00)" "-""0.031"
116.226.80.39 - - [24/Dec/2014:13:47:23 +0800] "GET /shops/products?pro=1&productfilter[hours]=8&productfilter[sid]=6167&productfilter[start]=201412241430&shopfilter[appver]=3.0.4&version=3 HTTP/1.1" 200 9645 "-" "WirelessSong-order/3.0.4 (iPhone; iOS 7.0.4; Scale/2.00)" "-""0.114"
192.168.122.1 - - [24/Dec/2014:13:48:01 +0800] "GET / HTTP/1.1" 200 39 "-" "check_http/v2.0.3 (nagios-plugins 2.0.3)" "-""0.010"
211.140.5.97 - - [24/Dec/2014:13:49:42 +0800] "POST /login HTTP/1.1" 401 54 "-" "yiqichang/2.3.4 (iPhone; iOS 5.1.1; Scale/2.00)" "-""1.720"
211.140.5.97 - - [24/Dec/2014:13:49:48 +0800] "POST /login HTTP/1.1" 401 54 "-" "yiqichang/2.3.4 (iPhone; iOS 5.1.1; Scale/2.00)" "-""0.011"
211.140.5.97 - - [24/Dec/2014:13:50:05 +0800] "POST /login HTTP/1.1" 401 54 "-" "yiqichang/2.3.4 (iPhone; iOS 5.1.1; Scale/2.00)" "-""0.031"
211.140.5.97 - - [24/Dec/2014:13:50:09 +0800] "POST /login HTTP/1.1" 401 54 "-" "yiqichang/2.3.4 (iPhone; iOS 5.1.1; Scale/2.00)" "-""0.031"
116.226.80.39 - - [24/Dec/2014:13:50:28 +0800] "GET /time HTTP/1.1" 200 23 "-" "Mozilla/5.0 (Linux; U; Android 4.3; en-us; MILE-MX6DQ Build/1.1.0-rc4) AppleWebKit/533.1 (KHTML, like Gecko) Version/4.0 Mobile Safari/533.1" "-""0.016"
192.168.122.1 - - [24/Dec/2014:13:51:01 +0800] "GET / HTTP/1.1" 200 39 "-" "check_http/v2.0.3 (nagios-plugins 2.0.3)" "-""0.009"
211.140.5.97 - - [24/Dec/2014:13:51:15 +0800] "POST /login HTTP/1.1" 401 54 "-" "yiqichang/2.3.4 (iPhone; iOS 5.1.1; Scale/2.00)" "-""1.557"
211.140.5.97 - - [24/Dec/2014:13:51:39 +0800] "POST /login/qq HTTP/1.1" 200 27 "-" "yiqichang/2.3.4 (iPhone; iOS 5.1.1; Scale/2.00)" "-""0.072"
192.168.122.1 - - [24/Dec/2014:13:54:01 +0800] "GET / HTTP/1.1" 200 39 "-" "check_http/v2.0.3 (nagios-plugins 2.0.3)" "-""0.011"
116.226.80.39 - - [24/Dec/2014:13:55:34 +0800] "GET /time HTTP/1.1" 200 23 "-" "Mozilla/5.0 (Linux; U; Android 4.3; en-us; MILE-MX6DQ Build/1.1.0-rc4) AppleWebKit/533.1 (KHTML, like Gecko) Version/4.0 Mobile Safari/533.1" "-""0.014"
192.168.122.1 - - [24/Dec/2014:13:57:01 +0800] "GET / HTTP/1.1" 200 39 "-" "check_http/v2.0.3 (nagios-plugins 2.0.3)" "-""0.010"
192.168.122.1 - - [24/Dec/2014:14:00:01 +0800] "GET / HTTP/1.1" 200 39 "-" "check_http/v2.0.3 (nagios-plugins 2.0.3)" "-""0.013"
122.189.173.122 - - [24/Dec/2014:14:01:06 +0800] "POST /login/qq HTTP/1.1" 200 27 "-" "yiqichang/2.3.4 (iPhone; iOS 5.1.1; Scale/2.00)" "-""0.015"
116.226.80.39 - - [24/Dec/2014:14:01:34 +0800] "GET /time HTTP/1.1" 200 23 "-" "Mozilla/5.0 (Linux; U; Android 4.3; en-us; MILE-MX6DQ Build/1.1.0-rc4) AppleWebKit/533.1 (KHTML, like Gecko) Version/4.0 Mobile Safari/533.1" "-""0.013"
116.226.80.39 - - [24/Dec/2014:14:02:06 +0800] "GET /time HTTP/1.1" 200 23 "-" "Mozilla/5.0 (Linux; U; Android 4.3; en-us; MILE-MX6DQ Build/1.1.0-rc4) AppleWebKit/533.1 (KHTML, like Gecko) Version/4.0 Mobile Safari/533.1" "-""0.017"
192.168.122.1 - - [24/Dec/2014:14:03:01 +0800] "GET / HTTP/1.1" 200 39 "-" "check_http/v2.0.3 (nagios-plugins 2.0.3)" "-""0.014"
122.189.173.122 - - [24/Dec/2014:14:05:02 +0800] "POST /users/new HTTP/1.1" 200 1053 "-" "yiqichang/2.3.4 (iPhone; iOS 5.1.1; Scale/2.00)" "-""2.184"
122.189.173.122 - 1103427987@qq.com [24/Dec/2014:14:05:02 +0800] "GET /users/153738?appver=2.3.4 HTTP/1.1" 200 766 "-" "yiqichang/2.3.4 (iPhone; iOS 5.1.1; Scale/2.00)" "-""0.124"
122.189.173.122 - 1103427987@qq.com [24/Dec/2014:14:05:02 +0800] "POST /adv/limei HTTP/1.1" 200 33 "-" "yiqichang/2.3.4 (iPhone; iOS 5.1.1; Scale/2.00)" "-""0.086"
122.189.173.122 - 1103427987@qq.com [24/Dec/2014:14:05:04 +0800] "GET /systeminfo?nonce=guangtou&signature=fbb2ebf3a0705c3102dc638025c7870110b2a9af&timestamp=1419401059 HTTP/1.1" 200 25353 "-" "yiqichang/2.3.4 (iPhone; iOS 5.1.1; Scale/2.00)" "-""0.023"
122.189.173.122 - 1103427987@qq.com [24/Dec/2014:14:05:04 +0800] "GET /users/authInfo HTTP/1.1" 200 253 "-" "yiqichang/2.3.4 (iPhone; iOS 5.1.1; Scale/2.00)" "-""0.087"
122.189.173.122 - 1103427987@qq.com [24/Dec/2014:14:05:04 +0800] "GET /shops/listgroupsale?version=3&salefilter[lat]=32.09124&salefilter[lng]=112.117 HTTP/1.1" 200 30 "-" "yiqichang/2.3.4 (iPhone; iOS 5.1.1; Scale/2.00)" "-""0.084"
122.189.173.122 - 1103427987@qq.com [24/Dec/2014:14:05:05 +0800] "GET /users/friend HTTP/1.1" 200 25 "-" "yiqichang/2.3.4 (iPhone; iOS 5.1.1; Scale/2.00)" "-""0.160"
122.189.173.122 - 1103427987@qq.com [24/Dec/2014:14:05:05 +0800] "GET /activitys?activityfilter[lat]=32.09124&activityfilter[lng]=112.117&activityfilter[ordertype]=&activityfilter[timefilter]=all HTTP/1.1" 200 72 "-" "yiqichang/2.3.4 (iPhone; iOS 5.1.1; Scale/2.00)" "-""0.168"
122.189.173.122 - 1103427987@qq.com [24/Dec/2014:14:05:05 +0800] "GET /shops/delay?version=2&shopfilter[appver]=2.3.4&shopfilter[distance]=50000&shopfilter[keyword]=&shopfilter[lat]=32.09124&shopfilter[lng]=112.117&shopfilter[ordertype]=&shopfilter[uid]=153738 HTTP/1.1" 200 11296 "-" "yiqichang/2.3.4 (iPhone; iOS 5.1.1; Scale/2.00)" "-""0.186"
122.189.173.122 - 1103427987@qq.com [24/Dec/2014:14:05:05 +0800] "GET /notify?version=2.3.4 HTTP/1.1" 200 24 "-" "yiqichang/2.3.4 (iPhone; iOS 5.1.1; Scale/2.00)" "-""0.084"
122.189.173.122 - 1103427987@qq.com [24/Dec/2014:14:05:07 +0800] "GET /shops/push HTTP/1.1" 200 22 "-" "yiqichang/2.3.4 (iPhone; iOS 5.1.1; Scale/2.00)" "-""0.080"
116.226.80.39 - - [24/Dec/2014:14:05:09 +0800] "GET /time HTTP/1.1" 200 23 "-" "Mozilla/5.0 (Linux; U; Android 4.3; en-us; MILE-MX6DQ Build/1.1.0-rc4) AppleWebKit/533.1 (KHTML, like Gecko) Version/4.0 Mobile Safari/533.1" "-""0.015"
116.226.80.39 - - [24/Dec/2014:14:05:11 +0800] "GET /shops/list?shopfilter[appver]=3.0.2&shopfilter[city]=%E4%B8%8A%E6%B5%B7&shopfilter[distance]=50000&shopfilter[lat]=51.50998&shopfilter[lng]=-0.1337&shopfilter[ordertype]=distance&shopfilter[page]=0&version=3 HTTP/1.1" 200 20339 "-" "WirelessSong-order/3.0.2 (iPhone Simulator; iOS 8.1; Scale/2.00)" "-""0.112"
116.226.80.39 - - [24/Dec/2014:14:05:13 +0800] "GET /shops/products?pro=1&productfilter[hours]=1&productfilter[sid]=6470&productfilter[start]=201412241430&shopfilter[appver]=3.0.2&version=3 HTTP/1.1" 200 63 "-" "WirelessSong-order/3.0.2 (iPhone Simulator; iOS 8.1; Scale/2.00)" "-""0.015"
116.226.80.39 - - [24/Dec/2014:14:05:22 +0800] "GET /shops/products?pro=1&productfilter[hours]=1&productfilter[sid]=6413&productfilter[start]=201412241430&shopfilter[appver]=3.0.2&version=3 HTTP/1.1" 200 3606 "-" "WirelessSong-order/3.0.2 (iPhone Simulator; iOS 8.1; Scale/2.00)" "-""0.027"
122.189.173.122 - 1103427987@qq.com [24/Dec/2014:14:05:50 +0800] "GET /users/friend HTTP/1.1" 200 25 "-" "yiqichang/2.3.4 (iPhone; iOS 5.1.1; Scale/2.00)" "-""0.149"
122.189.173.122 - 1103427987@qq.com [24/Dec/2014:14:05:50 +0800] "GET /users/authInfo HTTP/1.1" 200 253 "-" "yiqichang/2.3.4 (iPhone; iOS 5.1.1; Scale/2.00)" "-""0.150"
122.189.173.122 - 1103427987@qq.com [24/Dec/2014:14:05:54 +0800] "GET /users/messages/noread HTTP/1.1" 200 42 "-" "yiqichang/2.3.4 (iPhone; iOS 5.1.1; Scale/2.00)" "-""0.081"
122.189.173.122 - 1103427987@qq.com [24/Dec/2014:14:05:56 +0800] "GET /shops/delay?version=2&shopfilter[appver]=2.3.4&shopfilter[distance]=50000&shopfilter[keyword]=&shopfilter[lat]=32.09134&shopfilter[lng]=112.117&shopfilter[ordertype]=&shopfilter[uid]=153738 HTTP/1.1" 200 11296 "-" "yiqichang/2.3.4 (iPhone; iOS 5.1.1; Scale/2.00)" "-""0.179"
122.189.173.122 - 1103427987@qq.com [24/Dec/2014:14:05:56 +0800] "GET /shops/listgroupsale?version=3&salefilter[lat]=32.09134&salefilter[lng]=112.117 HTTP/1.1" 200 30 "-" "yiqichang/2.3.4 (iPhone; iOS 5.1.1; Scale/2.00)" "-""0.184"
192.168.122.1 - - [24/Dec/2014:14:06:01 +0800] "GET / HTTP/1.1" 200 39 "-" "check_http/v2.0.3 (nagios-plugins 2.0.3)" "-""0.010"
122.189.173.122 - 1103427987@qq.com [24/Dec/2014:14:06:01 +0800] "GET /shops/delay?version=2&shopfilter[appver]=2.3.4&shopfilter[distance]=50000&shopfilter[keyword]=&shopfilter[lat]=32.09134&shopfilter[lng]=112.117&shopfilter[ordertype]=&shopfilter[uid]=153738 HTTP/1.1" 200 11296 "-" "yiqichang/2.3.4 (iPhone; iOS 5.1.1; Scale/2.00)" "-""0.128"
122.189.173.122 - 1103427987@qq.com [24/Dec/2014:14:06:04 +0800] "GET /shops?version=2&shopfilter[appver]=2.3.4&shopfilter[distance]=50000&shopfilter[lat]=32.08932&shopfilter[lng]=112.123 HTTP/1.1" 200 7381 "-" "yiqichang/2.3.4 (iPhone; iOS 5.1.1; Scale/2.00)" "-""0.127"
122.189.173.122 - 1103427987@qq.com [24/Dec/2014:14:06:08 +0800] "GET /shops?version=2&shopfilter[appver]=2.3.4&shopfilter[distance]=50000&shopfilter[lat]=32.08932&shopfilter[lng]=112.123 HTTP/1.1" 200 7381 "-" "yiqichang/2.3.4 (iPhone; iOS 5.1.1; Scale/2.00)" "-""0.123"
122.189.173.122 - 1103427987@qq.com [24/Dec/2014:14:06:23 +0800] "GET /systeminfo?nonce=guangtou&signature=446bad492e5dfc311f14048a5c71f690204e0c90&timestamp=1419401137&versiontag=1415601767 HTTP/1.1" 200 79 "-" "yiqichang/2.3.4 (iPhone; iOS 5.1.1; Scale/2.00)" "-""0.017"
122.189.173.122 - 1103427987@qq.com [24/Dec/2014:14:06:25 +0800] "GET /shops/delay?version=2&shopfilter[appver]=2.3.4&shopfilter[distance]=50000&shopfilter[hash]=wmx&shopfilter[keyword]=&shopfilter[lat]=32.09134&shopfilter[lng]=112.117&shopfilter[offset]=12&shopfilter[ordertype]=&shopfilter[uid]=153738 HTTP/1.1" 200 68 "-" "yiqichang/2.3.4 (iPhone; iOS 5.1.1; Scale/2.00)" "-""0.081"
122.189.173.122 - 1103427987@qq.com [24/Dec/2014:14:06:29 +0800] "GET /shops/delay?version=2&shopfilter[appver]=2.3.4&shopfilter[distance]=50000&shopfilter[keyword]=&shopfilter[lat]=32.09125&shopfilter[lng]=112.1169&shopfilter[ordertype]=&shopfilter[uid]=153738 HTTP/1.1" 200 11296 "-" "yiqichang/2.3.4 (iPhone; iOS 5.1.1; Scale/2.00)" "-""0.134"
122.189.173.122 - 1103427987@qq.com [24/Dec/2014:14:06:29 +0800] "GET /shops/listgroupsale?version=3&salefilter[lat]=32.09125&salefilter[lng]=112.1169 HTTP/1.1" 200 30 "-" "yiqichang/2.3.4 (iPhone; iOS 5.1.1; Scale/2.00)" "-""0.080"
122.189.173.122 - 1103427987@qq.com [24/Dec/2014:14:06:32 +0800] "GET /shops/products?version=2&productfilter[hours]=1&productfilter[sid]=1276&productfilter[start]=201412241430 HTTP/1.1" 200 46 "-" "yiqichang/2.3.4 (iPhone; iOS 5.1.1; Scale/2.00)" "-""0.015"
122.189.173.122 - 1103427987@qq.com [24/Dec/2014:14:06:44 +0800] "GET /users/messages/noread HTTP/1.1" 200 42 "-" "yiqichang/2.3.4 (iPhone; iOS 5.1.1; Scale/2.00)" "-""0.078"
171.106.114.54 - 117991273@qq.com [24/Dec/2014:14:06:59 +0800] "PUT /users/devicesToken HTTP/1.1" 500 64923 "-" "yiqichang/2.3.4 (iPhone; iOS 8.1.1; Scale/2.00)" "-""0.164"
171.106.114.54 - 117991273@qq.com [24/Dec/2014:14:07:01 +0800] "PUT /users/devicesToken HTTP/1.1" 500 63407 "-" "yiqichang/2.3.4 (iPhone; iOS 8.1.1; Scale/2.00)" "-""0.128"
171.106.114.54 - 117991273@qq.com [24/Dec/2014:14:07:01 +0800] "GET /users/144297?appver=2.3.4 HTTP/1.1" 403 93 "-" "yiqichang/2.3.4 (iPhone; iOS 8.1.1; Scale/2.00)" "-""0.012"
116.226.80.39 - - [24/Dec/2014:14:07:53 +0800] "GET /shops/list?shopfilter[distance]=50000&shopfilter[page]=0&shopfilter[ordertype]=totalscore&shopfilter[city]=%E4%B8%8A%E6%B5%B7&shopfilter[lng]=121.432094&shopfilter[lat]=31.194248&version=3 HTTP/1.1" 200 21238 "-" "Dalvik/1.6.0 (Linux; U; Android 4.1.1; MI 2SC MIUI/JLB49.0)" "-""0.120"
116.226.80.39 - - [24/Dec/2014:14:07:53 +0800] "GET /shops/list?shopfilter[distance]=50000&shopfilter[page]=0&shopfilter[ordertype]=distance&shopfilter[city]=%E4%B8%8A%E6%B5%B7&shopfilter[lng]=121.432094&shopfilter[lat]=31.194248&version=3 HTTP/1.1" 200 26263 "-" "Dalvik/1.6.0 (Linux; U; Android 4.1.1; MI 2SC MIUI/JLB49.0)" "-""0.121"
